[Preview]
Size=0,0,114,57

[PreviewPack]
1=PQsAIARrWkJrWjlraAABQmtaQoEBOYABIFosAA9CQjkxSkIxWko5WlJCSkpCSkKoEiAKnw
2=IpKSlMGQVzWkJzWkI5MWwBWAEwXAMFc1pCjGtKe2M37AMChGtChGuoITeMAJgKIARsArwR
3=IAm8ADPMApACoCKgEygsADx/AUI5MVwduhlaSmwHBVJKOUpCOVJKcBcnLABDAUJCOUgAQA
4=FIAEABSAAJWlI5UkI5KSkpQkI5rCIGSkIxKSkpOTExMz8CjGtKoA2QHWwNmARsKKwQjC58
5=DipcAFQGWDFUGJACKFwDmAFsB4ABKFwARAVeCHtjcDhAB0wBuA28CJgBqAwx7ACICdwCXA
6=hIAI0HOUABQAdUAEAEVABMAS98ASpMAW1VUo8iY1JCgSIpSCpEJj8IAFgESAABWlI5MXxT
7=2EyYXrglzBNYEIATeAGkEUgSUAJME0gASANcKbwdRCBcAogAcAVcAkgwUAVIAIQFKNwEJ4
8=wAgAEuXABcOydAASogAFQPQAqIBnwLgAEu7ABcESdcAL0IEIAAvAiJARCsAS0UAFAUKu0A
9=Qoh+ug1KQiiMCUQmP2AFXIZTUzExMaxVaCpYiHAIeBZUGEAlWA1cI6EBa5CATA2oAy1gAk
10=gnSAAtUAMnOAAqzAIwLABAB0gAKlwALXABJzgAXBFMClAFSAC8BUABUAJUALwUSBVMAUwE
11=iQBCpCkgCRQATAoBY1I5OZyqRh1jWlZ5MVKSLGNScH08VAVYLkgATFWcqsxVXImQEcxAM/
12=QEWBYnjAAssANwXEQaSABcL0gSmARgNIABzApMAUAESABcF6wBTCJADSy8ANh/J3wBIAki
13=AIRrKCQFXAuIAChEADx4BZAFfBS406gSnlY5e+AAJ1cFe3t7SAO4AicgAFACTFVEMSdcFZ
14=AsLrwbvGhcC6wflCF8DqwitCcqyANcIyc4AEgGJ5wCvAVYB1ACTARACogDdDknvACEAnAL
15=VANMBCdcAKMB/wAAqAC4AbQARAWUBmrtc1ogB/QEPGwFJywVUAt8U59Wa1pCLegEvA60Ki
16=oUALwCKl4VOTkoDBGdIEIndAOQBWgenAJ8v0gkVCq0GzkUAIAHMewJWCuoAyfgBrgBXAsn
17=0AEqWAGoKicUAEgeJ7wAgAHMEzzEBDx0ACccAYypZz5rWjlcd0wrRlBaSijECrgoJ7wAuA
18=GuBFpSSAZI3HL+hGtWVDFaMmwmSBtIGPAgcBe4AVQAmAoxxARIBi0IAKAlQDFIAEgJuAGQ
19=iXgHJygBQAotgAAtHwH/AABMBIgALmwRKlwVJy8AjGtKOSQFvwgQEBCAAWgbTFInjCqUEg
20=FCUkI5XClMPSeMAEwoVC0DSkIpWkoxrAGIAys8AjlcFbAFrEmMAdwOJ6QDkAJ4IqQCJyMJ
21=/wAApAIqFABQKSpsAlgKmBZsCkQpiAlsAVwCKtQAKiwAJ7wAKhwBKiwAsAVUCUgAWA1UAJ
22=gKfB3oJ3SEkAJsDSrsACotAFp0+CTqLkJSI7wqAlpSOWNSaAZYKEhXSCoCQkIhSkLMBKwH
23=WA1IAFwydAckDSBjTFUjKDGc3SrcAVgTqEtAASoMCCeMAyocBKArtBstFAAnvACsEIgMfB
24=2AAWAW/AJob6wHUBQqxAFMW0wQL7wAKuwAIBYsAJjTbgc5MSJoKogMrxNCMTFMeWgAkAJs
25=BFwmA1pKMQDOAKgAJ1wAXCCpfjki1S8pUBdVFXuAKyeMAOwc3Ai4HCoUAEgG7AQoHAQqgA
26=BYKEwESABcC5gKvBRgCkgD8AJ4AfwIzAFQCEAE6AZwAkAWLFAAIrwh4AQgHCwATNA2HAFZ
27=/VIiSDUtrBkovDC3KgDOALhYRBRcPpGDMSPMO2QXWB+oADbcOlwgsFa4ByngAygQEKgDJx
28=QAgBZwC1wmKoweKuwAKowAuASgDSpcAEQCmAEnXAbMCpACNC4ASkIiLj85MXQAsCNEHaAB
29=R3Q5OTHo82wKQChcBUDTQhBrWiJkNFJWUkJw8qwZ4BDMDQZjUjkpMQgpMQigKwMxMRhaSj
30=GoPye9AFKgECIAIHD+UA5M2DbcOkwHKkwERHRYASe0BScgALALWDS8FJgfcy8QEBC8BYQC
31=KNwH+AFsHCASLwBzY0pKAGNSWAcBSkpCOUgkLUwEXBSoEi18BCfsD1x6WC5YK1jTIwwgzB
32=O0BlBQJywDJ1wVqCoDAM4AKTEIjKzMdkAciBhREUIjSEBAiHA7JEhBgCIrfA1MEynIANwO
33=LZwC+AHMKKnwaywwKZAOfT5CIig3aEKAGSusASeMAJgQzA0yLAABSmtjUlwCVCpIAANrWk
34=pjWko2yCecnm4uOTkiRDmIDGwfQAFYFkgAXAhMAYgAfAJcHSdUBUABJ+wDJzwFSyo5OSEn
35=vACsBJwvYBZQOyLFSilsrCqsCkhmI6BGvB3MMZAIbCItDwJrWjmsKCADFACsB1xKQitjWm
36=zlrAG8AogMfBqAATSsAYkDQm4oY1JcKUgATAcCc2NKhGNkbrRmtACwHVwLWByYGWgeUAWI
37=AGw6XCAnpAC4UjA8BawEJ+wPJ/gPvKoqvABIqyfOIDExIvpLe2N0K06CUkoiUCFwYiJxMT
38=lMH0wQpAu8DiAMDAUtnAWAIm0lQnCPKIwDhJt8AkwNJ4wArAGsIi0tAHPYMQExWlJCKjwF
39=RCyoAEwuJ4wA/ClsQ5hSMTwFXC82CABcETDsD0xVUKpbf2NSOSrgAEArKe0POas2e2NCVF
40=SAGXwpTB+QLCLoJVwaKmwFLbgEIAM4AFxoRAhQFEgPUEdIAEw3VACEDnXnMSJ4I2CRTM2w
41=AvQD3C+In8wiTCVIJCfYAkSAYYJjm6xaUmuAASN4RMwHNnAQSBKoALAjUBSEFHyYVEhIDE
42=gAQEkq7A8nLwApMQi4IifsAEAWdFMj7FqJJ0InBA1MK1wpJ/8IY1JKgA3MSbQMoKYnXAAg
43=A1QFJkAu3AgnfAFAEyccATAsAIk8MS1cACcMAlwCTCKZAUK8VqxVcCwioGHMDVwLTASoMK
44=QgtAAnDAUnHAFYBFAF6ABskScMBTAgAJgEbAS0CVQwSCdcfUypI/hLIsRbvxdSQjFcFKgA
45=4B8obAInHAGAASAHXAAtPAUnrAoknCO4EEzxQD2oVFg9nFZ0EqQCtAA8PAJ8+DGcKXCtJ9
46=QDWCisK0ABiBhsIpwRIhw6TCuQAtwaMBgFMEQAJ7wAJ4gBSCdcCAJjWkpaUiJYIoQXYH9A
47=AVxrI3QwIrQwNqwlTAcnTAEgHiwAIyQgzBlUDyIYTSJQY6zl3AInrAEkUCSkMiTwKX0FUi
48=JwSYwEKPwUuAFME+RQIoxLkAIoTAEGUkoxQkIhQkIhJxgaAVpKMVImDDUnUAAwPAUnRgBa
49=Sii8MC1sBUATdH6QyEhpRRFrIzxrNqwlLWwCmAHcPiAMLABAwSkYBSKEaIQRKKBYVOqACi
50=gcBJgBIkAogAF8AiT8MkgnSAAn/BSsRieMAIQaKIwVJ6sUQkIhJ3wEIBIgACRTMCkxCKwr
51=QBCsYSd4BYFhMVxxgG14OkATRFaYAXwdI5Q3fEe8RLwUrIisASPsPMygKowAiBtsLkQmWH
52=yACtjiJFxIUHczCABcBbwCTGeQCGworA28F1QAXAJUAKgVJywDoAEpmA8xPAUgEgwFNsgA
53=JDowY1IiHHCoD7QAKQECQkAfSACsH1QVWBZRnlIoyBJ8RJQDbBxEBegeoAffF0I5KSqMAL
54=h2gCIj0G10CShACqgnORQArBC4ByowCFgWuAFAAawEWBknLABULUhFrHwqXA82cQQAI7g0
55=RAUgFQALgBBsIioMAkwWJEwrhSlCUFZEJoQjfFOIBnxNgAFsB1wFIAgsABEAANoLACAHOW
56=taQmtaQmtaOYgAAkJKQjlCMgkAeywAACeOAFpSoQc5kAgGQoxrSoRrQntjaAAIa1o5SkIp
57=Wkoxa1pYCgEpMTEYrAFcAglSSjFCQiFCQiEAzgAgAwgArBNfCFpKMU8KUkoxtAa8AjAsAK
58=QCKhQAiA+pFUJKFXNaaBVUFScIAEwWXwtCOTFKAFJKkiA5MWABBTkpOTkxMTEpRCMCSkI5
59=OTlFFzkzjABSBUpCWRMxXwU5OTGvEzkxKVwdJ7gEJxQFJ0QAA0JCOXt7eyo4AEANugFSSq
60=AWbStzjDSkGgNCQiEpMQisASAJFAAAAzk5IUpCKQDOAEpCKWtaSmNaSmtaQidcA0wigBZs
61=DTAsAEsbUko5NqwB/wVChGvUKlQVLYQFRAJcC1QASABcBbQDrC5cAogAfDKAATQMAogDK4
62=wAJ6AErCgzbAWkKagDrAEnHAE2OAMgBlwAvClTKXNjSicIAANKQjm9tXuoAFJBQjlwQVwd
63=TEBMKFwUTEwDUkIxUkpCSABUSEgAQAEwbAVYCiecAoQmLkwEvlZ7Y8AuuAG0AEBwJ+wAgA
64=Eu7AC8EYgD3ClME5BNfIC0JEgVJ1gKKvQEvAIqRAAnHgFjUnx9J2wOKpwOIAZIBbgEeBMD
65=Y1JaUkJr4CtbVXNjSrQqtgBSStwsRxdKQjEnUABpQjlNcDlcAjBUBfwLfBSAgnwdrJGgiw
66=MpMQgpMQhIA0RTMGwFUAJQHZgcfAtMAYgAzCgqLgBSSkgMaAAnMAVgE4R9J1QFSQNavIz8
67=rSpVBVop7A9gIvyzrAGMEGx5pBotFAAtcBAqLQlC/FMtPAWgKDkWAEJCoJpsSbiILdMBAM
68=4AVycxMRhUAEworJSsAbQAJ/0Xc5jBUCxAW0gqVABIACeADLgiQChAAUgASCQnLACsKFAC
69=NggAUAW8JickBUABvDInaACAKHw+vAKYAbisfDhYQEgAP2AaSipjUqgh3FA56AQ/aACwxT
70=A8BSASRABAEypcA5xEKxwKNugEKlwATCVMLkgAoC6ACtAdWARQApD+LgwFUDhIALwpQAGk
71=OyfsAEzNLVgKM3UDUvxTP9AEPIAATK8CWkpCSkJ4FjOgATlQAC2cArRXWFUqLANQI0ghqA
72=BMTCcIAKQCMxQAmAesTCi8CZACcBS8VpgBbARYKDP8EaS8TCtABFAFXCxUaaiuM9wKnUFC
73=qCE5xwSlpXuoADmMAKgDAkpCMWNSNyQgKlQFvCYqRACsASfcHIwTbB+sGVgZUONUSyr0BC
74=q0FCfoGSqAACrsADAsAFvrQjkpvAJEC1AXTAFQJqwNsClY5SeoBScgAFACrARIEkArSACg
75=mqgYtgBCOdzOpCMwFACoKicUADCAAKQCbVVSTFVY1itIF6AoLTQKuKwnbB1ErawBsClIG0
76=gATByQF8wrLQwFKvQErAEn9AonpABYW1QSmiU5UlxomNmJtEIiACxl7DFCDXtjWBZYiwEx
77=OTExJ5wFiQ9CVAOAAcwQqy2Ma0qJVzlUA0sAa1pCpCknFABWLUpCVQkppCM5FABUKjl0AK
78=oDQjkgB6wKiBW8bjFsDiRYK0hCsBdQqrwmJ0AKJ9wEJ1wAJyAArCu4AVwplHUi7CdYx0wB
79=XgJSSmwlTAEnnAUnVAVEVkgMQCXUAwJCOVJCOUCFTAeAFmwrJ2AFoAFQFIgDK2AFVFcDUk
80=I5KSkpP8QKvCY5FABWMzExIgQ0NgwgqDmsUrwUXBdcJlQAQBNUAK4Bc1oisDBMAUgAXAJI
81=KlAdWLUnJAUnIABIJKgAKiQFKiwAUJuIAGE3EIAALfwLXAuIAMxVQA1MVaQRhAUEQmNSQl
82=JKOVQAQN9YK1ACVANIAEwTVACsB0RTuKygHCcUAEAiRGKsCjncBDZoAEAlQG0DQjkxKSkp
83=OVwVJwwCQAFIEkATpJW0AKg/tABIA5x0JIEqQqgnKhQATBxQSqAotAAqdAAoLgA5MYwpOh
84=AAQCVcEYgAYChQU7gofT5SKD4FY1JkLFwOjCt4NIAHKPwgLbslMTEYVJlIQlSQKkwBNgwF
85=Kl8AY1pCgA0CQlpSSjmYf0QsLXwBJAg8cBQjTD28F0x8J+wMWBNQLLwCtCqoA3Q8I6wuiA
86=xkLKABLVwDRBe8AigwBZQGWC6sCjlMBSdcDKUFa3goYA0qDAUqLABADa4ua1IoPAWsVbjH
87=J6AKoAFIGydMASrsACoMBSosAEgJVB5IAGtsUkJafBF0ObQJLRcAKTEImBZ8kkEHWiI8OC
88=I4RUwBUFxECEB8YRBaRDNdAinwLHwFLQwFTFiMDWgDKkwBJywASBInPwVaSjk5SAWIBmys
89=gAGgCmgYJ7wPKiAAWCi4AVwLTKYwXBszEBC8IC3sAEgeImg/I3A6YAECSkK9tXtUUbwgbN
90=MjBEZeUGNSK7gWtAknFACsYVwmLW0La4ioTCgnLEVMFugAIsxNKrwDXilSQkwuagBSUnQh
91=TcpKccIhIwhIMbwAOUgFqAMqfAFMEKxkfBRIUUlFSmjVqHhcrVySTAQkACBQFFgfKvwCJ+
92=wAJ9QDKiAATAp8FyPMUE/ZSkIprFswLAAnjDk/LxVSSjFAMSgIAEAW7FtIflwRQBYnCABW
93=D0pKIiEkWiKdJjlYGSfsA0i3VFpUMLAFrAd+BUIxvCwnNB+IBiKMIbQnMBQATAe8I5wdJW
94=BHWAqAByjcCpkBQlwOQDe8SrQPt2w5MSlIBidcGFAFWJE8sB4qqAUgEiwASAygFoEQOVA7
95=KFUFSiLqMYRjWG0ivFFITlgWXGJUAEQXnHdgx0Ao0G4inSkxZAicLEAHaQZCZC9AAUAHRA
96=uRBTknjANDAXNaQjAwBSpEAKArtACkI1w7+BYxPBqZGUpMPVAUsBFYE08WSkIxuAdQDlMd
97=WkoxvFAgEtAEIAPIAFRIWN9UHlNlY1pKVDxIAAJjUkKEY3QqSSFaQutaSkQUQnkxMSh8Rk
98=wTIzRPqAMioC5QCFwmTChQgFwFVEckzEHwIFjlZFNUdVgEVBtIAKgDKhgFhAJ/UBAQEFB3
99=vCkDjGtK/wAAqABUVyeMAIwoNG4FY1JBeClCVXNaYAFDK1JCOSr8HaB8VHsw4B4n3AQwWD
100=QnaAAtIAAkvDmw/pgTZh0pKSJYXlQYvA5wKYxVJyAAVBJIISe8AEABUC9IAEwrImRSIjlO
101=QkyCJywATDRMBIgAfAtAAVAFSABcBYwxfCZaSVJKKKwKKRAKrPclSCywKScUALwspDJACk
102=gArCtAAUgArAFYDUANVDxYEFACQz1CQjkjlEZ8DiqMAFgEQCtY0DkgGy0ABTM4AC2sH2XJ
103=KUw6UXcxWHZVDEolRC3sVZgrvBS8EVwUUBpAaiwcBNyehAUt/AjcI1hMVAa0APgEbC4nrA
104=qwAlwLSABIPKAotwD/AACgAS0UACcMAlxBqANME70UYyYYI2b1WlJYZyQcN7gESAwnXBsp
105=vAArID8wAAUz3BBA/YQXbBlYCqwBgFXAH0CCTlJjWmiTRpJaSthGnA7MBFgWqAAnfARICS
106=dEAPACoAfMQykwBSLYblwFSACUDyhYJbgBUCknfAS4Hy0UAFgotAlAAYgGbBmgASfgACdo
107=ACodEFIipE58EUgPpAgtZAFZ6Fom1G8wPAUnRwA5OSG5DVIi2HEo/AhMNFwOXCBNKFKRVU
108=JNjmNCoTFaJBBeIsBuuCLMFqQRqAasClwsM2wCKqgCVAaQBWwZSB5QDpgBzAonLAAprArQ
109=DlAFvAgziAGAB2wKTBAqLABYE0QOSABAASdcAFyAnClob0BGJ1wAJ4gBoA0nbAIqeCAtXB
110=UkfElEX7wOoA1UAFwpsAhESid+ATExIkgvV+QxMSmQ+yv8CFQGUBQqdANYAVwIWBBAAbwC
111=LdATUAtIA0AHiAxsKFwFvA6EAih8B/gBdKtMAUgGSABMFpQA3CaoDLgHVAC8DlAF6AB8Cz
112=ssACc8BWBwULmMK2hmVAkqCABMFiccATAIG6x/J7APuBAq+ABMAbACTFWQKSK8RVzRJ60Z
113=ayzAI1wFqABcDqgAvCYnDAInVAWgAQqMa0qMa0qMa0pzWkJzEQAAJgQmDARaQoxrSoxrKA
114=gABntjQmtaQmtaOYgArAEBQntjQq4EhGuoA7wCATlrWkJEAid0AKwEgAdoA14Ic1rAB1gK
115=rAFAAVwCKowABmNaUlJCOUJCOVQABlJCOSkpKUI5MUwELVgBLHABfAsDQkIhAM4AqAADKT
116=EISkIpmApsE7AFMBQAgARsB1QMBUpCOVpSQkpCeQEQLAMAc1pCtBWkCKwWrwGMa0oqdwD/
117=AAAnXAAwIAAnCANUJIgPbBOAAXAOVCcnyACIDCjMBSfgAFwCJywA4AdsByfgAC0gACqPAG
118=taQlgcAkI5MUpCaQA5lCpEEaAKJyAApAhADUwuA2NSOVpKMSdgBUoqY1J4DVgKVB6gB0Qg
119=JyAArAekAog3ASk5MTGBDTksRAXUAVwIiAB0QkAQrAFEC0gArAEnQAEnIABYBEwTSAAnjA
120=BcFEAQvAKUBijcBCpIBaQIQAdcBfgEeFVAB5gBKywAKowAoAcqFAAnyACAB2AiSFRfEWNS
121=QrgrVAxYAUgAQAEnjABECCnhAEKgVbQAjARgEKAZuAFMEFgHUAisTyfsAFA4RjhaSjSsCs
122=YrEBCQCGwTXAhMAbwIjAF0LVARqABEDqABTASIACdMCtwRkAIoHAGYAWgDtAYtFABUDIAE
123=LrwAnQ45VANIAKwBSjOEa8QRSBtEHUgALO0AQkiBV3JKQjFIHkErUoxzAmtaOVJKaAD8CC
124=6uAVJKWFso7A9QC5gK3Bon7ABAAVELWpxZ3IwCQjlKQjEnAAU2IAAq3AGoGKwoVAAqrAFY
125=GUQCrGGAENwUsAJcAvAC3AJAIi0wBbgBKkwB6AbMGUgGVAMnQAFEDkwTVAAnRAAvvADMDb
126=hVAXNaQkJoKtxlVCFUrqgAmCJwLFICUkqgBMwHSAxQOEgAUAtVgXuAALQGtQBaKb8AMTEp
127=bFV8qmy4NksFc1pCqANQC1gKiABsHLQMkAKgzcwQLVwAWAG0HlQhJ+wAoAFEArQhKiAAqA
128=OYCqgbbA2QAtwLRC8zvAC8AoQFKzwCRAJIpUQdQCtAAU5VSkJ8HVwCiABodZwkcABIKlgu
129=ZAGMAC08C7tSe3t7J4wAVCqU0swTWmExMU2yOU4Na1o0XBWwKScUAKwQObwDgATcC4wBYH
130=wn3ASkApQAzARALpgBeOKAAdwCOCwAZAVUBlg0M4wASAMzXwBrWkJUflQDbFVg1ii8Bqgk
131=tCS0AJgpK9wEJ4wATCgtCACYDSvcB1CMSDMqDCAnjQAQ2KknlAo/vAMonAKQCNwFWB+sGU
132=ABKlwAIFAtAEIn+BhfHVJKQqx2SFdEIEgAJ6wEJ0gFJ0QAMyAAuARULbyGmBlsKypcFZAC
133=3CAgty4AY1IiiyU5MSlZVUqA9LyAuCtQWSpsBTMkBS1QAEgqSAZIAIArKMwRLVwVIE48BR
134=EAAA==

[Basic]
Name=TSR Craters (2-4)
Percent=0
HomeCell=98
InitTime=10000
Official=yes
EndOfGame=no
FreeRadar=no
MaxPlayer=4
MinPlayer=2
SkipScore=no
TrainCrate=no
TruckCrate=no
AltHomeCell=99
OneTimeOnly=no
CarryOverCap=0
NewINIFormat=4
NextScenario=
SkipMapSelect=no
CarryOverMoney=0.000000
AltNextScenario=
MultiplayerOnly=1
IceGrowthEnabled=yes
VeinGrowthEnabled=yes
TiberiumGrowthEnabled=yes
IgnoreGlobalAITriggers=no
TiberiumDeathToVisceroid=no

[CellTags]

[Infantry]
0=Neutral,CIV1,256,33,87,1,Guard,64,None,0,-1,0,1,0
1=Neutral,CIV2,256,30,80,1,Guard,64,None,0,-1,0,1,0
2=Neutral,CIV3,256,34,80,0,Guard,64,None,0,-1,0,1,0
3=Neutral,CIV3,256,37,85,1,Guard,64,None,0,-1,0,1,0
4=Neutral,CIV1,256,34,83,1,Guard,64,None,0,-1,0,1,0
5=Neutral,CIV2,256,37,79,1,Guard,64,None,0,-1,0,1,0
6=Neutral,CIV1,256,38,38,1,Guard,64,None,0,-1,0,1,0
7=Neutral,CIV2,256,39,34,0,Guard,64,None,0,-1,0,1,0
8=Neutral,CIV3,256,43,34,1,Guard,64,None,0,-1,0,1,0
9=Neutral,CIV2,256,44,30,1,Guard,64,None,0,-1,0,1,0
10=Neutral,CIV1,256,42,39,1,Guard,64,None,0,-1,0,1,0
11=Neutral,CIV1,256,80,91,0,Guard,64,None,0,-1,0,1,0
12=Neutral,CIV2,256,83,88,0,Guard,64,None,0,-1,0,1,0
13=Neutral,CIV3,256,85,87,1,Guard,64,None,0,-1,0,1,0
14=Neutral,CIV1,256,84,43,1,Guard,64,None,0,-1,0,1,0
15=Neutral,CIV2,256,86,84,2,Guard,64,None,0,-1,0,1,0
16=Neutral,CIV1,256,89,81,0,Guard,64,None,0,-1,0,1,0
17=Neutral,CIV2,256,86,39,1,Guard,64,None,0,-1,0,1,0
18=Neutral,CIV3,256,88,44,1,Guard,64,None,0,-1,0,1,0
19=Neutral,CIV2,256,90,40,1,Guard,64,None,0,-1,0,1,0
20=Neutral,CIV1,256,88,38,1,Guard,64,None,0,-1,0,1,0
21=Neutral,CIV3,256,93,39,0,Guard,64,None,0,-1,0,1,0

[IsoMapPack5]
1=qA0AIA48AAEA//8AAAAAADsAAgD//0MBAAA8KCkAPSgrADoAA+EEOygpADwoKQA9KCkAPi
2=grADkABPkGOigpADsoKQA8KCkAPSgpAD4oKQA/KCsAOAAF8Qk5KCkAOigpADsoKQA8KCkA
3=PSgpAD4oKQA/KCkAQCgrADcABukMOCgpADkoKQA6KCkAOygpADwoKQA9KCkAPigpAD8oKQ
4=BAKCkAQSgrADYAB+EPNygpADgoKQA5KCkAOigpADsoKQA8KCkAPSgpAD4oKQA/KCkAQCgp
5=AEEoKQBCKCsANQAI+RE2KCkANygpADgoKQA5SgEhAo1HOkkBG6kBO0gBJ0QJJzEBPShVAD
6=4oKQA/KCkAQCgpAEEoKQBCKCkAQygrADQACfEUNSgpADYoKQA3KCkAOEgB0RQ5SQEXsRQ6
7=SQEeqQE7SAEnvAInXQE9KFUAPigpAD9IAdEJQEgBxR5BSAHFCEIoKQBDKCkARCgrADMACu
8=kXNCgpADUoKQA2KCkANygpADhJASC9FTlJARqpATpIAcEPOygpADwoKQA9KCkAPigpAD9I
9=AdEJQEgBySJBSQEZvQpCKCkAQ0gB2RxESAHVDUUoKwAyAAvhGjNIAdUjNEgB2QY1SAHZBj
10=YoKQA3KCkAOEgB2RE5SAEnbAMnXQE7VALFCDwoKQA9KCkAPigpAD9IAdEJQEgBJ24DCwDJ
11=AUJVAhy5HENIAdUCREgB3RVFSAHVDUYoKwAxAAz5HDIoKQAzSQEksQk0SAHRCTVIAdEJNk
12=gB0Qk3KCkAOEgB2QY5SAHZBjpIAdkGO0gB2QY8KCkAPSgpAD5IAcktP0gBxQhAKCkAQUgB
13=xSlCSAHRCUNIAcEPREgBxWBFSAHBBEYoKQBHKCsAMAAN8R8xKCkAMigpADMoKQA0SAHBMD
14=VIAc0QNkgByQw3KCkAOCgpADlIAcUTOkgB2QY7SAHZBjwoKQA9KCkAPkgB2QY/SAEnHQQN
15=+T1BVALZHEJIAdEJQygpAEQoKQBFKCkARigpAEcoKQBIKCsALwAO6SIwKCkAMSgpADIoKQ
16=AzKCkANEgBJ3UEDvEUNlQCyW83SAHRQDhIAd0VOSgpADpIAcUIO0gB2QY8KCkAPUgBxQg+
17=SAHFCD9IAdkGQEgB3StBSAHBBEIoKQBDKCkARCgpAEVIAclORkgByQxHSAHFCEgoKQBJKC
18=sALgAP4SUvKCkAMCgpADEoKQAyKCkAMygpADRIAckXNUgBzTw2KCkAN0gBzTw4SAHZETlI
19=Ad0VOkgB2QY7KCkAPCgpAD0oKQA+SAHRKj9IAdkGQCgpAEFIAcEEQkgB3SBDSAHBD0QoKQ
20=BFSAHZU0ZIAdUuR0gBzQVIKCkASSgpAEooKwAtABD5Jy4oKQAvKCkAMCgpADEoKQAyKCkA
21=MygpADRJASC5lTVIAc0bNkgBxRM3SAHFEzgoKQA5SAHZBjpIAdkGOygpADwoKQA9KCkAPi
22=gpAD8oKQBAKCkAQSgpAEJIAc0QQ0gBzRBEKCkARSgpAEZIAdkRR0gBwTBISAHZBkkoKQBK
23=KCkASygrACwAEfEqLSgpAC5IAcFGL0gBzTwwSAHJDDFIAckMMigpADNIAdkGNEgB1SM1KC
24=kANigpADdIAd0KOCgpADlIAdkGOigpADsoKQA8KCkAPSgpAD4oKQA/KCkAQCgpAEEoKQBC
25=SAHJZENIAdUYREgByRdFSAHFE0ZIAdkRR0gB2TJISAHZBkkoKQBKKCkASygpAEwoKwArAB
26=LpLSwoKQAtKCkALkgByWQvSAHJ8zBIAc0QMUgBxRMyKCkAM0gBwQQ0SAHZBjUoKQA2KCkA
27=N0gBzQU4KCkAOSgpADooKQA7KCkAPCgpAD0oKQA+KCkAPygpAEAoKQBBSAHNJkJIAc0mQy
28=gpAERIAcUeRUgByRdGSAHRFEdIAcUISEgBxQhJKCkASigpAEsoKQBMKCkATSgrACoAE+Ew
29=KygpACwoKQAtKCkALigpAC8oKQAwSAHdFTFIAd0VMkgB3RUzSAHdFTRIAd0VNSgpADYoKQ
30=A3SAHRCThIAcUIOSgpADooKQA7KCkAPCgpAD0oKQA+KCkAPygpAEAoKQBBSAHFE0JIAcUT
31=QygpAEQoKQBFKCkARkgB0RRHSAHBZ0hIAcUISSgpAEooKQBLKCkATCgpAE0oKQBOKCsAKQ
32=AU+TIqKCkAKygpACwoKQAtKCkALigpAC8oKQAwKCkAMSgpADJIAd2kM0gByS00SAHdmTVI
33=AcEaNigpADcoKQA4SAHFCDlIAcU/OkgB0Qk7KCkAPCgpAD0oKQA+KCkAPygpAEAoKQBBKC
34=kAQkgBxRNDSAHFE0QoKQBFKCkARigpAEcoKQBIKCkASSgpAEpIAdWcS0gByQxMSAHJDE0o
35=KQBOKCkATygrACgAFSOUO1EAKSgpACpIAcUIKygpACwoKQAtKCkALigpAC8oKQAwSAHFEz
36=FIASeVExUmYSgzVALJLTRIAcFRNUgBwQ82KCkAN0gB0Qk4SAHZXjlIAc0FOkgB1Vo7SAHd
37=CjwoKQA9KCkAPigpAD8oKQBAKCkAQSgpAEIoKQBDSAHVGEQoKQBFKCkARkgBwTBHSAHFE0
38=goKQBJKCkASkgB1U9LSAHBGkxIAdkGTSgpAE4oKQBPKCkAUCgoAAInABYAUlw3AQAEACjI
39=AQEBBAApSQFVtQIqSQFQqQEryAEBAQAALEgB1Q0tKCkALkgByS0vSAHFHjBIAdEqMSgpAD
40=IoKQAzSAHVGDRIAd0KNSgpADYoKQA3SAHRHzhIAd0KOUgB2Sc6SAHFCDtIAcE7PEgB2XQ9
41=SAHZBj4oKQA/KCkAQCgpAEEoKQBCKCkAQ0gB0QlESAHRCUUoKQBGSAHNUkdIAdkRSCgpAE
42=koKQBKSAHBGktIAd0gTEgB2QZNKCkATigpAE8oKQBQKCkAUSgoAAEmABcAnzYIACfIAUE7
43=KEgBcDlZPSlIAZM1BAAqSAGbJwQAK0gBegYEBEw8pAgBBQAALVQC2REuSAHRKi9IAd0gMC
44=gpADFIAckiMigpADNIAc0bNEgB0Qk1KCkANigpADdIAckMOEgB0Qk5KCkAOkgBnBUinVYX
45=/cU8VALdCj1IAcUIPkgBxQg/KCkAQCgpAEFIAdUYQkgB3TZDSAHRCURIAdEJRUgBwQRGSA
46=HBBEcoKQBIKCkASUgBnysAAEpIAc0QS0gBxQhMSAHFCE0oKQBOKCkATygpAFAoKQBRKCkA
47=UigrACUAGJw6AQAIACYoKQAnSAGVOQhVexidQQV2exgAgBpmPxgAmDJnPxgAT2wIZD+oAU
48=F9LUQI0RQuKCkALygpADAoKQAxSAGfCgAAMkgBxR4zKCkANEgB0YI1SAHJODZIAckMNygp
49=ADhIAd1iOUgB0Qk6SAGcFWU/GCjkBycpAD1ABNEJPkgBxQg/SAHFCEBIAcEwQUgBzQVCKC
50=kAQygpAEQoKQBFKCkARigpAEcoKQBIKCkASUgB3SBKSAHVDUtIAdUNTCgpAE0oKQBOKCkA
51=TygpAFAoKQBRKCkAUigpAFMoKwAkABlhOABRQCUoKQAmKCkAJygpAChIAZk9CFW9GYQ/XY
52=MqVAKIF35BGQCENHxBoARRgi1ABHgGUYIuSAHBGi8oKQAwKCkAMSgpADJIAZ8KAAAzSAHd
53=bTRIAdkyNUgBwTs2SAHdCjcoKQA4SAHVOTlIAdkGOigpADtIAdFLPEgBixcAAD1IAdEJPk
54=gBxQg/SAHVDUBIAcEEQSgpAEIoKQBDKCkARCgpAEUoKQBGKCkARygpAEgoKQBJKCkASigp
55=AEsoKQBMKCkATSgpAE4oKQBPKCkAUEkBXnc8BABRSQFUqQFSyAFJOFNIAcX6VMgBVwIjAB
56=pkBWlDJCgpACUoKQAmSQGgaAR/xRoAmqkBKFQCZAFFSilIAWY/BAhdxRqARk2JK1QCgDt1
57=RBrhRi1VAk5/BgQALsgBTYkvSAHJLTAoKQAxKCkAMigpADMoKQA0SAGLDAAANUgBxT82SA
58=HZPTcoKQA4SAHBBDkoKQA6KCkAOygpADxIAdFAPUgBxRM+SAHVDT9JAR4kWUhASAHBBEEo
59=KQBCKCkAQygpAEQoKQBFSAHNwEZIAd0VR0gB2VNISAHdCkkoKQBKKCkASygpAEwoKQBNKC
60=kATigpAE8oKQBQSQFeQDBFP1FIAYsMBABSKCkAUygpAFQoKQBVSAFUBgQAAAQAIgAbhAFF
61=PyMoKQAkKCkAJSgpACZJAZ90BW9HGwCWqQEoVQKYqQEpSAHFSipIAYtDCAAryAFRFCxIAZ
62=cuBAAtSAGUI25HGwBsBV2OL1QCaAFdjjBIAYMaAAAxKCkAMigpADMoKQA0KCkANUgBiwwA
63=ADZIAcmQNygpADhIASftCBsmqTE6VALNBTtIAcEEPEgBJ+0IG/3QPlQCxRM/KCkAQCgpAE
64=EoKQBCSAHJQ0NIAclDRCgpAEVIAdUNRigpAEdJAR6tUkhIAdUNSSgpAEooKQBLKCkATCgp
65=AE0oKQBOKCkATygpAFBJAV98NmSMzBtsR99BBABTQAR8A1VEVCgpAFUoKQBWKCsAIQAciA
66=VZSCIoKQAjKCkAJCgpACVIAcmQJkgB2UgnKCkAKCgpAClJAZllCwhUkSeJAStUAnRETZQs
67=yAFNlC1IAYQ/ZUoc7ZQvVAIibCQIAAQAMAAcAFAAAAARAABPDwAgBwEAADEAHAD//wBgAA
68=EyABwAyQEzKCkANCgpADUoKQA2KCkANygpADhKASQCbgkAOUkBHqkBOkgB3Qo7SAHBBDxJ
69=ARqhBD1IAcEEPigpAD8oKQBAKCkAQSgpAEJJASClCENJARepAURJARypAUUoKQBGSAHZEU
70=dIAdUNSCgpAEkoKQBKKCkASygpAEwoKQBNKCkATkkBVmMeBABPyAEBAQQAUEkBX1QCSQFR
71=SAGXDQQAUkkBWVQCAQAIAFNJAVWpAVRJAVOpAVXIAQEBCABWSAHBBFdIAcMEIAAdZQUARQ
72=ghKCkAIigpACMoKQAkSQGgdwUIACVJAZapASYoKQAnKCkAKCgpACkoKQAqSQGYuQYrSQGa
73=qQEsSQFPqQEtyAFZHC5IAYM7BAAvSQEbYzAEADBJAVBOBQQEXUwdWCIDAAAFAAAyVAKLIg
74=AAMygpADQoKQA1KCkANigpADcoKQA4KCkAOSgpADooKQA7KCkAPEgB1UQ9SAGHEwAAPkgB
75=zRA/KCkAQCgpAEEoKQBCSAHFCENIAdFWREgBxQhFKCkARigpAEcoKQBIKCkASSgpAEooKQ
76=BLKCkATCgpAE1JAVdYJ10rTkgBfUwCfUwduHR8TCcpAFFABEoFAAB+TB0AmAZ8TCfBCFTj
77=BAgAVSgpAFYoKQBXKCkAWCgrAB8AHpgKSU4gKCkAISgpACIoKQAjSQGgdwUIACRIAclOJS
78=gpACYoKQAnKCkAKCgpACkoKQAqKCkAK0kBmb0KLEgBZAFZES1IAWBRAQQIAC7JAQV2Tx4A
79=wVEwVAKYPXdPHgBOfQYEVE+oAU2fM0AEyTg0KCkANSgpADYoKQA3KCkAOCgpADkoKQA6KC
80=kAOygpADxIAZsRAAA9SQEXfGJ3Tx4AGakBP1QCyQFAKCkAQSgpAEJIAdkGQ0gB0ZhESAHJ
81=F0UoKQBGKCkARygpAEgoKQBJKCkASigpAEsoKQBMSQFXQCVdTE3KAQMESSce6U5PVAJcA3
82=1MUCgpAFFIAZkGCFWcHpVPA3RPJ+0IVEAEmAZ0TydVAFZUAsFGV0gB0Y1YKCkAWUgB344e
83=AB9ciU0IB0EBH1wASwAIACBQAUABpKInVQAiKFUAI0kBn2QEblIfACdMCicpACZABNUCJy
84=gpACgoKQApKCkAKigpACsoKQAsSAHRFC1IAXANWVMuSAFsn0kBL8gBXXgwSAGcQW5SHwDZ
85=UzJUAnhTXaQzyAFdpDRIAc08NSgpADYoKQA3KCkAOCgpADkoKQA6KCkAOygpADwoKQA9SA
86=GYEW5SHwDd5j9UAskBQCgpAEEoKQBCSAHBUUNIAdEURCgpAEUoKQBGKCkARygpAEgoKQBJ
87=KCkASigpAEtJAVprKQQATMgBWSdNSAGUDWxS2D1koicpAFBABHykVS5RyAFV6VJIAWwJVQ
88=JTKCkAVCgpAFVIAcFRVkgB3UFXKCkAWCgpAFlIAdWRWkgB3QodSFGJAQZLViAAP20BCFkD
89=IGABeVMg4wQIACFIAdUNIkgB2V4jSAHBDyQoKQAlKCkAJigpACcoKQAoKCkAKSgpACooKQ
90=ArKCkALCgpAC1IAdFWLkgBlRQITfcglPRNqjBUAnxXTaoxSQEmeJV3pyAAVHMFBAAzVAJo
91=AVkyNEgBI7ciBAA1KCkANkgBZAhJ0jfIAVGuOEgBizgAADkoKQA6KCkAOygpADwoKQA9KC
92=kAPigpAD8oKQBAKCkAQSgpAEIoKQBDKCkARCgpAEUoKQBGKCkARygpAEgoKQBJKCkASkkB
93=W1wgUR9LSAFkVUmmTEgBjxsEAE1IAVwDfaROKCkAT0gBfKRNUlBIAWRVAQIIAFFIAYwFdK
94=cnwQhTKFUAVCgpAFVIAd2ZVkgBwUZXKCkAWCgpAFkoKQBaSAHZPVtIAdUNHEhRiQEFQ/4h
95=ACttAQVdVyGcV0EaH0AEaFlRuSBIAXwDTWghSAHNECJIAc0QIygpACQoKQAlKCkAJigpAC
96=coKQAoKCkAKUkBm28MCAAqKCkAK0gByQwsKCkALUkBna0FLkgBZAFFEy8oKQAwSAFsqlUC
97=McgBUTUySQElqVkzSQEdqQE0KCkANSgpADZJAR+hBDdIAWhZQbQ4yAFBtDlIAZs9AAA6KC
98=kAO0kBl0BdSQA8yAFRCD1JASmWFAA+SQGYVANVAT/IAVUBQEgB0QlBKCkAQigpAEMoKQBE
99=KCkARSgpAEYoKQBHKCkASCgpAElIAXBWQTtKyAFR+0tIAYAPZa0hUBJIAHxXJykATkAEcF
100=ZFVU/IAV1BUEgBRAVpm1EoKQBSKCkAUygpAFQoKQBVSAHNR1ZIAcE7VygpAFgoKQBZKCkA
101=WkgB0a5bSAHBD1woKwAbACKzVgAAHMgBTRsdSAGVWgRXWiIALn0GBFSyrAVJmyBBBD50An
102=eyIgCjqQEiVALBUSMoKQAkSAHdFSUoKQAmKCkAJygpAChIAd0VKUgBeApBUSooKQArSAHV
103=DSxIAclZLUgBzQUuKCkALygpADAoKQAxSAFgXE21MsgBQRozSAGHCAQANCgpADUoKQA2KC
104=kAN0kBUnMFBAA4SAFgXE21OcgBTVI6SAFoWQEDAAA7yAEBBAAAPMgBAQUBAD1IAZVaAVZa
105=IgB2WgMBXDCoAU0FQEAEdAJVZUFIAZ9MAABCKCkAQygpAEQoKQBFKCkARigpAEcoKQBISA
106=F0p10VScgBVXtKSAGLDAQAS0gBaBtBBEwoKQBNSAGbBggATsgBSbFPSAGNBQhR3yKEAVE1
107=UShVAFIoKQBTKCkAVCgpAFVIASdVCyImlSlXVALBRlgoKQBZKCkAWigpAFtIASUhIFxIAc
108=21XUgBnBECCAAaACMkDy4AABsoKQAcSAFgtF0rHUgBiFluXSMA1ZwfVQIbXI9dICBIAWAE
109=WX8hyAFdeCJIAckMIygpACRIAdlTJUgB1RgmKCkAJygpAChIAd1XKUgB0QkqKCkAKygpAC
110=woKQAtKCkALigpAC9JASF/FQgAMEgBixcIADFIASODIQgAMkgBItghRTQzyAFJODRIAYtZ
111=CAA1yAFVAjZIAZdaCAA3yAFVRDhJASdrDAQAOUgBYARdujpIAW5dBgROXSMAagEHA0xdqg
112=EIAk5dIwCNXQJNXSOOXQYCTF0nWQZARAiXTwAAQSgpAEIoKQBDKCkARCgpAEUoKQBGKCkA
113=R0gBcK5dFUhIAXBWXTZJSAGLDAQASkgBiC1tXSOEAU08TFUCW1ABUR9NSAGYBmxdwwQIAE
114=9UAlwDebZQKCkAUSgpAFIoKQBTKCkAVEgBJckqVUgB3UFWKCkAVygpAFgoKQBZKCkAWigp
115=AFsoKQBcKCkAXUgB2V5eSAHTFBkAJPleGigpABsoKQAcKCkAHUgBgVwAVb0kVjQAAE3AH1
116=QCI48zBAAgSQEbpT8hSAFsBUmmIkkBPXkNCFkOJGABdSMkVAKMASL+TCQA1XsmVALRHydI
117=Acm8KEgBzQUpKCkAKigpACsoKQAsKCkALSgpAC4oKQAvSAGcFWdgJAAXfBVlYCQktDhkYC
118=eRAjNMBdVlNEgBjBtkYCeBADZUAsUTN0gBjV0IVb0kRp0AAFEfOVQCh2sEADpIASOgUWVg
119=JIVgCmRgqgELA0VgJKVgA00rJIZgCQNGYCQAeAZFVUBECGgMQVFByAFVyEJIAZNWAABDKC
120=kARCgpAEUoKQBGSQFXQBZNXUfIAUk4SEgBhwgEAElIAVwDIl0tSigpAEtJAVtYAgECCABM
121=yAFJm01IAVACdTlOKCkATygpAFAoKQBRKCkAUkgBzV1TSAHVslRIAcU/VSgpAFYoKQBXKC
122=kAWCgpAFkoKQBaKCkAWygpAFwoKQBdKCkAXkgB0WFfSAHXGBgAJfFhGSgpABooKQAbKCkA
123=HCgpAB0oKQAeSAGbXgAAH0kBPGALfWIlJtFMIVUCG2lOBEnPJUo+AABAO1jJSKFQBSIVRS
124=VcAEgAfWIlJsUkJlgG1SMnSAEnXAwnrQApVAJQBm0xKigpACtJAXx3DQgALEkBdqkBLUgB
125=zQUuKCkALygpADBIAclkMUkBF7kGMkgBIytNCAAzSAHVAjRJARqhBDVIAd0KNigpADdIAS
126=IcJUHKOMgBRR45SAHJ6DpIASWhMDtIAYkMBFohJQDVAj1UAskBPigpAD8oKQBASAElJTFB
127=SAFoZEXOQsgBTfdDSAGDXAAARCgpAEVIAWS4WWlGyAFFE0dIAY8FBABISAGAGnxiyC1nwy
128=UAWnsCCABLQARoAVnBTEgBcAJZHE0oKQBOKCkATygpAFAoKQBRKCkAUkgB2aBTSAHZPVQo
129=KQBVKCkAVigpAFcoKQBYKCkAWSgpAFooKQBbKCkAXCgpAF0oKQBeSAHRS19IAcEaYCgrAB
130=cAJulkGCgpABkoKQAaKCkAGygpABwoKQAdKCkAHigpAB9JATxYDUVJIMgBQZMhSAGAUXVl
131=JqG0BFXIJlpDAABRmCRABHgGVZElSAFACGVgJkgBxSknSAHBGihIAcEEKSgpACooKQArSQ
132=F7QBBJOCxJAXKpAS1JAXSpAS4oKQAvSAHZaTBIAd0KMUgBnBV1yCYkvE91ZSb5zDRABMFn
133=NUgBh4EIADZIAcUINygpADhIAWBnAQQIADnIAUHKOkgBjAV0yEAdZBN1ZSaAyl1XPUAEIn
134=QlVSM+SAEjSSUEVcgmgMpNXUBUAiLMME0FQUgB1dNCKCkAQ0gBZM5NBUTIAU0FRUgBdGVd
135=CkZIAclkR0gB2RFIKCkASUkBV1gCXWJKSAFoZEnHS0gBUAJlNEwoKQBNKCkATigpAE9IAd
136=HEUEgB0cRRKCkAUkgByWRTKCkAVCgpAFUoKQBWKCkAVygpAFgoKQBZKCkAWigpAFsoKQBc
137=KCkAXSgpAF4oKQBfSAHRFGAoKQBhKCsAFgAn4WcXKCkAGCgpABkoKQAaKCkAGygpABwoKQ
138=AdKCkAHigpAB8oKQAgSAF8Yk2fIUgBI/glbWgn/dAjVAKVTwRZ3yeYaVFLJVQCeNdFYCZI
139=ASWFMidIASUBMihIAck4KSgpACooKQArSQF/bFJnzicAd6kBLVQCyQEuSAHFay8oKQAwSA
140=HRbDEoKQAySAHRbDNIAcVrNEkBF70KNUkBGqkBNkgBxRM3SQEybwEHADhIAXjBQRo5yAFJ
141=WTpIAXwDQVw7SAF0ZVGNPMgBScc9yAEBBQUAPkgBjWgFTWgnjGgBAwUAQFQCbGhNBUHIAV
142=knQkgBCSUCAAAABABDACcAHREAANkOACAIAgAAAAQARAAnAB+rAUUAJ0gCSwAEAEYoKQBH
143=KCkASEkBV1wDAQIIAEnIAQEDCABKSQEhZwgIAEtJARmpAUxJARupAU1IAVQGAgAACABOKC
144=kAT0kBo3sCCABQSQGbqQFRSQGWqQFSKCkAUygpAFQoKQBVKCkAVigpAFcoKQBYKCkAWSgp
145=AFooKQBbKCkAXCgpAF0oKQBeKCkAXygpAGAoKQBhKCkAYkkBmagXAxUAKAD//24BABYoKQ
146=AXKCkAGCgpABkoKQAaKCkAGygpABwoKQAdKCkAHigpAB8oKQAgKCkAIUkBPUgQAQEAACJJ
147=AT5IAQEABAAjSQEkezIEACRIAYc0BAAlSAFgBAECBAAmyAFBOydIAXQGXTYoKCkAKSgpAC
148=ooKQArKCkALCgpAC0oKQAuSQF7Yw8IAC9JAXKpATAoKQAxKCkAMkkBdaEEM0gBzRA0SQEg
149=tQI1SQEXqQE2SAHJTjdIAYMaCAA4SAHZBjlJAVBMAQEECAA6yAEBBQQAO0kBl0gjAQYIAD
150=zIAQEHBwA9yAEBCAYAPkkBKVgGAQAGAD9JAZhvBQYAQEgBcAJFKUEoKQBCKCkAQygpAEQo
151=KQBFKCkARigpAEdJAVZ3CQgASMkBAWVrKGwCdWVKVALFHktIAcUeTCgpAE1IAdEfTigpAE
152=9IAd0gUEgBlwkIAFFJAZ9vAQgAUkgB0WxTKCkAVCgpAFUoKQBWKCkAVygpAFgoKQBZKCkA
153=WigpAFsoKQBcKCkAXSgpAF4oKQBfKCkAYCgpAGFIAdGCYkkBnakXY0gBZAFPUhQAKfFsFS
154=gpABYoKQAXKCkAGCgpABlIAZuVAAAaSAGbJwAAGygpABwoKQAdKCkAHkgBkyoAAB9IAdV7
155=ICgpACEoKQAiSAGZaQBdbSlLSQAAA35tKQDJbyVABJAJfG2gBE1SJ1UCP3EbCFAcjE9xQC
156=lVAjJ3AgcAKkgBZAFRHysoKQAsKCkALSgpAC5JAX+pZC9JAXKpATAoKQAxKCkAMkgBJ7wN
157=J+EBNFQC1U81SAHVTzYoKQA3KCkAOEgBgxoIADlJAVR0FH1tKUxNTQEIXG2oAUFcPEAEaW
158=8Kfm0pAGoBCwdQJGAdTQUHXm0pAH5tCQdfbSkAU1ACRR5BWAZoAUUIQkkBUlQCSQFDSAF0
159=AkEERMgBVQJFSAHNEEbIAVUCR0gBfG1Z10hIAUAIfStJSAGcQWbZKQDZHEtUAskBTCgpAE
160=0oKQBOSQEcsSpPSQEeqQFQSAHdClFIAd3bUkgByVlTSAHJb1QoKQBVKCkAVigpAFcoKQBY
161=KCkAWSgpAFooKQBbKCkAXCgpAF0oKQBeKCkAXygpAGBIAc3WYUgByRdiKCkAYygpAGRJAU
162=hnBAQAE0hRxWAUKCkAFSgpABYoKQAXKCkAGCgpABlIAZBLdXAqtC50cCcpABxABIMwAAAd
163=KCkAHkkBGmgtdXAq+X8gVALZESEoKQAiKCkAI0gBYnIFAFXeKkBMWBh13irhciZABCUVJC
164=dJAT9cA03hKMgBTeEpSQFhVAJdTCpIAWQBSQErKCkALCgpAC0oKQAuKCkAL0gBweAwSAHB
165=cjEoKQAyKCkAM0kBdnscCAA0SAGXhggANUgByU42SAGXIwgANygpADgoKQA5SAGIm3ZwKg
166=DNcztUAskXPCgpAD0oKQA+SQEhoQ8/SAHZBkBIAdkGQSgpAEIoKQBDKCkARCgpAEUoKQBG
167=KCkAR0gByQxISAHRFElIAcEaSigpAEsoKQBMKCkATUgB3W1OSAHFE08oKQBQKCkAUSgpAF
168=IoKQBTSAHNc1RIAcFyVSgpAFYoKQBXKCkAWCgpAFkoKQBaKCkAW0gBwX1cSAHdCl0oKQBe
169=SAHBBF8oKQBgSAHd22FIAcEaYkkBRW8BCABjyAEBAQQAZEgBmycEAGVIAYQ0AgQAEgAr8W
170=ETKCkAFCgpABUoKQAWKCkAFygpABgoKQAZSAEnbQ4rKGwOJykAHEAEkDVscydVAB5UAids
171=Dic5AiBUAidsDidVACIoVQAjKCkAJEgBi28AACXIAV3mJkkBYX8gBAAnSAFmAQAEReQrnH
172=hd5ilUAoEECEEiK5wDjHMnKQAsQASbAggALSgpAC4oKQAvSQF/uV4wSAEnbg4rAMkBMihV
173=ADMoKQA0SQF0uQY1SAHFdjZIAcV2N0gBxXY4SAGMJmTkzyYIADooVQA7SAHRYTwoKQA9KC
174=kAPkgBxQg/KCkAQEgBk0AIAEFIAdkcQkkBIaUTQ0gB3QpEKCkARSgpAEYoKQBHSAHJDEgo
175=KQBJSAHVGEooKQBLKCkATEgBwXJNSQF8oQ9OSAHJIk9IAcUTUCgpAFEoKQBSKCkAUygpAF
176=RIASXJKlVIAdlpVigpAFcoKQBYKCkAWSgpAFpIAd3bW0gBzRBcSAHZf11IAclvXkgBwQRf
177=KCkAYCgpAGEoKQBiSQFFUAVRxGNIAUQBIi09ZEgBgGducysAiyIEAGZUAoRgAgQAEQAs+X
178=QSKCkAEygpABQoKQAVKCkAFigpABdJASF/KwAAGEgBgzsAABlIAZw2deksKMQOJykAHCiB
179=AB0oKQAeKCkAH0gBm0gAACBIAZ8VAAAhKCkAIigpACMoKQAkKCkAJUkBP0AhTewmSQFhSA
180=FZdCdIAWQBSQEoKCkAKUkBXngCZXYsYAEiJSYrVQIhbRsIQQEs7dYtUAGHBAgALigpAC8o
181=KQAwSAHB6zFIASfFDizxdzMoVQA0KCkANSgpADZIAcVVN0gB1Q04SQEkuRE5SAHFYDooKQ
182=A7KCkAPCgpAD1IAY8xCAA+KCkAPygpAEBIAZykZHYn8QNCVAKPRwgAQ0gBxQhEKCkARSgp
183=AEZIAdkRRygpAEhJAR69FUlIAdVwSkgBzRtLSAHNG0woKQBNSAHZJ05IAdknT0gByZtQSA
184=HFCFFIAcUIUigpAFMoKQBUSAEnxg4sACfEDicpAFdABNUCWCgpAFkoKQBaSAHBcltIAdUN
185=XCgpAF0oKQBeKCkAXygpAGBJAUZ/BggAYcgBXeZiSAGRSwRW6SwAgGd26SwAjDFkdsxzZ3
186=YsAERnCAQAZ1gGaAEBAQAAEFDH3WIRKCkAEigpABMoKQAUKCkAFSgpABYoKQAXSAGYPX14
187=LeV2GVQChD98eCdVABsoVQAcKCkAHSgpAB5IAZxBIlUsLbyOfXgt8Y0hQATJFyIoKQAjKC
188=kAJCgpACUoKQAmSQFfvSAnSAFkAZ14LYQBSQEpVQJeUQEBfngtAJ0rCFidyBd8eCcpAC1M
189=BZQufXgtoDAiLUgt4X0wQQR/vVcxSAHBUTIoKQAzKCkANCgpADUoKQA2SAElHTs3SAFAE3
190=mKOCgpADkoKQA6KCkAOygpADwoKQA9SAGENHx4JxUDP1QChzQIAEBIAYxHfHjLIggAQlQC
191=2QZDSAHNBUQoKQBFSQEeuRxGSAHRFEcoKQBISAHRd0lIAd0gSigpAEtIAc1zTCgpAE1IAc
192=0FTigpAE8oKQBQSQF5oQ9RSAHBD1IoKQBTKCkAVEgBxeRVSAHFdlYoKQBXKCkAWCgpAFlI
193=AdntWkgByQxbKCkAXCgpAF0oKQBeSQFBcwUIAF/IAUVKYEgBfHhN7GFJASVrFwQAYkgBjF
194=1+eC0AyQFkKFUAZUkBH60FZkgBcHdVAWdIAWQMTQBoKCkAD0jK3WIQKCkAESgpABIoKQAT
195=KCkAFCgpABUoKQAWSAGHYAAAF0gBhD91ey4odA8nKQAaKIEAGygpABwoKQAdSAGXRAAAHk
196=gB0RQfKCkAICgpACEoKQAiKCkAIygpACRJAVlEH0V2JUkBVakBJkkBX0gBUaMnSAFEASIN
197=IygoKQApSAGABHZ7LgDN4StUApQudHvAGiJcLScpAC5ABJAfdXsuu6sIADBUAosMCAAxSA
198=HFzjJIAdFWMygpADQoKQA1KCkANigpADdIAcVgOCgpADkoKQA6KCkAOygpADxIAcXZPUgB
199=wRo+SAHBGj8oKQBASAGAMHV7LoUXAHR7Jx0EQ0AE2RxESAHFgUVIAZMFCABGKCkAR0gByX
200=pISAHFHkkoKQBKKCkASygpAEwoKQBNKCkATigpAE9IAcGeUEgBwQ9RKCkAUkgBj1IIAFNI
201=ASOHJwgAVEgBzQVVSAHB9lZIAcF9VygpAFgoKQBZSAEndA8nSQRbVALRCVxIAWR2QSVdyA
202=FRS15IAXR7XXhfyAEBAwQAYEkBJ0BzTVJhSQEyaQgDV3suAENoAXZ7LgB4BkEEZEAEaAFR
203=CWVJAUhjBAAAZkgBpAFU9NsRAABoKFUAaSgrAA4AL+3hDygpABAoKQARKCkAEigpABMoKQ
204=AUKCkAFUgBkyoAABZIAZBAbX4vtJFsficpABlABJBLZPonVQAbKFUAHEgBnEwiLD0nkQIe
205=VAInzA8nVQAgKFUAISgpACIoKQAjKCkAJEkBYFgjTSYlSAGQCSK1WS9MAkgAIiw9JykAKE
206=AETAJ5fylJAWFsAWx+wARk+icpACxBBCB8Nm1+L6ibZPonKQAvQATRYTBIAWwJXUExSAHR
207=+zJJAXKlCDMoKQA0KCkANSgpADYoKQA3KCkAOCgpADkoKQA6KCkAOygpADwoKQA9SAHZfz
208=5IAcUTPygpAEAoKQBBKCkAQigpAENIAdWGREgBnzYIAEVIAdEJRigpAEdIAdWcSEgBxR5J
209=KCkASigpAEsoKQBMKCkATSgpAE4oKQBPSAEnzA8nWQZRVQIhsSpSSAGMUm1+L/2vVFQC0R
210=RVSAHR+1ZIASfNDy8mvS5YVAIllUpZSAElOS5aSAHFCFtJATJvAQcAXEgBbH5Ve11IAY8Q
211=BABeSQEZeREERfovJIQnbX4vVKJfBgQAYUAEegYBAE1+L4x+SQFjVAJgfUUHZMgBAQMAAG
212=VIAVAGaQBmKCkAZygpAGgoKQBpKCkAaigpAA1Yz4dgAAAOKCkADygpABAoKQARKCkAEigp
213=ABMoKQAUKCkAFUgBnEFmgTAAnEFlgTDxjRhABMEPGSgpABooKQAbKCkAHCgpAB0oKQAeKC
214=kAHygpACAoKQAhKCkAIigpACMoKQAkSAF4+ECpCiUAMAD//wAAAAQAJgARAAB6DgAgATAA
215=AABAAAEEACcAJykAKCgpAClJAV9cAwEACAAqSAFkAUkBKygpACxKASACXwIIAC1JARepAS
216=4oKQAvKCkAMEkBGaEEMUkBG6kBMkkBe6kBM0kBcqkBNCgpADUoKQA2KCkANygpADgoKQA5
217=KCkAOigpADsoKQA8KCkAPSgpAD5JAXShDz8oKQBASQF2tQJBSAFRHABRH0IoKQBDKCkARC
218=gpAEUoKQBGKCkAR0gB2RxISAHZHEkoKQBKKCkASygpAEwoKQBNKCkATigpAE9JAXWxFFBI
219=AdEUUUkBJLUCUkgB2TJTSQEatQJUSAHNBVUoKQBWSQGfewIIAFdJAZmpAVhIAWQBUR9ZKC
220=kAWigpAFtJAUxnBAgAXMgBAQEEAF1IAYtDBABeSAGPEAQAX0kBHm8QBABgSQFGWAZVAWFK
221=Af//TwEAAGIoKQBjKCkAZEkBIUAFSQRlSAGbSAAAZigpAGdIAYdKAABoSAFcBGkAaSgpAG
222=ooKQBrKCgAAQwAMQDBDw0oKQAOKCkADygpABAoKQARKCkAEigpABMoKQAUKCkAFSgpABYo
223=KQAXKCkAGCgpABkoKQAaKCkAGygpABwoKQAdKCkAHigpAB8oKQAgKCkAISgpACIoKQAjKC
224=kAJEgBYH1dNiVIAYsiBAAmSQFZfSgIX4MxAFSpAShUAmgBAQEIAClIAZgGfYMxeANpZCtU
225=Ao8BCAAsSAGQQH6DMQCTQAgALlQCyQEvKCkAMCgpADFIAZdECAAySQF/Zz8IADNIAcFnNC
226=gpADUoKQA2KCkANygpADgoKQA5KCkAOigpADsoKQA8KCkAPSgpAD4oKQA/KCkAQCgpAEFI
227=AcGIQkgB1YZDSAHdIEQoKQBFSQF8oRpGSAHZBkdIAc0bSCgpAEkoKQBKKCkASygpAEwoKQ
228=BNKCkATigpAE9JAXm1DVBIAdkRUSgpAFJIAcU0U0gBJ3wQJzUHVVUCoH8GCABWSQGWqQFX
229=SAEnfBAnrQBZVAJ8A0mFWigpAFtIAX2DAn6DMQBpAQN+gzEAgA9+gzEAmD1/gzEASIoIAG
230=BYBqYBAGFIAYxSfIMnxQ5jVALRgmRIAYdKAABlSQEcZR4AXoMxAMkBZ1QCiAx8gycFAWlU
231=At0KaigpAGsoKQBsKCkAC0hRzQUMKCkADSgpAA4oKQAPKCkAECgpABEoKQASKCkAEygpAB
232=QoKQAVSAHNGxZIAcmbF0gBzRAYKCkAGUgBzQUaSAHNBRtIAc0FHCgpAB0oKQAeKCkAHygp
233=ACAoKQAhKCkAIigpACMoKQAkSQFhazQEACVIAZQNdYYyTDdYAnWGMlwASwAIAChABEABfY
234=MpKCkAKkkBIXM1CAArSQEZqQEsSAGUOXWGMijUECcpAC9ABIE7CEm5Mq1HCEg1J7UBMkAE
235=1Q0zSAHF7zRJAXKpDDUoKQA2KCkANygpADgoKQA5KCkAOigpADsoKQA8KCkAPSgpAD4oKQ
236=A/KCkAQCgpAEEoKQBCKCkAQ0gB0YJEKCkARUgByRdGKCkARygpAEgoKQBJKCkASigpAEso
237=KQBMKCkATSgpAE5IAcmFT0gB2SdQKCkAUUgB0TVSSAHFNFNIASfVEDKUBll/VVUCo3ABd4
238=YyAJupAVdVAp2pAVhIAWQBTQVZKCkAWigpAFtJAU5kBHaGMgBoAVXTXVUCJmg4dYYyjYkA
239=dIaqAQEARU8y5fphTAWMUnSGJ1UAY1QCn44AAGRIAYgXdIYngQBmVALZBmcoKQBoKCkAaS
240=gpAGooKQBrKCkAbCgpAG0oKQAKQNjdCgsoKQAMKCkADSgpAA4oKQAPKCkAECgpABEoKQAS
241=KCkAEygpABRIAZM1AAAVSAGTNQAAFkgBxR4XSAHZERgoKQAZSAHVIxpIAdkGG0gB2YocSA
242=HZBh0oKQAeKCkAHygpACAoKQAhKCkAIigpACMoKQAkSQFXWD1NPCVIAYgMbYkzRzoAAAFt
243=iTNYA0gAbIknKQApTAWYHCIFIjPphStVAhd0RCIEIidVAC0oVQAuSAGfIAgAL0gBVAphkz
244=AoKQAxKCkAMkgBwfYzSQFyvQo0KCkANSgpADYoKQA3KCkAOCgpADkoKQA6KCkAOygpADwo
245=KQA9KCkAPigpAD8oKQBAKCkAQSgpAEIoKQBDKCkARCgpAEUoKQBGKCkARygpAEgoKQBJKC
246=kASigpAEsoKQBMKCkATUgBwYhOSAHRKk8oKQBQKCkAUUgBn0wIAFJIAdE1UygpAFRIAdnB
247=VUgBlE9siSflB1dUAskMWCgpAFkoKQBaKCkAWygpAFxIAWyJAQQIAF3JAQVtiTONiQJsia
248=kBA22JMygsEScpAGJYBptTAABjSAEjnDVtiTMmrSFlVAKLFwAAZkgBixcAAGdIAdkGaCgp
249=AGkoKQBqKCkAaygpAGwoKQBtKCkAbigrAAkANPEUCigpAAsoKQAMKCkADSgpAA4oKQAPKC
250=kAECgpABEoKQASKCkAE0gBn20AABRIAZw2ZYw0qG9mjDQAh2sAABdABMUeGCgpABlIAc0m
251=GkgBxQgbKCkAHEgBzSYdSAHFCB4oKQAfKCkAICgpACEoKQAiKCkAI0kBV1hEQTskyQEDIr
252=QizCZmjDQAIggzXdAnQARIBWWBKCgpAClIAcVVKkkBF7l/KygpACwoKQAtKCkALigpAC9I
253=AYAaIrUiNIQMVQ0xVAKMASKOMzQAJYkiM1QCJ4YRNADJATUoVQA2KCkANygpADgoKQA5KC
254=kAOigpADtJAXepFzwoKQA9KCkAPigpAD8oKQBAKCkAQUgB2RFCKCkAQygpAEQoKQBFKCkA
255=RigpAEcoKQBIKCkASSgpAEooKQBLKCkATEgBJYlDTUgBzSZOKCkAT0gBj1IIAFBJARm5HF
256=FIAdE1UigpAFNIASXlKFQoKQBVSAEjdDBkjCeFBldUAtUNWCgpAFlJAUN7AggAWkkBQqkB
257=W8gBQdVcSQFHdAIijzM0ACd4EWeMNABNtQJfQARoASO0IsNRAABhVALNXWIoKQBjKCkAZC
258=gpAGVIAc1oZkgBmBxmjDQAnEwijDMnXQFpQATdCmooKQBrKCkAbCgpAG0oKQBuKCkAbygr
259=AAgANfGNCSgpAAooKQALKCkADCgpAA0oKQAOKCkADygpABAoKQARKCkAEigpABNIAZRwfY
260=418Y0VVALRHxZIAYg4fI4nkQIYVALRHxkoKQAaSAHRCRtIAcUIHEgBxQgdSAHZBh4oKQAf
261=KCkAICgpACEoKQAiSQFWrTwjyAEBAQQAJEgBkAl9jjV6AwAAfY41nI5BRidABJgCImQjwA
262=QibkU1AJAUImQjxB4ilDQnKQAsWAbJWS0oKQAuKCkAL0gBgBp8jiddATFUAtUNMkgBJ90R
263=NfGNNFQCwX01KCkANigpADcoKQA4KCkAOSgpADpJAXV7XggAO0gB1Q08KCkAPUkBl1hfUR
264=8+yAEBAggAP0kBmFQCUaNAyAFBBEFIAdEUQkgBxRNDKCkARCgpAEUoKQBGKCkARygpAEgo
265=KQBJKCkASigpAEsoKQBMSAHVGE1IAdUYTigpAE9IAcU0UEgBm0gIAFFIAdkyUkgBwTBTSA
266=HFCFQoKQBVSAHNiVZIAc2JV8gBUR9YSAHNiVlIAWwFRUpaSAFsBVHaW8gBUdpcSAHRjV1J
267=AUR4DX6ONQBoAV0qX1QCg1EAAGAoKQBhKCkAYigpAGMoKQBkKCkAZSgpAGZIAZAffI7MUn
268=6ONQCfrwAAaUAEyQFqSAHBk2tIAc0QbCgpAG0oKQBuKCkAbygpAHAoKwAHADbpkAgoKQAJ
269=KCkACigpAAsoKQAMSAGTxAAADUgBxRMOSAHFEw9IAcUTECgpABEoKQASSAHFCBNIAZg9dZ
270=E2KDUSNiQoQiIUJCeRAhdMBd0KGCgpABlIAdEJGkgB0QkbSAEl8SQcSAHZBh0oKQAeKCkA
271=HygpACAoKQAhSQFbRD9VRCJIAXSRVUQjSAGUDXWRNrDEd5E2AFlMBV1tJkEEVakBJ0gBZA
272=FVAigoKQApSAGYPXSRxB52kTYAnBUinTU2lAZZBi1MBYwBIqRXJ1UALyhVADBIASVFNTFJ
273=AXSphTJIAdV7MygpADQoKQA1KCkANigpADcoKQA4KCkAOUgBJb0jOkgBJVkyO0gBxRM8SA
274=FokAEDCAA9yAEBBAgAPsoBBQlWkTYAdJEBAwkAQFQCaAFBBEFIASU5WkJIAckMQ0gByRdE
275=KCkARSgpAEYoKQBHKCkASCgpAEkoKQBKKCkASygpAEwoKQBNSQF2rSZOSAHBGk9IAcU0UE
276=gB2TJRSAHBBFIoKQBTKCkAVEgBI8NVBABVSAHFjFZIAcWMV8gBRYxYSAHFjFlJAUFjCwQA
277=WsgBSU5bSQFAtQJcyAFVAl1IAWiQSRZeSAGBUQBQ38BRdJEntQxhQATZXmIoKQBjSAHZBm
278=RJARtECVUMZUgBzQVmSAGQH3SR2FN0kScpAGlABNFsaigpAGtIAdEJbEgB0QltKCkAbigp
279=AG8oKQBwKCkAcSgrAAYAN+GTBygpAAgoKQAJKCkACigpAAsoKQAMSAElWScNSAHdFQ5IAZ
280=c5AAAPSAHRFBAoKQARSAHVIxJIAdkGEygpABRIAcUIFUgBxQgWKCkAFygpABhIAdEJGUgB
281=0QkaKCkAG0gBk9oAABxIAdEJHSgpAB4oKQAfKCkAIEkBW1A2VZEhyAFFSiJIAZcNBAAjSA
282=GUDW6UNwCcFW+UNwBeWAZZiiZABGQBSQEnKCkAKCgpAClIAZBAbZQ3tLJslCcpACxBBBts
283=RyJdWTeMCVEJLlQCjAEiLkg3AMGTMFQCyXoxKCkAMigpADMoKQA0KCkANSgpADYoKQA3KC
284=kAOEgB1ZE5SAHBDzooKQA7KCkAPEgBbpQGDE6UNwBqAQcLTJSqAQgKTZQ3jpQGCkyUJ0ED
285=QVgG3QpCKCkAQ0gBxJcHRAA3AHICAAAACBEAAKcOACAKAEUANwByAgAAAAgARigpAEcoKQ
286=BIKCkASSgpAEooKQBLKCkATCgpAE1LAXkCAH0KTkgBQAFpAU9JASC1AlBJARqpAVFIAcEE
287=UkkBRm8BCABTyAEBAQQAVEkBIW8FBABVSQEZqQFWSQEdqQFXSQEfqQFYSQFIZwgAAFlJAU
288=FIAUEDWsgBAQMAAFtJAUC1AlzIAVUCXUoB//9bAgAAXkkBJEwGUQFfSQEXqQFgSAGDDwAA
289=YSgpAGIoKQBjSAHNBWRJAR65BmVIAd0KZkgBkx8AAGdIAc0FaCgpAGlJARy5BmooKQBrSA
290=GDJQAAbEgB0QltKCkAbigpAG8oKQBwKCkAcSgpAHIoKAABBQA4ANEJBigpAAcoKQAIKCkA
291=CSgpAAooKQALKCkADCgpAA1IAdkcDkgB2RwPSAHZJxAoKQARSAHBBBIoKQATKCkAFEgB0R
292=8VSAHdFRYoKQAXKCkAGEgB3TYZSAHFKRpIAc0xG0gBxQgcKCkAHSgpAB4oKQAfSQFaREAB
293=AAQAIMgBQVEhSAHBUSJIAYsXBAAjKCkAJEkBGms4BAAlSQFeRAgBAQgAJkgBRAFlYCdIAY
294=cICAAoSAGLIggAKUgBkwkIACooKQArKCkALEgBnwoIAC1IAdEJLigpAC9JAXtjDwgAMEkB
295=cqkBMSgpADIoKQAzKCkANCgpADUoKQA2KCkAN0kBdbEJOEgBwQ85KCkAOigpADsoKQA8SQ
296=FTcwUMAD1IAQWXAQAACgsAPsgBAQsLAD9JAZhUAgEJCwBASQFSTAUBAQwAQUkBUEgBAQAM
297=AELIAVknQ0gBcAJNlERIAdkcRUgB2RxGKCkARygpAEgoKQBJKCkASigpAEsoKQBMSAHZHE
298=1IAdUNTigpAE9IAZNLCABQSQEeqSJRSAHNBVJIAWaXAgRGlzgAjDxmlzgAgDtmlzgAizgE
299=AFZMBYNRBABXSAHZlVhIAZQCZJcnbQ5aKFUAWygpAFwoKQBdKCkAXigpAF9IAdVwYEgBjB
300=Bkl9sRAABiKFUAY0gBhxMAAGRIAc0QZUgBlxgAAGZIAcUIZygpAGhIAdkGaUgB2QZqKCkA
301=a0gBzRBsSQEZbyYAAG1JARupAW5IAdkGbygpAHAoKQBxKCkAcigpAHMoKwAEADnxmAUoKQ
302=AGKCkABygpAAgoKQAJSAHNGwpIAcUTCygpAAwoKQANSAHRHw4oKQAPKCkAECgpABEoKQAS
303=KCkAEygpABRIAc0mFUgB0R8WKCkAFygpABgoKQAZKCkAGigpABsoKQAcKCkAHSgpAB4oKQ
304=AfSQFaSFVZUyBIAZMfBAAhSAGPGwQAIigpACMoKQAkSQEacDV9mTlI40gIfZk5XABLAAgA
305=J0AE3WIoSAGQCX6ZOQDJASooVQArKCkALEgBnAp8mScxAS5UAlQKfaQvSAHBfTBIAcF9MS
306=gpADIoKQAzKCkANCgpADVJAXdrFwgANigpADdJAXm1AjhIAdUNOSgpADooKQA7SQFWZwQM
307=ADzIAU2UPUkBfGUIDF+ZOQB0qQE/VALJAUAoKQBBSQF2oQRCSAFomwEEDABDyAEBBQgARE
308=kBf2MECABFSAHZHEYoKQBHKCkASCgpAEkoKQBKKCkASygpAExIASc9EzlsGHEqTlQCjwEI
309=AE8oKQBQSQEyewIHAFFJAZZUslGuUsgBQUZTSAGMPHyZwDt9mTkoPxM5AEpkCHyZqAFRCF
310=hYBsFcWSgpAFooKQBbSAGDUQAAXEgB0YJdSAHZBl4oKQBfSAHNiWBIAZBLfJnYEXyZJykA
311=YyiBAGRIAdV7ZUgB2QZmKCkAZygpAGhIAZ+6AABpSAHNEGooKQBrSAGcICImJjkAJYEhbV
312=QC3QpuSAHVGG9IAcUIcCgpAHEoKQByKCkAcygpAHQoKwADADrpmwQoKQAFKCkABigpAAco
313=KQAIKCkACUgBzSYKSAHRFAsoKQAMKCkADSgpAA4oKQAPKCkAECgpABEoKQASKCkAEygpAB
314=RIAcUpFUgB3SAWKCkAFygpABgoKQAZKCkAGigpABsoKQAcKCkAHSgpAB4oKQAfSQFfQVEB
315=ItYmOgCQH3WcOrSRdJwnKQAjTAWLIgQAJEgBlJF1nDqUnEVgJlQCTAlhZycoKQAoSAGQQH
316=Sc0Aki1CYnKQArQASfCggALEgBnCB1nDqMCQEACAAuVAKPAQgAL0gBJ5cTOgBypYExVALJ
317=ATIoKQAzKCkANEgB1Xs1SAHRCTYoKQA3KCkAOCgpADkoKQA6SQFXXAZdmTtIAXWcAnacOg
318=DJmz1UAowQdJzHEwwAPyhVAEAoKQBBKCkAQkgBwZ5DSQFPSgwADFWcOkKOAABRKkVUAsGe
319=RkgBiwwIAEcoKQBIKCkASSgpAEooKQBLKCkATEgB3SBNSAFwDV0rTigpAE8oKQBQSAFpmw
320=R2nDoAaAEBBQcAUtUCBiLUJrUCB3ScJ+0IVUAEiDgi1CagBFFLV1QCZAhdNVhIAcFcWSgp
321=AFooKQBbSAGAUXSc10QAAF1UAsGTXigpAF9JARdQCkUZYCgpAGEoKQBiKCkAYygpAGQoKQ
322=BlKCkAZigpAGdIAYNcAABoSAHdFWkoKQBqKCkAaygpAGwoKQBtSAHVGG5IAdEJb0gB0Qlw
323=KCkAcSgpAHIoKQBzKCkAdCgpAHUoKwACADvhngMoKQAEKCkABSgpAAYoKQAHKCkACCgpAA
324=lIAd0VCkgB0SoLKCkADCgpAA0oKQAOKCkADygpABAoKQARKCkAEigpABNIAckiFEgBySIV
325=KCkAFigpABcoKQAYKCkAGSgpABooKQAbKCkAHCgpAB0oKQAeSQGaTO1JAB/IAUH2IEgBjJ
326=Rtnzso7BMnKQAjQQQcfExvnzsAHqkBJVUCX0hPTWgmSAFkAUkBJygpACgoKQApSQEgeAZs
327=n98KCAArVQIatQIsSAHFCC0oKQAuKCkAL0gBJ+0TOyjsEycpADJABN2DMygpADRIAc1+NU
328=gByQw2SQFabwEMADfIAUmbOEkBVbUCOUkBV0gBVZw6yQEDaUA74Z48VAKUDSLEOswQbJ8n
329=KQA/KIEAQCgpAEEoKQBCKCkAQ0gB2aBESQFPQA8BBAwARckBBSKuTTsA2aBHVAKDDwgASC
330=gpAEkoKQBKKCkASygpAEwoKQBNSAGXDQgATkgBUA1t1k8oKQBQSAF5lQhtnzuOnwkGTJ+o
331=AQEKBQBTwQQLb587ACJoOCKEJ6AEAQQDAFbABAEFAwBXyAEBBgAAWMkBByLEOifxDlpUAs
332=VgW0gBlERtnzsmxSRdVAKUTyKsTSdVAF9VAhdjDwAAYCgpAGEoKQBiKCkAYygpAGQoKQBl
333=KCkAZigpAGdJARq9CmhIAcUTaSgpAGooKQBrKCkAbCgpAG1IAdUYbkgB0RRvSQEbvQpwSA
334=HdCnEoKQByKCkAcygpAHQoKQB1KCkAdigrAAEAPPmgAigpAAMoKQAEKCkABSgpAAYoKQAH
335=KCkACCgpAAlJASS9FQpIAcEwCygoAHz/zRsNVALJAQ4oKQAPKCkAECgpABEoKQASKCkAEy
336=gpABRIAcElFUgBwSUWKCkAFygpABgoKQAZKCkAGigpABsoKQAcKCkAHUkBmkygAQQAAB7I
337=AQEFAAAfyAEBBgMAIMgBAQcDACFIAZQ5IjUoPO2fI1QCZAhR+yTIAQECCAAlSAFlogEizT
338=s8gGuEoicpAChABCMIMyI2KDwAjCZkoicpACtABJurCAAsSAGICCI0KCcFAS4oVQAvSAHR
339=gjBIAdGCMSgpADIoKQAzKCkANEgBJ0QUJ10BNlUCWlgNQZ43SQF8ZD8ilVY8JsU6OVQCJc
340=U6OigpADtIAYAPdUE8tLJkoicpAD4ogQA/KCkAQCgpAEEoKQBCKCkAQygpAERIAZiVZaI8
341=SJZXFAwARlUCTkQBSS1HSAHdIEhIAZsRCABJKCkASigpAEsoKQBMKCkATSgpAE5IAZQNIs
342=07PEAMSAAiD088ACpFAQBkosgBZKLIAWSiyAFlojwoRRQ8lacIZKKoAQEJAgBXSQyWVk8K
343=AUSitQILZKInHQ9aQASURCL1YTwk1DxkoieBAF1ABN1iXigpAF9IAYRVZaI89adhVALRd2
344=JIAYtOAABjKCkAZCgpAGUoKQBmKCkAZygpAGhJARloQyLOOzwAyQFqVALFdmtIAcUTbCgp
345=AG1IAcUTbkgBzRBvSQEasQlwSAHZBnEoKQByKCkAcygpAHQoKQB1KCkAdigpAHcoKwACAD
346=3xowMoKQAEKCkABSgpAAYoKQAHKCkACCgpAAkoKQAKKCkACygoAGBfyaYNVALZHA4oKQAP
347=KCkAECgpABEoKQASKCkAEygpABRIAcElFUgBwSUWKCkAFygpABgoKQAZKCkAGigpABsoKQ
348=AcKCkAHUgBfZkIZqI9AGoBCQFEoqoBCgJEoqkBC2WiPeFcItkGBCJUY6EEBSKMKKgBAQYH
349=ACXABAEHBwAmSAFoaIWiPYQBSQEoVAKMJmWiPbBWZaI9pK0ijCgnrQAsTAWcBmSiJ1UALi
350=hVAC8oKQAwSAEluSgxSAHRgjIoKQAzKCkANEkBeWNRCAA1SAFwH1mKNsgBhaI9JPglZaI9
351=9Zw5QAScCiJcRCdVADsoVQA8KCkAPSgpAD4oKQA/KCkAQCgpAEEoKQBCKCkAQygpAEQoKQ
352=BFSAGYlWWiPfGjR1QC0aNISAHRo0lIAZ8VCABKKCkASygpAEwoKQBNKCkATigpAE9IAZQN
353=ZaI9KEQUyAFkosgBZKLIAWSiJ8EIVUUIKmw4ZKLABGSiyAFkosgBZKIn8Q5aWAaURGWiPS
354=hEFCeBAF1ABN1iXkgB1adfSAHBZ2BIAcEEYSgpAGJIAcGTY0gBxXZkKCkAZSgpAGYoKQBn
355=SAHNqmgoKQBpKCkAakgBm/gAAGtIAcEPbCgpAG1IAcEabkgB0QlvSAHZBnBIAdkGcSgpAH
356=IoKQBzKCkAdCgpAHUoKQB2KCkAdygrAAMAPuWiBCgpAAUoKQAGKCkABygoAAQIAD4A//8A
357=EQAA+A4AIAcAAAAACQA+AP//QAEDAAAKAD4AyQELKCkADCgpAA1KASACjQUOSQEXqQEPKC
358=kAECgpABEoKQASKCkAEygpABQoKQAVSQEZsQkWSQEbqQEXSAHZERgoKQAZKCkAGigpABso
359=KQAcKCkAHUkBKJoVAB7rAQEAH+sBAgAg6wEDACFJASJjDwQAIkgBBZoBAAAIBAAjyAEBCQ
360=UAJMgBAQoGACXIAQELBwAmSAGHDAgAJygpACgoKQApKCkAKigpACsoKQAsKCkALSgpAC5J
361=AXx7EQgAL0kBdKkBMEkBcqkBMSgpADIoKQAzSQF1oQQ0SAF0GAEECAA1yAEBBQgANsgBAQ
362=YLADfIAQEHCwA4SQF7ewYMADlIAYsMDAA6KCkAOygpADwoKQA9KCkAPigpAD8oKQBAKCkA
363=QSgpAEIoKQBDKCkARCgpAEUoKQBGSQF2pRNHSQFOTC0BBAwASMgBQRpJSAGLFwgASkgBix
364=cIAEsoKQBMKCkATSgpAE4oKQBPSQF5awwIAFBJAZVEPwEABwBRyAEBAQYAUsgBAQIFAFPI
365=AQEDBABUSAHBRlVJASpEEwEAAwBW6wECAFfrAQEAWOsBAABZSAHVWlooKQBbSQEgbxAAAF
366=xIAdFhXSgpAF5IAd1tX0kBGq0FYEgB0QlhSQEhtQJiSAHNBWNJARy1AmRIAdUCZSgpAGZI
367=AdEJZ0gB0QloKCkAaSgpAGooKQBrKCkAbCgpAG0oKQBuKCkAbygpAHAoKQBxKCkAcigpAH
368=MoKQB0KCkAdSgpAHYoKwAEAD/5lQUoKQAGKCkABygpAAgoKQAJSAHBJQpIAdGNC0gB0R8M
369=KCkADUkBJLknDkgBxSkPSAHFKRAoKQARKCkAEigpABMoKQAUKCkAFSgpABZIAcEwF0gBzR
370=AYKCkAGSgpABooKQAbKCkAHCgpAB1JAZt9VwBCnj8AaQEBYJ6pAQJgnqkBA2KePwDdVyL4
371=BmCeoQQBYJ6pAQJgnqkBA2GeP2RdVKNAnicpAChECJsCCAApKCkAKigpACsoKQAsKCkALS
372=gpAC5IAd14L0gB3XgwKCkAMSgpADIoKQAzSAEnwhM/AGGeCGCeqgEJCUCeqgEKCkCeqQEL
373=Yp4/AJQNYp4/AJQNYJ4nKQA7XArVAjwoKQA9SQF3fEFy4j8AyQE/KFUAQEgB2QZBKCkAQi
374=gpAEMoKQBEKCkARSgpAEZIAZeRDABHSQGWVTkBYp4/AGgBAQIIAElVAn9sEGCe3BVgnicp
375=AExABI8QCABNKCkATkgBwSVPSAHRNVBIAWGeBGKePwBqAQUHQJ6qAQYEQp4/AJRlYp4/AI
376=dVBABVWAYnwhM/AIgBYJ7IAWCeyAFgnieZDlpYBsFcW0gBJ8ITPwDZaV1UAskBXkgB3W1f
377=KCkAYEgB0aNhSAHNBWJJAR5rIgAAY0gByQxkSAHRd2VIAc0FZkgBlxgAAGdIAc0FaCgpAG
378=koKQBqKCkAaygpAGwoKQBtKCkAbigpAG8oKQBwKCkAcSgpAHIoKQBzKCkAdCgpAHUoKwAF
379=AED1nAYoKQAHKCkACCgpAAlIAdEqCkgBxR4LSAHVnAxIAcUeDSgpAA4oKQAPSAHFCBBIAc
380=UIESgpABIoKQATKCkAFEgB0TUVSAHZBhZIAcktF0gBwQ8YKCkAGSgpABooKQAbKCkAHCgp
381=AB1IAX2ZBGmbQIibAQUAAB9VAmBMWQEBBAAgSAGLDAQAIUgBJ2gTrQUEaJuoAQEFBAAkQA
382=RXBgAABCEvJ0AAXm8BCAAm9AIiLSdAu14IAChUApgnaZtAZAVtnypUAo8BCAArKCkALCgp
383=AC1IASUBJy5IAcFyLygpADAoKQAxKCkAMigpADNIAcV2NEgBcR8AaJu1GAFom6kBAmibqQ
384=EDaZtAKGkTQChoEycpADtQCZsRDAA8SAGLDAwAPUkBMmQaIukvQFAaTAFz4kAAM0UBAHBI
385=J10BQU0Fcn9tDABCKCkAQygpAEQoKQBFSAHJDEZIAXKYBAtJm0CcmQEFCwBI1QIGaJu1Ag
386=dqm0AA1ZxLQASXDQgATCgpAE0oKQBOSAGLDAgAT0gBeBVBJVAoKQBRSAFqmwkISZtAlZwK
387=aptAAJyDaZtAKGgToQQAIiwnqQEBaJupAQJom6kBA2ibJ20OWkgMl08AAFtJASB0IyItJ0
388=AoaBPJDABYTSfZAF9MBdkGYEgB2QZhSQEepQhiSAHBBGMoKQBkKCkAZUgB2QZmSAHdbWdI
389=AdkGaCgpAGkoKQBqKCkAaygpAGwoKQBtKCkAbigpAG8oKQBwKCkAcSgpAHIoKQBzKCkAdC
390=grAAYAQf2ZBygpAAgoKQAJSAHBGgpIAc2JCygpAAxIAYNyAAANSAHZHA4oKQAPSAHFCBBI
391=AcUIESgpABIoKQATSAHJLRRIAdEJFUgBi0MAABZIAcEEF0gBwQQYKCkAGSgpABooKQAbKC
392=kAHCgpAB0oKQAeSAFpeglxmEFMQlhWcZhBvI5ymEEAjKoiQzpBAB98QXGYQY2fCXGYQUwG
393=SABwmKUIAXCY1AJxmEGgXHGYQaBRcphBAInoCFz2JykAK1gRkyoIACxIAVQKdZwtSAEjmy
394=QIAC5IAdVwLygpADAoKQAxKCkAMigpADNIAc1zNEgBZB4jQDq1GAUiQzpBAF9YDQEBDAA3
395=QARHAQAADCFBOkEoERNBKBATJykAO0wFmBFymEEAiAxxmEFQGkwIcJjcIHGYQVS4lQJAWA
396=aAGnBIJzEBQlQC0QlDKCkARCgpAEVIAckMRkgBcZgIcZhBkpgJClCYqAEBCgkAScEEC3CY
397=zBAifCbAGnCYwA8ifCYnKQBOWAaIDHCYJ9kAUFQCQBdtMVFJAU9sAXGYQUadAABV3lNUAn
398=ACRdlUSAHV3lVIAWGeBHGYQYCeAQUDAFfUAgEGAABYyQEHcJgnQQ5aVALBXFtIAc1oXEgB
399=zWhdKCkAXkgBmUgAWDfbSAAAYFQCyZBhSAHRCWIoKQBjSAEjPykAAGRIAcUIZUgBj10AAG
400=ZIAd1tZ0gBxQhoKCkAaSgpAGooKQBrKCkAbCgpAG0oKQBuKCkAbygpAHAoKQBxKCkAcigp
401=AHMoKQAHUN3ZEQgoKQAJSQEkbHMi/UxCpXYAWuVCAMwmbOTJIg1MBcUIDigpAA9IAcUIEE
402=gB3SARSAHFCBJIAcUIE0gBxQgUKCkAFSgpABYoKQAXKCkAGCgpABkoKQAaKCkAGygpABwo
403=KQAdKCkAHkkBYGNNBAAfSQFeSAFVTyBIAclOIUgBUAIiSSUiKCkAIygpACQoKQAlSAGQCX
404=mVQpQGQfYnVAKMAXuVQgAgcCp4lcQpeJUnKQArTQUeoQQsSAHZBi1IAZR7eZVCtIYi/Ewn
405=KQAwQASDfQgAMSgpADIoKQAzSAHVcDRIAd0KNUgBZZcJe5VCAGF4AnqVQgAjhCd4lcgMIj
406=g5JykAOlgGlw0MADsoKQA8SAGIDHmVQlwQVAl7lUIAKUQBRUc/QQQwqQFASAGAGniVJ10B
407=QlQC3QpDKCkARCgpAEVIAckMRkgBZIFdCkfJAQF5lUKRggJ4lakBA3iVwBp4ldQNeJUnKQ
408=BNRAiDDwgATigpAE9IASV9UlBIASO3TggAUUgBcBhBO1JIAWSXQb9TyQEFIswlzDwiOjlC
409=AJPPBABWQAR8FV3bV8kBCnmVQibRIFlUAsVgWigpAFtIAYBGIswl10QAAF1UAs1oXkgBxW
410=tfKCkAYEgBmUgAUDoniQFiVALJDGNIAc1zZEgBzQVlSAHBBGYoKQBnKCkAaCgpAGkoKQBq
411=KCkAaygpAGwoKQBtKCkAbigpAG8oKQBwKCkAcSgpAHIoKwAIAEPhJQkoKQAKKCkAC0gBwR
412=oMSAHVIw1IAYMwAAAOSAHNGw8oKQAQKCkAEUgBxQgSSAHFCBNIAcUIFEgBxQgVKCkAFigp
413=ABcoKQAYKCkAGSgpABooKQAbKCkAHCgpAB1IASLQIFXeHkkBYEBNVZEfSQElcIIiHiVDAJ
414=A1Ih0lQ1gDSAAiHCUnKQAjTAVMAnmVJCgpACVIAZAJYJPMBSIfJUMAIXwKYZNDvLpgkycp
415=ACpYBoC0IjA4J9kALFQCiwwIAC1IAZx4YZNDKGASJykAMEAExWsxKCkAMigpADMoKQA0SA
416=HRbDVIAckMNkgBaRcAYpNDAJQNYJPIDGCTJykAOkwFlA1gkydVADwoVQA9SAGIeiKeS0MA
417=yQE/KFUAQEgBxQhBKCkAQigpAEMoKQBEKCkARUgBJ2ESQ4iQIzA4qAEjMDioASMwOKgBIz
418=E4QygwONwVYJMnKQBNXAqYEWCTJ1UATyhVAFBIASNUTWCTJ4UGUlUCUH8nCABTyAFZSFRI
419=AYBcYZNDJl04VlUCS0wFAQIEAFfJAQNgkye9DVlUAtleWigpAFtJASBsR2CTwEZgk9hTIj
420=A4JwUBX0wFxQhgKCkAYSgpAGIoKQBjKCkAZCgpAGUoKQBmKCkAZygpAGgoKQBpKCkAaigp
421=AGsoKQBsKCkAbSgpAG4oKQBvKCkAcCgpAHEoKwAJAET1kQooKQALKCkADEgBiC0iKTdEpH
422=ZokCfZAA9ABMkiECgpABEoKQASSAHdKxNIAZdwAAAUSAHZBhUoKQAWKCkAFygpABgoKQAZ
423=KCkAGigpABsoKQAcSQFgUEBdjh1IAWiQQUYeSAGUDSJtJER4A3mKIFQCjAFokCdVACIoVQ
424=AjSQFZZwQIACRJAVWpASVJAWGpASZIAWQBSegnSQEgeEhqkEQAkK5pkEQkwCkibCTYJ2iQ
425=1A0iKTdEJIgiaZBE/Y4uUAnVZS8oKQAwKCkAMSgpADIoKQAzKCkANEgBnHgiPEontQE2VQ
426=JgQBYjKTdEKAgSwA9okCcpADpMBYwQaJAnVQA8KFUAPSgpAD4oKQA/KCkAQCgpAEEoKQBC
427=KCkAQygpAEQoKQBFKCkARkgBgKkiqV1ElZEJIqhdqQEKIjxKJ20DSkwFSBsiITZLSAGYq2
428=iQyBciKDcnKQBOQASMGyIpN0QkbzoIAFBUAsUIUSgpAFIoKQBTSAF0kQEECABUyQEFa5BE
429=ACZkPyJtJEQj2DdVT1dABCJJJQFokCe1DFlUAoNRAABaKCkAW0gB0WxcSAEIHgIAAAAAAF
430=0ARAARAAC2DgAgAf//AABAAAFeAEQAyQFfKCkAYCgpAGEoKQBiKCkAYygpAGQoKQBlKCkA
431=ZigpAGcoKQBoKCkAaSgpAGooKQBrKCkAbCgpAG0oKQBuKCkAbygpAHAoKwAKAEXhGgsoKQ
432=AMKCkADSgpAA4oKQAPKCkAECgpABEoKQASSgEkAkcmAAATSQEeqQEUSAHZJxUoKQAWKCkA
433=FygpABgoKQAZKCkAGigpABtJAV5nDAQAHEkBYEgBAQEEAB1IAYsMBAAeSAFQAgIAAAQAHy
434=gpACAoKQAhKCkAIigpACNJAVdcBgEBCAAkSAFEAQIAAAgAJSgpACYoKQAnSQEgbxsIAChJ
435=ARqpASlIAdkGKkkBfLUCK0kBdKkBLEkBcqkBLSgpAC4oKQAvKCkAMCgpADEoKQAyKCkAMy
436=gpADQoKQA1SQF2qQw2SQE/fxEMADdJAX93AgwAOEgBjxAMADkoKQA6KCkAOygpADwoKQA9
437=KCkAPigpAD8oKQBAKCkAQSgpAEIoKQBDKCkARCgpAEUoKQBGSQF5sRRHSQFGSBdNMUhIAc
438=UpSUgBxSlKKCkAS0gBgxoIAEwoKQBNKCkATigpAE9JAXVrDAgAUEgBRAxtPFEoKQBSSQEj
439=oQRTSAHBBFRJAU9vAQgAVcgBSU5WSQEnbwUEAFdIAWAEAQQEAFjIAQEFAABZSAGPUgAAWi
440=gpAFsoKQBcKCkAXSgpAF4oKQBfKCkAYCgpAGEoKQBiSQEhbxAAAGNJARupAWRIAcEPZSgp
441=AGYoKQBnKCkAaCgpAGkoKQBqKCkAaygpAGwoKQBtKCkAbigpAG8oKwALAEbljAwoKQANKC
442=kADigpAA8oKQAQKCkAESgpABIoKQATKCkAFCgpABUoKQAWKCkAFygpABgoKQAZKCkAGigp
443=ABtIAXiKQTscSAGYJ3iKeFBIP3iKJykAH0EEW1ACWVMgSQFUSAFJhSHIAVUCIkgBbIkBAg
444=gAI8kBA3iKxAh6ikYAnzYIACZBBBl/NggAJ0kBF6kBKEkBHqkBKUgBZAxJDCpJAXu1AitI
445=AdleLCgpAC0oKQAuKCkALygpADAoKQAxKCkAMigpADMoKQA0KCkANUgBwWc2SQE/XBFNGz
446=fJAQN7ikYAf2QTeopGAIcTDAA6QATJATsoKQA8KCkAPSgpAD4oKQA/KCkAQCgpAEEoKQBC
447=KCkAQygpAEQoKQBFSAHNiUZIAXwuXRVHSAHNiUhIAYcTCABJKCkASigpAEsoKQBMKCkATS
448=gpAE4oKQBPKCkAUEgB3a9RSAFcJGWMUkgB3cVTSQEbYyUIAFRIAcEEVUgBg4gIAFbJAQV7
449=ikYATmQEeIqpAQF4iidlDVpMBYdVAABbKCkAXEgBk0sAAF1IAZcNAABeSAHNBV8oKQBgSA
450=HNBWFIAYNRAABiSAGAUXqKRgCDUQAAZFQCxQhlKCkAZigpAGcoKQBoKCkAaSgpAGooKQBr
451=KCkAbCgpAG0oKQBuKCsADABH7YkNKCkADigpAA8oKQAQKCkAESgpABIoKQATKCkAFCgpAB
452=UoKQAWKCkAFygpABgoKQAZKCkAGkkBVqU0G8gBgIjcFWOIRwBeYwQIAB5BBFtIAUFRH8gB
453=UYIgSAFQAnVEISgpACIoKQAjKCkAJCgpACVIAcVKJkgBkDViiEcAJTEiKFQC3QopSAHZXi
454=pIAdleKygpACwoKQAtKCkALigpAC8oKQAwKCkAMSgpADIoKQAzKCkANCgpADUoKQA2SAHJ
455=ZDdJAT9UFAEFCAA4SQE+SQEAYYhH7Yk6VQJ3d2UMADtIAYsXDAA8KCkAPSgpAD5IAc0FPy
456=gpAEAoKQBBKCkAQigpAEMoKQBESAHVhkVJAUd5EQhaUEcA2SdHVAKPEAgASCgpAEkoKQBK
457=KCkASygpAEwoKQBNKCkATigpAE8oKQBQSAGPEAgAUUgBaBBBv1JIAdk9U0gBzTxUSAHBBF
458=UoKQBWSAGXhggAV8gBTVJYyAEBBAQAWckBBSJcIsRVYIgnKQBcQAQlFS9dSAGQS2KIRwDd
459=g19UAskBYEgBwQRhKCkAYkgBkBRgiCddAWRUAicAESdVAGYoVQBnKCkAaCgpAGkoKQBqKC
460=kAaygpAGwoKQBtKCkADUw01Q0OKCkADygpABAoKQARKCkAEigpABMoKQAUKCkAFSgpABYo
461=KQAXKCkAGCgpABlJAVprNAQAGkgBaIUBAgQAG0gBhBMiCTNIeAMisTIdVAJphQFohdcCCA
462=AfVAKHBAgAICgpACEoKQAiKCkAIygpACRIAZy6Iq4hSACENCKsIScpACdBBBpkayIIMye1
463=ASlUAiWBISpIAc1dKygpACwoKQAtKCkALigpAC8oKQAwKCkAMSgpADIoKQAzKCkANCgpAD
464=UoKQA2KCkAN0gB1YY4SAFohUGpOckBAyKvIUgAPGQlaYVI4Yg8QATRgj1IAYdrDAA+SQGT
465=SOkBAQsAP8gBAQILAEBJAZRUAgEACwBByAFBBEJIAXgKQZNDSQFFbwEMAETIAVE1RUkBfK
466=UpRkgBzSZHKCkASCgpAEkoKQBKKCkASygpAEwoKQBNKCkATigpAE9IASUlJlBIAXQRXYNR
467=KCkAUkgBJ6gQJ7kHVFQChHYiCzNIABu9FVZUAsUIV0gBdIYBBAgAWMkBBWuFSABQZwQEAF
468=pUAmgBQSRbSAGfVwAAXCgpAF1IAdWGXkkBHGsMAABfKCkAYEgBg1EAAGEoKQBiSQEerQVj
469=SAHdCmQoKQBlKCkAZigpAGcoKQBoKCkAaSgpAGooKQBrKCkAbCgrAA4ASWQbbQAPKCkAEC
470=gpABEoKQASKCkAE0kBLHMGAAAUSQEpqQEVKCkAFkkBLbUCF0gBwRoYSQFhdwIEABlJAVpI
471=AUWBGkgBgARwgtgRcYJJWC1HBAgAHUAEbAVdTB5IAUwCIqUgHygpACAoKQAhKCkAIigpAC
472=MoKQAkSAGENHKCSQCENHGCSf2DJ0EEGmwxcILbEQgAKVQCJ1EQSSRvLwgAK1QCzV0sKCkA
473=LSgpAC4oKQAvKCkAMCgpADEoKQAyKCkAMygpADQoKQA1KCkANigpADdIAdFhOEgB1SM5SA
474=F8gwEFCAA6SQE8WAJJhTvIAUmFPEkBPVQCSXo9SAFkgVUCPskBBHKCSQB2AgUKUoJJAHKC
475=AwpQgqgBQQRCTAV0AgEFDABDSAFwgkkMREkBfLknRUgB1SNGKCkARygpAEgoKQBJKCkASi
476=gpAEsoKQBMKCkATSgpAE4oKQBPSAHdIFBIAWgbkIInCQdSVAInUBAnuQdUVAKAcnKCSQDF
477=P1ZUAsUIVygpAFhIAXh/XQpZyQEBcYJJnIMBBAQAW9UCBXGCSSa9Ll1UAoBcIvwgJ1UAXy
478=hVAGBIAYxScoJJAMWBYlQC2QZjKCkAZCgpAGUoKQBmKCkAZygpAGgoKQBpKCkAaigpAGso
479=KAABDwBKAMl6EEgByXoRKCkAEigpABNJATCYI1l/SqMBAQAVVAKPAQEAFkkBKo4BABdJAV
480=tIAUElGEkBX6kBGUgBjBsiTCDECHl/SkooAABBfRxBBFpMBUVKHUgBRAFtfh5JAaBsASJP
481=IEoAmqkBIFQCZAFZMiFIAcEEIkgBwQQjSAHBBCQoKQAlKCkAJkgBgDAi+TBKoDB4f8QTen
482=9KACf5D0oo+A8nKQAsRAiP7AgALUgB2V4uKCkALygpADAoKQAxKCkAMigpADMoKQA0KCkA
483=NSgpADYoKQA3KCkAOEgBJW1QOSgpADpIASXRIDtJATxAIVGCPEgBeH9JLT1IAWB9AQYIAD
484=7IAQEHCAA/ygEICVl/Spp/BglYf6gBQQRCQAR6fwgIW39KAHytfkRUAtEfRSgpAEYoKQBH
485=KCkASCgpAEkoKQBKKCkASygpAEwoKQBNKCkATigpAE9IASNkIyJYUyfdBlFVAiGlE1JIAc
486=F9UygpAFQoKQBVKCkAVkgBJaUgVygpAFhJARuxCVlIAWSBAQQIAFrJAQV6f0oAIgRDAQAE
487=AFxUAmkBASL9QUrlgV5UApheIkwgJ1UAYChVAGEoKQBiKCkAYygpAGQoKQBlKCkAZigpAG
488=coKQBoKCkAaSgpAGooKwAQAEtUQUsAAQARSAGPfgEAEigpABMoKQAUKCkAFUgBUAZcdEF9
489=S4R2WfgXVQJbWAIBAwQAGEgBmBx8/MgMYH3PBQgAG0AEjwUIABxIAcV2HUkBmEQIXXgeSQ
490=GWqQEfKCkAIEgBwQQhSAHBBCJJAZmtBSNIAWQBRQgkKCkAJSgpACYoKQAnKCkAKEgB3Vcp
491=SAHdVypIAcl6K0gB0UssSAHJDC1JAX+9QS5IAc0FLygpADBIAdEJMSgpADJIAc0FMygpAD
492=QoKQA1KCkANigpADdIAdEJOCgpADkoKQA6KCkAO0gBxYE8KCkAPUgBxYE+SAFtfgphfUue
493=/AsIQX1Lgn0JCEB9qAFBBEJMBcUeQ0gB2aBESAHZEUUoKQBGKCkARygpAEgoKQBJKCkASi
494=gpAEsoKQBMKCkATSgpAE5IAdH7T0gB2RFQKCkAUUgB0ftSSAEnoQ9LJlknVChVAFUoKQBW
495=KCkAVygpAFhJARqhO1lIAdUNWkgBaHpRS1vIAVHaXMgBVf9dyAFV/15IAYRgYX1L+X9gKF
496=UAYSgpAGIoKQBjKCkAZCgpAGUoKQBmKCkAZygpAGgoKQBpKCsAEQBMhhcAAkp6TACXewIA
497=E1QCyQEUSQE0aQQCTvdMACMJXwRIeqgBTRsXQASUGGh60AloeicpABpBBFhkCGh61AJrek
498=wAo7UCHUAE2XQeKCkAHygpACAoKQAhKCkAIigpACNJAZqxCSRIAWQBQTAlSQGgbAEi6S5M
499=JiEgJ1QCcAJBBChIAcVVKUgBzUcqSAHBBCsoKQAsKCkALSgpAC4oKQAvKCkAMEgBzX4xSA
500=HRgjJIAd0KMygpADQoKQA1KCkANigpADdIAdEJOEgB2Wk5KCkAOigpADsoKQA8KCkAPSgp
501=AD5IAdV7P0gB2RFAKCkAQSgpAEJIAcGeQ0gBwQ9EKCgACUUATAByAgAAAAgARhEAAFUOAC
502=AIAEwAcgIAAAAIAEcoKQBIKCkASSgpAEooKQBLKCkATCgpAE0oKQBOSwF1AgB9Ck9IAUAB
503=aQFQKCkAUUkBIKEEUkkBF6kBUygpAFQoKQBVKCkAVigpAFcoKQBYSQEepQhZSAHVDVooKQ
504=BbSQFPWAIBBAgAXMgBAQUEAF1JAU5UAgEABABeyAEBAQAAX0oB//96AgBgKCkAYSgpAGIo
505=KQBjKCkAZCgpAGUoKQBmKCkAZygpAGgoKwASAE2IDQEAAwATSQEwcwEDABRJAVZrAQQAFc
506=gBAQEEABZJAS21AhdIAWQBSRcYSQFXTAEBAQgAGUkBUkgBVTkayAFVAhtIAXACVQIcKCkA
507=HUkBn3sCCAAeSQGWqQEfKCkAICgpACEoKQAiKCkAIygpACRJAZilCCVIAdEJJkkBmbUCJ0
508=gBZAFNEChJAX+xNSlJAXmpASpIAcEEKygpACwoKQAtKCkALigpAC8oKQAwKCkAMUkBIb0K
509=MkkBG6kBM0gByQw0KCkANUgBzQU2SAHNBTdIAc0FOEkBe6UIOUkBcqkBOigpADsoKQA8KC
510=kAPSgpAD4oKQA/SQF0pQhAKCkAQSgpAEJIAckMQygpAEQoKQBFKCkARigpAEcoKQBIKCkA
511=SSgpAEooKQBLKCkATCgpAE0oKQBOKCkAT0kBdr0VUEgBySJRSQEktQJSSQEXqQFTKCkAVC
512=gpAFVJARyhBFYoKQBXSAHFdlhJAaBjCwgAWUkBmqkBWkgBZAFBRlsoKQBcSAGFdghSd00A
513=aAFdYl7WAgQEUHe2AgUAUndNAN14YUAEyQFiKCkAYygpAGQoKQBlKCkAZigpAGcoKQATmA
514=5NEwRadE4AeXQCeHRwEVUCBVt0TgAqRAFNcxdNBVdIAQECCAAYyQEDeHTPBQgAGlQC0R8b
515=SAHNaBwoKQAdSAHZaR4oKQAfKCkAICgpACEoKQAiKCkAIygpACQoKQAlKCkAJkgBJ5gOJ2
516=UCKFQCRBd5tikoKQAqKCkAKygpACwoKQAtSAHZaS5IAdlpL0gB0QkwSAHBBDFJARepQzIo
517=KQAzSQEZtQI0KCkANUgBzQU2SQEaoQQ3SAHdCjhIAdmKOUkBd6EEOkgB2Wk7KCkAPCgpAD
518=0oKQA+KCkAPygpAEAoKQBBKCkAQigpAEMoKQBEKCkARSgpAEYoKQBHKCkASCgpAEkoKQBK
519=KCkASygpAEwoKAB4W8EaTihVAE9IAdntUEgBySJRKCkAUkgBxXZTSAHFKVRIAcUpVUgB2Q
520=ZWKCkAVygpAFhIAd3FWUgBwUZaSAHZBlsoKQBcKCkAXUgBbEpF717IAUXvX0gBfPFJZGDI
521=AUXvYUgBJ5kOTvF3YyhVAGQoKQBlKCkAZigqABQAlwoAAAVf5k8AKWgTYXJPmHRNiRdABG
522=R2WeIYSAF8A1UCGSgpABpJAaN7AggAG0kBm6kBHEgB1XAdKCkAHigpAB8oKQAgKCkAISgp
523=ACIoKQAjKCkAJCgpACUoKQAmSAHdKydIAWgQURQoKCkAKSgpACooKQArKCkALCgpAC1JAS
524=CxYS5IAcU/L0gB0WwwSAHVAjFIAc21MkgB1QIzKCkANCgpADUoKQA2SAHRuTdIAd0VOCgp
525=ADkoKQA6SAHV6TtIAclZPEgBxXY9KCkAPkgBwQQ/KCkAQCgpAEEoKQBCKCkAQygpAEQoKQ
526=BFKCkARigpAEcoKQBIKCkASSgpAEooKQBLKCkATCgpAE0oKQBOKCkATygpAFBIAcnoUUgB
527=1SNSKCkAU0gBxTRUSAEnQA7JWQhMVycpAFdBBKBrCAgAWEgBzVJZKCkAWkgByehbSAFoBU
528=1HXCgpAF0oKQBeSAGFCwhc5mYWAABV6WDUAlXpYcgBVeliSAGTCQAAYygpAGQoKQBlKCgA
529=AhUAUAA3cQUGTeFQWhcAAEHgF1QCcAJZERgoKQAZKCkAGigpABsoKQAcSAHdjh1IAcUeHi
530=gpAB8oKQAgKCkAISgpACIoKQAjKCkAJCgpACUoKQAmKCkAJ0gB3fEoSAHRKilIAdUYKigp
531=ACsoKQAsKCkALUgBwTsuSAHZaS8oKQAwSAHBZzFIAd0KMkgBzbUzSAHBcjRIAcUINUgB1U
532=Q2SAHZBjcoKQA4KCkAOSgpADpIAcXkO0gBJeEtPEgBxQg9KCkAPkgBzQU/SAHVcEAoKQBB
533=KCkAQigpAEMoKQBEKCkARSgpAEZJAXe1kUdIAd0KSCgpAEkoKQBKKCkASygpAEwoKQBNKC
534=kATigpAE8oKQBQSAHZ4lFIAdkcUigpAFNIAcU0VEgB0SpVSAHNBVZIAd1tV0gB1U9YKCkA
535=WSgpAFpIAdm2W0gBxQhcKCkAXSgpAF4oKQBfSAF0cEXkYMgBReRhSQFQawgEAGLIAUXkY0
536=gBcAJNAGQoKAACFgBRADNIAgEABwAXSAFkAZFsUYQBSQEZKFUAGkgBwRobSAHBXBxIAc0b
537=HSgpAB4oKQAfKCkAICgpACEoKQAiKCkAIygpACQoKQAlKCkAJigpACcoKQAoSQGdZRYIXP
538=Yn6QIqVAJwAlUYK0gBJeUoLEgB2dctSAHdYi4oKQAvSAHVOTBIAcUIMSgpADIoKQAzKCkA
539=NEgByW81SAHNczZIAcUINygpADgoKQA5KCkAOigpADsoKQA8SAHJFz1IASVVLD5IAd0KP0
540=gB3W1ASAHJZEFIAclkQigpAENIAcEERCgpAEVIAcl6RkgB3QpHSAHdCkhIAdkGSUgB3QpK
541=KCkASygpAEwoKQBNKCkATigpAE8oKQBQKCkAUUgByd1SSAHNEFNIAdEqVEgB2TJVSAHBBF
542=ZIASXNJVdIAcFRWCgpAFkoKQBaSAEnkA0nlQhcVALRCV0oKQBeKCkAXygpAGBIAYdrCABh
543=yAFV3mLIAVXeY8gBVt4XACM4RSIRNBgoKQAZKCkAGkgByRcbSAHJFxwoKQAdKCkAHigpAB
544=8oKQAgKCkAISgpACIoKQAjKCkAJCgpACUoKQAmKCkAJ0gBzWgoSAHJIikoKQAqSAHBUStI
545=AcFnLCgpAC1IAcXOLigpAC9IAdFhMEkBMmMLBwAxSQGTVJIBAQcAMsoBAgdHkVIAK6EENF
546=QCyQE1KCkANkkBlFgGWZU3yAFFCDhIAXQGQX05KCkAOigpADtIAckXPEgByRc9KCkAPkgB
547=xWs/SAHRCUAoKQBBSAHRYUJIAdVlQ0gBzQVEKCkARSgpAEZIAcEPR0gB3Y5ISAHVDUlIAd
548=0KSkgB0WxLKCkATCgpAE0oKQBOSQFyreFPKCkAUCgpAFEoKQBSSAHFa1NIAd0VVEgB2ddV
549=SAHZEVZIAcEEV0gBJfEkWEgB2VNZKCkAWigpAFtIASWRI1xIAcUIXSgpAF4oKQBfKCkAYC
550=gpAGFIAWRrRdliyAFH2RgAU4wJQTsZKCkAGigpABtIAdEUHEgB0RQdKCkAHigpAB8oKQAg
551=KCkAISgpACIoKQAjKCkAJCgpACUoKQAmSAHNiSdIAZcUCAAoKCkAKSgpACpIAdGYK0gByW
552=QsSAHdYi1IAcUILigpAC8oKQAwSAF2ZQMIQmdTAGkBBGBnqgEFBkFnU6NnBgA0TAWDZwYA
553=NSgpADZIAWBnAQMGADfIAUUIOMgBAQUIADlJAUNzEAgAOkkBPqkBO0gByRc8SAHJFz0oKQ
554=A+KCkAP0gBwVxASAHFSkFIAWwJSThCKCkAQygpAERIAclkRUgBxQhGSAHZdEcoKQBISAHN
555=wElIAd0KSigpAEsoKQBMKCkATSgpAE5IAd1tT0gB3W1QSAHZaVEoKQBSSAHBfVNIAdUNVE
556=gBySJVSAHJOFZIAcEEV0gBzVJYSAHNUlkoKQBaKCkAWygpAFxIASVJJV1IAdlpXkgB3Qpf
557=KCkAYCgpAGEoKwAZAFSIBUktGigpABtIAdnMHEgB2REdKCkAHigpAB8oKQAgKCkAISgpAC
558=IoKQAjKCkAJEgBJbVDJUgByQwmSAEniAwnZQIoVAKUFCKoJidVACooVQArKCkALCgpAC0o
559=KQAuKCkAL0kBR3cJBAAwSAF+YgYESWRUimQHBEzLqgEIBUlkVKlkBUhkJykANVgGl2UFAD
560=ZIAWpkBgVKZFQAaAFFCDjWAggESmRUAGhkSf46VAJoZAECBAA7yAFNczxIAWAEQTA9SAFg
561=BEkBPkgBbBRJAT9IAc1HQEgBzUdBSAHBBEIoKQBDSAHdYkRIAdFhRSgpAEYoKQBHKCkASC
562=gpAElIAdlpSigpAEtIAc1zTEgBwQ9NKCkATigpAE8oKQBQSAHBZ1FIAd1iUkgBxQhTKCkA
563=VCgpAFUoKQBWSAEl+TBXSAHVRFgoKQBZKCkAWigpAFsoKQBcKCkAXSgpAF5IAcFnXygpAG
564=BIAc9oGgBVjBRBMBsoKQAcSAHdYh1IAdkRHigpAB8oKQAgKCkAISgpACIoKQAjSAHNXSRI
565=AZsNCAAlSAHFgSZIAckMJ0gBxRMoSAHNBSkoKQAqKCkAK0kBQGcECAAsyAEBAQgALUgB3U
566=wuSQFIYwQEAC9IAYBGc2FVAB8ieCBxYVWRYQpwYaoBCwRRYVWxYQRQYScpADVECJFhBFFh
567=VYZgCQRQYagBRQg4QATJDDlIAZFLBFzFJ7UBO1QCeF5N9zxIAXAUVWU9SAF0AlVlPsgBVW
568=U/SQE8axcIAEBJATJrAQcAQUgBZAFRNUJIAZUNCFpuVQDFYERUAt3QRUgB1QJGKCkARygp
569=AEgoKQBJKCkASigpAEsoKQBMSAGDGggATSgpAE5IAdVlT0gBxRNQKCkAUSgpAFIoKQBTKC
570=kAVCgpAFVIAcVgVkgB3UFXKCkAWCgpAFkoKQBaKCkAWygpAFwoKQBdKCkAXigpAF9IAdWy
571=GyMgTVMXCAAcKCkAHUgBxWAeSAHZER8oKQAgKCkAISgoAAYiAFYAlgAAAAARAAAzDwAgDQ
572=gAIwBWAJkAAAAACAAkAFZcAEsACAAlSQGjRAFVAiZJAZupASdJAZ2pAShIAWQBQQQpKCkA
573=KkkBSHsCBAArSQFASAEBAgQALMgBAQMEAC1JAUNUAgEBBAAuSgElAk8BBAAvSQEeqQEwSA
574=EFkwEAAAEDADHIAQECAwAySQErSAUBAAMAMygpADQoKQA1SQGUWAZBBDbIAUUIN0gByQw4
575=SQEcqQw5SAHVDTpIAXAUAQAEADvIAUUTPEkBPncNBAA9SQEnuQY+SAF0AgEFBAA/SQE8QA
576=RNG0DIAQEDCABBSQE9VAJJIkJJASR7BggAQ0gBlw0IAERIAXwDQQRFSAHBBEZJARetBUco
577=KQBIKCkASSgpAEooKQBLKCkATEgBjxsIAE0oKQBOSAHBD09IAcEPUCgpAFFJAaB7AggAUk
578=kBmKkBUygpAFQoKQBVSQGWoQRWKCkAVygpAFgoKQBZKCkAWigpAFsoKQBcKCkAXSgpAF5J
579=AZmrDBwAV2ABbVIdKCkAHkgBzVIfSAHZESAoKQAhKCkAIigpACNIAd0KJEgBgAtgXCeJAS
580=YoVQAnKCkAKCgpAClJAUp/BggAKskBAWNcVwAlfDZjXFcAH6kBLUAExUouyAFNBS9IAXRa
581=AQMEADDJAQRiXFcAdgIFAkFcV0RmTQwCQFwnKQA0TAWbXgIANUgBYFwBAwIANsgBRQg3yA
582=FNUjhJAUFACFUNOUkBR0gBSQA6SAF4EVETO8gBAQMAADxIAWhZVQI9yAFFEz5IAXRaUWE/
583=SAHZXkBIAXQCSQxBSAFgXEkMQkkBP1wLSVlDSAFkAUkBRCgpAEUoKQBGSQEkSA1BBEdIAc
584=VVSCgpAElJARehBEooKQBLSQEatQJMSAHJDE0oKQBOKCkATygpAFAoKQBRSQGffAZiXFcA
585=wUZTVALJAVQoKQBVKCkAVigpAFcoKQBYKCkAWSgpAFooKQBbKCkAXCgpAF0oKwAdAFhwEX
586=VaHigpAB9IAdVaIEgBxRMhKCkAIigpACMoKQAkSQGaeAloWSddASZUAnACSS0nKCkAKCgp
587=AClIAWlZAmpZWABoAUU/K1UCRHwGaVlYXJRdrwBOtVgAzUcuQARoAU1HL0gBclYGAElZWJ
588=5XBwBMtaoBCAFJWVipWQFIWScpADRYBolZAUpZWABqWQYBSFmoAUUIN0AEdAIBCAAAOEgB
589=aFlVDTlKAf//ahMAOigpADsoKQA8KCkAPUgBdFoBBQAAPkgBcFZZRz/IAVkcQEgBYARBXE
590=FIAcFcQkgBalkCBE21WE67AABRuURUAmQeRSlFyAEBAQgARkgBfApVAkdIAZ8SCABIKCkA
591=SUkBIFQOQQRKSAHVWktIAScoCyexBk1UAsUITkgBybFPSAHBO1BIAcEEUUgBJykLWCgoCy
592=cpAFRABM1HVSgpAFYoKQBXKCkAWCgpAFkoKQBaKCkAWygpAFwoKwAeAFmUEU0bHygpACBI
593=AcUTIUgBzRAiSAEl0SAjKCkAJEgBJf0gJUgBlwkIACYoKQAnKCkAKCgpAClJAUlxBQRer1
594=kA3TYrVAJwVlUtLEgBfANNAC0oKQAuKCkALygpADBIAX1XCnFWWZ5XCwBRVlmxVgBQVicp
595=ADRMBZFWAFFWWZJWCQBQVqgBRQg3QARQDmkAOEgBxVU5KCkAOigpADsoKQA8KCkAPSgpAD
596=4oKQA/SAF8TElZQEgBcFZZHEHIAUlZQkgBcFZJWUPIAUG0REgBcFZJWUXIAU0FRkgBcAlV
597=AkfIAUFcSEgBcLlVOUlIAcG0SkgBwbRLSAEl/SBMSAFsHE0FTUgBxVVOSAHZPU8oKQBQSA
598=ElKSFRSAHBBFIoKQBTKCkAVCgpAFUoKQBWKCkAVygpAFgoKQBZKCkAWigpAFsoKwAfAFqY
599=FV0VIEgB2ashSAHVTyJIAYQEIvwrJ60AJChVACUoKQAmKCkAJ0gBaE5dCijIAU3hKUgBzV
600=IqSAHF7ytIAYsMAAAsKCkALSgpAC5JASFUOlEEL0kBG6kBMEgBRAJpADEoKQAyKCkAMygp
601=ADQoKQA1KCkANigpADcoKQA4SAEnegpaAMkBOihVADsoKQA8KCkAPSgpAD4oKQA/KCkAQC
602=gpAEFIAWRVUVZCSAF4U00aQ8gBQVFESAGLTgQARUgBbFJdV0ZIAdknR0gBdAJJWUhIAWwF
603=XStJSAF8ClUuSkgBaCNJAUsoKQBMKCkATUgB2T1OSAHJkE8oKQBQSAHNUlEoKQBSKCkAUy
604=gpAFQoKQBVKCkAVigpAFcoKQBYKCkAWSgpAFpIAc8QIABbhBdJFyEoKQAiKCkAIygpACQo
605=KQAlKCkAJigpACdIAWBRSXooSAHZJylIASP1NQBcpNUNAFiaJykALEAEsBBQ+ydVAC5UAo
606=/WAAAvSQEaUDZRBDBIAVgAaQAxKCkAMkgB0VYzSQEbrQU0SAFgBU0ANSgpADYoKQA3KCkA
607=OEgB1U85KCkAOigpADtIAckMPEkBGakMPSgpAD4oKQA/SAHNEEBIAd0KQSgpAEIoKQBDSA
608=FsUllTREgBkUsAQlFbAGhOVQxGVAJoAUVVR0gBiU4EUftb5c5J1AJVLkrIAUGpS0gBeAZB
609=O0xIAUwgIoUnTSgpAE4oKQBPKCkAUEgBxVVRSAHNUlIoKQBTKCkAVCgpAFUoKQBWKCkAVy
610=gpAFgoKQBZSAEl5zMhAFyAE1EUIigpACMoKQAkSAEizCVBBCXJAQFq81wAxe8nVQIybwgD
611=AChIAdWcKUgBcAJNACooKQArKCkALCgpAC0oKQAuSAGEzmpOXACYzCI8KdAUaPMnKQAyTA
612=XZUzNIAdlTNEgBUA5pADUoKQA2KCkANygpADhIAclDOSgpADooKQA7SAHZETxJARxQQUEL
613=PUgBIwAnIj4pXADJAT9UAs0QQEgB3QpBKCkAQigpAEMoKQBEKCkARSgpAEZIAWxHTVJHSA
614=FoTk0PSMgBQVFJSAFkVV2kSkgBYARRo0tIAXgGQVFMyAFBUU1IAVgWdU9OKCkATygpAFAo
615=KQBRSAEl1SZSSAHVT1NIAdmVVEgB1QJVKCkAVigpAFcoKQBYSAHbBiIAXYgQWUgjSAHNRy
616=RIAXBLXRUlyAFNGyZIAcWXJ0gBxUooSAGqCAApKCkAKkgB0YIrSAHRgiwoKQAtSAHFgS5I
617=AdkyLygpADAoKQAxKCkAMkgBxT8zSAHNPDRIAckMNUgB3Qo2SAHdCjcoKQA4KCkAOUgB0R
618=Q6SAHZBjtIAdkGPCgpAD1IAcEPPkgByU4/SAHRYUBIAdkGQSgpAEIoKQBDKCkARCgpAEUo
619=KQBGKCkARygpAEhIAZlIAEZ7XQBwSwEBAABKVAJkSl1MS0gB2TJMSAF0AklOTUgBeAZBO0
620=5IAYc0CABPKCkAUCgpAFFIAcmbUkgBJc0lU0gB2QZUSAHBBFVIAd1MVigpAFdIAdsGIwBe
621=lAYBAAcAJEgBxRMlSQFGfwIEACbIAVUYJ0kBLXUCAEyU2QYAWkheANkyKkAEzTwrKCkALC
622=gpAC1JAR5IcFEILkgBwTAvKCkAMCgpADEoKQAyKCkAM0gB2ZU0SAHVDTUoKQA2SAHRSzco
623=KQA4KCkAOUgB2QY6SAHRjTtIAdkRPCgpAD0oKQA+KCkAPygpAEAoKQBBKCkAQkgBySJDSA
624=HFVURIAckMRSgpAEYoKQBHKCkASCgpAEkoKQBKSAFgRkUoS8gBQX1MSAHdNk1IAXhIRYFO
625=yAFFl09IAWjzUUtQSAFQL3GYUSgpAFIoKQBTKCkAVCgpAFVIAcVKVkgBzEcCJABfADSWCQ
626=AlSAFgRkUTJkgBkwIBACdJASqMAUFGX6ABYkZfAM1zKkAEzTErKCkALEgB2TItSAHNJi4o
627=KQAvSAHdKzBIAdk9MSgpADIoKQAzSAHJDDQoKQA1KCkANigpADcoKQA4KCkAOSgpADpIAc
628=UTO0gBxRM8KCkAPSgpAD4oKQA/KCkAQEgByRdBSAHJF0JIAdEUQygpAERIAcEERUgB2UhG
629=SAHBD0coKQBIKCkASSgpAEooKQBLSAFsR03hTEgBn0EEAE1IAc1HTkgBbEdVkU9IAWAEWU
630=hQyAFZSFFIASL4O1lIUsgBAQEIAFNIAXDPVQJUyAFVAlVIAZw9Iv1MYIYBAAJOiWAAnEFr
631=Q2AAMb8CKABgIbwsjQEpSAGAASKLLWAAIFhJWwErAGAmeSAsKCkALUgBySIuSAHJIi9IAd
632=kGMEgB0SoxSAHNwDJIAdUCMygpADQoKQA1KCkANigpADcoKQA4KCkAOSgpADpIAcmbO0gB
633=2RE8KCkAPSgpAD5IAdFAP0gBzTxASAHFE0EoKQBCKCkAQygpAEQoKQBFSAHNUkZIAcEPRy
634=gpAEgoKQBJKCkASigpAEsoKQBMSAGFPwBJQ2Akt04EAE5UAmhDWddPSAHBRlBIAWwFQUZR
635=SQFARDVBRlLIAUGTU0gBaENVAlTIAVcCJgBhRAVIAHBAJykAKFQCiEN8g9QCcUBh6YUrQA
636=TVIywoKQAtSAHRHy5IAdEfL0gBxYwwSAHZMjFIAcEEMkgBwQQzSAHdCjQoKQA1KCkANigp
637=ADcoKQA4KCkAOUgBzRA6SAHJDDsoKQA8KCkAPSgpAD5IAcVVP0gBzRBAKCkAQSgpAEIoKQ
638=BDKCkARCgpAEVIAc0QRkgBzRBHKCkASCgpAEkoKQBKKCkASygpAEwoKQBNSAGNPABSQGEA
639=cEBNck9UAmgBVTlQSAF4iklDUUgBJQkzUkkBIUAFVQJTSQEfqwEnAGJYPkkAAVnBYvl/KV
640=QCJVUhKkgBWANpACtIAcU0LEgB1SMtSAHZHC5IAdkcLygpADAoKQAxKCkAMigpADNIAdUu
641=NEgB3Qo1KCkANigpADcoKQA4KCkAOSgpADpIAdF3O0gB1ZE8SAHFEz0oKQA+SAHBGj9IAd
642=WRQCgpAEEoKQBCKCkAQ0gB0RREKCkARSgpAEZIAcEPR0gBwQ9IKCkASSgpAEooKQBLKCkA
643=TCgpAE0oKQBOKCkAT0gBeD1Jx1BIAXg9QTpRyAFRQFJJASZIAls9KABjeDcihWMpSAHJei
644=pIAboCACtIAdEULEgBzTEtSAHZHC5IAdEqL0gBzRswSAHZBjEoKQAyKCkAM0gB3Ss0SAHR
645=CTUoKQA2KCkANygpADgoKQA5KCkAOigpADtIAclOPEgBzRA9KCkAPigpAD8oKAADQABjAP
646=//EQAAlgfMEggAAAAAAEEAYwD//0ABAgAAQgBj6QFDSgEkApUCREkBHKkBRSgpAEZJARe1
647=AkdJARupAUhIAdEJSSgpAEooKQBLKCkATCgpAE0oKQBOKCkATygpAFAoKQBRSQE8QBMFBQ
648=AAKQBkAC5IAUkAKkgBWABpACtIAc0QLEgB1RgtSAHVGC5IAckXL0kBGqkXMEgB2QYxKCkA
649=MigpADMoKQA0SQEguQY1SAHRCTYoKQA3KCkAOCgpADkoKQA6KCkAOygpADxJARm9Cj1IAd
650=EqPkgBxRM/KCkAQCgpAEEoKQBCKCkAQygpAEQoKQBFKCkARkgB1SNHSQEeoQ9ISAHVDUko
651=KQBKKCkASygpAEwoKQBNKCkATigpAE8oKQBQKCsAKgBlYDVtACtIAdUNLCgpAC0oKQAuSA
652=HRFC9IAcktMEgB1SMxSAHFCDIoKQAzSQEhoRo0SAHZBjUoKQA2KCkAN0gByUM4KCkAOUgB
653=2QY6KCkAOygpADxIAdkGPUgBzQU+SAHFEz9IAcUTQCgpAEFIAcUTQkgB2T1DKCkAREgBxQ
654=hFSAHFCEYoKQBHKCkASCgpAEkoKQBKKCkASygpAEwoKQBNKCkATigpAE8oKwArAGblgSwo
655=KQAtKCkALigpAC9IAcU0MEgB3SAxSAHVGDJIAdUYM0gBzQU0SAHZJzVIAdkGNkgBwXI3SA
656=HZBjgoKQA5SAHJbzpIAdkGO0gB2QY8SAHZBj1IAdUNPkgBwVw/SAHBBEAoKQBBSAHdCkJI
657=Ad0KQygpAERIAcUIRUgBxQhGKCkARygpAEgoKQBJKCkASigpAEsoKQBMKCkATSgpAE4oKw
658=AsAGftMS0oKQAuKCkALygpADBIAcUeMUgB3RUySAHdFTMoKQA0KCkANUgB2QY2SAHZBjdI
659=AdkGOCgpADlIAc0FOkgByTg7SAHNJjxIAcU/PUgBxQg+KCkAPygpAEAoKQBBSAHdCkJIAd
660=EJQ0gBwTtESAHRCUUoKQBGKCkARygpAEgoKQBJKCkASigpAEsoKQBMKCkATSgrAC0AaPUu
661=LigpAC8oKQAwKCkAMSgpADIoKQAzKCkANCgpADUoKQA2KCkANygpADgoKQA5KCkAOigpAD
662=tIAcElPEgB0TU9SAHVIz4oKQA/KCkAQCgpAEEoKQBCSAHZXkNIASeoBSfxA0VUAt0KRigp
663=AEcoKQBIKCkASSgpAEooKQBLKCkATCgoAAEuAGkA3QovKCkAMCgpADEoKQAyKCkAMygpAD
664=QoKQA1SAHNqjZIAdVPN0gByQw4KCkAOSgpADooKQA7KCkAPCgpAD0oKQA+KCkAPygpAEAo
665=KQBBKCkAQkgBxTRDSAHFNERIAdkRRSgpAEYoKQBHKCkASCgpAEkoKQBKKCkASygrAC8Aau
666=UpMCgpADEoKQAyKCkAMygpADRIAc0mNUgB3W02KCkAN0gB1dM4SAHRKjlIAdUYOigpADtI
667=AdEJPEgBzQU9SAHNBT4oKQA/KCkAQCgpAEEoKQBCKCkAQygpAEQoKQBFKCkARigpAEcoKQ
668=BIKCkASSgpAEooKwAwAGvtJjEoKQAyKCkAMygpADRIAdU5NUgBwZ42SAHNJjcoKQA4KCkA
669=OUgB2Sc6KCkAO0gB2QY8SAHdbT1IASegBCdlAj8oVQBAKCkAQSgpAEIoKQBDKCkARCgpAE
670=UoKQBGKCkARygpAEgoKQBJKCsAMQBs9SMyKCkAMygpADQoKQA1KCkANkgBzYk3SAHZHDgo
671=KQA5KCkAOigpADsoKQA8SAEnSAQnDQI+VALVIz8oKQBAKCkAQSgpAEIoKQBDKCkARCgpAE
672=UoKQBGKCkARygpAEgoKwAyAG39IDMoKQA0KCkANSgpADZIAdVEN0gBJ/IDbQDJATkoVQA6
673=KCkAOygpADxIASfwAyfhAT5UAifwAydVAEAoVQBBKCkAQigpAEMoKQBEKCkARSgpAEYoKQ
674=BHKCsAMwBu5R40KCkANSgpADYoKQA3SAHFHjhIASeZA27lHjooVQA7KCkAPEgBxaI9SAHN
675=Gz4oKQA/KCkAQCgpAEEoKQBCKCkAQygpAEQoKQBFKCkARigrADQAb+0bNSgpADYoKQA3KC
676=kAOEgBzRs5SAHNGzooKQA7SAHRNTxIAdUYPSgpAD4oKQA/KCkAQCgpAEEoKQBCKCkAQygp
677=AEQoKQBFKCsANQBw9Rg2KCkANygpADgoKQA5SAHBcjpIAdUYO0gBwTA8SAEn6AInXQE+KF
678=UAPygpAEAoKQBBKCkAQigpAEMoKQBEKCsANgBx/RU3KCkAOCgpADlIAcktOkgBxRM7SAHF
679=EzwoKQA9KCkAPigpAD8oKQBAKCkAQSgpAEIoKQBDKCsANwBy5RM4KCkAOSgpADooKQA7KC
680=kAPCgpAD0oKQA+KCkAPygpAEAoKQBBKCkAQigrADgAc+0QOSgpADooKQA7KCkAPCgpAD0o
681=KQA+KCkAPygpAEAoKQBBKCsAOQB09Q06KCkAOygpADwoKQA9KCkAPigpAD8oKQBAKCsAOg
682=B1/Qo7KCkAPCgpAD0oKQA+KCkAPygrADsAduUIPCgpAD0oKQA+KCsAPAB37AUIPQB3AP//
683=AAAAAAARAAA=

[Lighting]
Red=1.000000
Blue=1.000000
Green=1.000000
Level=0.000000
Ground=0.000000
Ambient=0.400000
IonAmbient=0.500000
IonRed=1.620000
IonGreen=1.250000
IonBlue=0.340000
IonGround=0.000000
IonLevel=0.000000

[Map]
Size=0,0,60,60
Theater=TEMPERATE
LocalSize=2,4,56,50

[OverlayDataPack]
1=BQAAIP4AIACAmgAAIP5FAACCBwP+/gEAggcC/v8BAIMDBgj+/QEAhAYBBwH//QFJAIIBBf
2=/7AUYChggCBAMBCP/6AUkIiAIIAwIIAQEG//oBTgKFBwcEAQH/+AFGAIUGBgMHAf4DAAb/
3=+AFJBoUHAwEDAf/7AUUAgwUIBgYC//sBShKEAwcGBP/6AU0EggcI//sBRxQD/4EC//wBRR
4=gUAYEF/rwDAIC1AAAg/i0MAIIDAf7+AQCEBAMHCP79AQCDBwMD/u0BAIICBd8OEv7bAQCE
5=CAQEBcwwEIIFCP/qATEShQECBQYCzCEUgwQGAv/oAS4MhwYGBwEFBAbPDRSBB9YGEoEC/8
6=sBYwyHAgUFBwYDCM4wEIUBBwUIBNMGGP/MAS8OhwUEBAEFCAfNIBQMBIMCAgTRTRiEBgcC
7=CP/JATMWiQIBCAcHCAcBBM9OGoQDCAYB0h4agwEABf+yAU4YgNQBACD+FwAAhQQHBwIG/g
8=MAAYIEAv4RAACMBwQCBgYDBwcDCAcI/goAAIYGAwECCAT+zAEAgwgEBQIG0AUAhwQEAgID
9=BQMQIIQECAQD/gYAAIQCAQQGUAz+wwEAiAECAQYCBwIFzyAAhAABCAYB+JMHCAUGBQIHAw
10=IFCAgDAAgBCAQEBDP+yQEAggYDA92CAwHRTQCLAQcCAQgFBAIDBwMB9IEEAicAEv4DAAXI
11=PQD+wgEAggID2E0EhwgBBAEGBQUSAYIHBSAFgQgAEIMDBAH/ywFQAIEF0B8C/gcAAIMFBw
12=UCAQX2OA+GCAcGBwgIBgiCBQX+5gEAhAcIAwcIHMgqBIYDBwEBAgX/zQFNANf+CYQCCAcH
13=Ce/IKQyDBwQDBC6CBwX/ygFNAtgXDoEGB+yCCALKTAgEDoQFCAMG/+UBSgyDAgIHcef+BQ
14=AwEgGGAQEHBAEC1xkK/soBAIMDAQhj/P4HADASAcA6BIEG/+UBTBCCCAgN+so2FCIBgwUF
15=BMA+BP/jAU0UgQPAOQYEAf4OADAcBoMEAwP/4wFMCv4DAAOBBhfn/g8AMC4HwDkC/+EBSx
16=TAGwDDGArPNxqCAgjASQr+4AEAgQHFOwDOORwCAAwG/rEBAIADAgAg/i4AAIUDBgIBCP4F
17=AAD+BQAwUAgQCYYAAAcGBwT+3wEAhAQBAwEh5GH3cgCFAgcFAwf+3wEAhgUEAgMDBtM0Ao
18=IGBQIdgQJwKwAQ/tEBAIQGAgUIJAH+DwAwNB2DBQQDdgGDAgcI/9EBXASCCAL+BAAIgQXP
19=NAYSAYUEBwMEBshOAIUGBgQDBxAs/skBAIcDBAUGAgMGGgLQNwaDBAIGyE4GAgCDBwQIAD
20=CDBwAI/8cBTgAF+4YBAgIABwUABcw2CgAdgQUEAMtOAoEEBC/+AwAFggIB/8cBXwiKCAMD
21=BAYIAQgFB3oCY/+HAwIBAQQGBslkDA4sDBKDBQEFEC/+wgEAA/0L4IMDBgf+AwAIgQET6k
22=X4EAUD5gX+wC4AfAASAYYEBwUGAwj/xgFOAgfPiAcEBQMCAggGBdPMTQCDAwgDC/AGAspc
23=BgwuhAcIBwf+xgEAgwEFCBHihAQEAwMSDcMyAP4HAACBBwX8ggMIAhbOGw6BBv/IAVwGgQ
24=dX2yHlhAYBBAF/34gHBQgEAQYBA8o4FEIB/8gBTgDLNxQZ3A/fgQgv8AQZgQQSIIEEy04Q
25=/+ABTwCEBwMICMBaBIIBCMBNCIQHBgYIChwGGv7qAQAH74EFC+CECAQEAgobwF0KBA7QTB
26=b/3AFeGAHyhAYIAgb+AwABhwUBAgQCBQT/sgFkDoCaAAAg/j8AAJEGBQMIBAEFBgYFAwcA
27=AgMD//75AQCBBP4DAAiEBgEEBf76AQD+AwD/hAQFBgP//AFSAoT//wIC//oBTwAyAoL///
28=/7A1MGUgP/+gFYCjIC/v0BAP8BAlAKEgL/0wNZEIIBBP79AQDAQAD/+gFRBIYABgMEBAf/
29=+gEtFogCBwgFCAUGB//5AVEAhwIHBAECBQL+0AEAgHEAACD+KQAAiAUCAQICBAYH/vkBAI
30=MEAwUCAYICCP74AQCIAwMBBwUHAQX++QEAAfyCAwT+/AEAhAEDAwb+/QEAgQH//gEuBoUA
31=AAIBAf79AQCDAwQI//8BLwqCBgH/+gEwADgEgQT//gEvCIMACAj+zAsAgAUAACD+ACAAgA
32=UAACD+ACAAgAUAACD+ACAAgAUAACD+ACAAgAUAACD+ACAAgAUAACD+ACAAgAUAACD+ACAA
33=gAUAACD+ACAAgAUAACD+ACAAgAUAACD+ACAAgAUAACD+ACAAgAUAACD+ACAAgAUAACD+AC
34=AAgAUAACD+ACAAgAUAACD+ACAAgAUAACD+ACAAgAUAACD+ACAAgAUAACD+ACAAgAUAACD+
35=ACAAgAUAACD+ACAAgAUAACD+ACAAgAUAACD+ACAAgAUAACD+ACAAgAUAACD+ACAAgAUAAC
36=D+ACAAgA==

[OverlayPack]
1=BQAAIP4AIP+AUAAAIP5FAP+Cf3/+/gH//wACRQACAf/+AUYC/gQAf//6A0oE/gcAf/8AAk
2=sI//kBSgr//wFEDP4JAH///QNNCP/9A0oS//sDSwL/AgJEAv69Af+AngAAIP4tDP+CbWz+
3=/gH/hGhmb23+/QH/g2ZrZ/7tAf+Cf3/+EAD/gmxo/+0BMxD+AwB//g4A/4Jubf/qATAQ/g
4=YAf/4OAP+Ea2lnaf/tATUUzh8Sg2lvbtYVDoFr/9EBURbQHhKDampn0zQYgmlu/+QBThiF
5=bmhsaWnQMRKEaGZobv/JATIU/goAf88dEIZoaWxuZmrOThwGF4Fp/7IBThqAtAEAIP4XAP
6=/+CgB//hEA/4xvam9qaWdvaGlrZ2/+CgD/hWhsZ2tuyD0A/sIB/9QbAJH/aG1sb2ZnbWZu
7=Z2pvZmtpbP4GAP+GbWpnbWpo/88BUQDSHQKXZ2psa2hob2drbWpqbmZsb2dta/9sbW7+Aw
8=Bvgmhu/9EBTgL+EwD/jm1oamxnbG1vbG1pZ2lqBfYGDoVoZ2htZ//PAU4A/hoA/4NuZ20B
9=9YlraW1oZmttbGYICoZubGxvaGz/ygFNBNoWCINsZmwD9YJtZlf5AfmHamtmZ2Zpaf7mAf
10=+CZ2cL6oFmYe2EbGlqbQwUgm1uQhH+3wH/h21uZ2ZoZ2nITQKEZm5obgf9gWbJNw7/2gFa
11=CoZmbGdqZ2bKSgaGbGxuaWZmABj+4wH/BelP8v4DAP/+BQB+NgOEamltav/kAUsMhGtsbW
12=3KNRIiAYRob2pqWhH/4AFUDMBBBMo2FCIBwEsEDgH/4wFOEIVoa25ma8g5FlIBhWtmaG9v
13=/+QBTRaBZsI8AP4PAH4UAoFswUMK/+EBTxSDZm9nwkwIzzcawEUGgW3/4QFMCoNramsz5M
14=45HMAxAAIC/rEB/4D2AQAg/i4A/4Vma2tmbP4FAP/+BQB+/gMAsv4GAH7+BQD/hGprb2r+
15=3wH/hW5mam1mYf+DfrKnyD8AhWdvam9u/+ABTwCFaGxsb21yAMk+AIZsb2pqZ2/+CQD//g
16=QAf/7RAf+BZgHjgWsT5f4PAH7+BQD/hG9qaGckHf/ZAVQEhmpuam5vbHQAyjwGhWxqam9q
17=EBzIUgb/zgFbBohtZ2lqaW5mbgoC0DcGg2lvacpNAP4IAH8ACf/IAWcGgWwCAIT/amxrBe
18=bNOAqGampubWpo/g0A//4KAH//xwFoBIVrZ21sbRIFgWvMNAgSHYVsZ2doaBQb/9gBUgyN
19=Z25rZ2dqa2ZpaGtvaRHoRfgh/hn7hGxuambKTgD/zwFdDoRsbWpsAgSFbmpvbWvLThCG/2
20=pvaGxtAh6BZ8pNDP/OAV4MhGZpbWsD4oFuHgCCZ2vKOBKJamZtZ2ZoaGZn/hAA///KAV0I
21=g2lsaVoGH+uEbG9rbhgGwykEAhaEbWxvaEAiy1IU/8gBZQhh7v4FAP8T7cBMAoFswU8GhG
22=Zub2jBLQaCb2nHTwb+4gH/hGhob28GDIRtb25pBheFbGtrZ27/4QFNAsssGoRmb2hnAgWM
23=b2xmbWltaW9obmdvzk0U/t0B/4hsbGlpZ2lubgn9gWkEB4NmamfQTBb+nwH/gFcAACD+Pw
24=D/kG5tb29sZmdtaWhvaP9na2z++gH/iGlpZ2dobWxo/v0B/4RuZ2dm/v4B/4Jpbv7aD/+C
25=f3///wEvFP/8ASwW/gYAf///ATAY//oBLRr/2AEoHIA5AAAg/ikA//4IAH/++QH//wACKQ
26=D/BgIpAP78Af//AAIsBhIB/v4B//8DAi0I//8DLwr/BAIvEP7MC/+ABQAAIP4AIP+ABQAA
27=IP4AIP+ABQAAIP4AIP+ABQAAIP4AIP+ABQAAIP4AIP+ABQAAIP4AIP+ABQAAIP4AIP+ABQ
28=AAIP4AIP+ABQAAIP4AIP+ABQAAIP4AIP+ABQAAIP4AIP+ABQAAIP4AIP+ABQAAIP4AIP+A
29=BQAAIP4AIP+ABQAAIP4AIP+ABQAAIP4AIP+ABQAAIP4AIP+ABQAAIP4AIP+ABQAAIP4AIP
30=+ABQAAIP4AIP+ABQAAIP4AIP+ABQAAIP4AIP+ABQAAIP4AIP+ABQAAIP4AIP+ABQAAIP4A
31=IP+A

[SpecialFlags]
Inert=no
FogOfWar=no
IonStorms=no
MCVDeploy=no
Meteorites=no
Visceroids=yes
FixedAlliance=no
TiberiumGrows=yes
InitialVeteran=no
HarvesterImmune=no
TiberiumSpreads=yes
TiberiumExplosive=no
DestroyableBridges=yes

[Structures]
0=Neutral,CITY01,256,30,83,64,None,1,0,1,0,0,None,None,None,0,0
1=Neutral,CITY02,256,32,78,64,None,1,0,1,0,0,None,None,None,0,0
2=Neutral,CITY04,256,36,81,64,None,1,0,1,0,0,None,None,None,0,0
3=Neutral,CA0001,256,39,36,64,None,1,0,1,0,0,None,None,None,0,0
4=Neutral,CA0002,256,42,31,64,None,1,0,1,0,0,None,None,None,0,0
5=Neutral,CA0005,256,41,33,64,None,1,0,1,0,0,None,None,None,0,0
6=Neutral,CA0006,256,37,36,64,None,1,0,1,0,0,None,None,None,0,0
7=Neutral,CA0016,256,43,36,64,None,1,0,1,0,0,None,None,None,0,0
8=Neutral,CA0010,256,80,89,64,None,1,0,1,0,0,None,None,None,0,0
9=Neutral,CA0011,256,83,86,64,None,1,0,1,0,0,None,None,None,0,0
10=Neutral,CA0012,256,87,81,64,None,1,0,1,0,0,None,None,None,0,0
11=Neutral,CA0015,256,86,85,64,None,1,0,1,0,0,None,None,None,0,0
12=Neutral,CA0003,256,83,89,64,None,1,0,1,0,0,None,None,None,0,0
13=Neutral,CA0004,256,90,83,64,None,1,0,1,0,0,None,None,None,0,0
14=Neutral,CITY11,256,84,38,64,None,1,0,1,0,0,None,None,None,0,0
15=Neutral,CITY10,256,86,43,64,None,1,0,1,0,0,None,None,None,0,0
16=Neutral,CITY06,256,89,37,64,None,1,0,1,0,0,None,None,None,0,0
17=Neutral,CITY12,256,90,42,64,None,1,0,1,0,0,None,None,None,0,0

[TaskForces]

[Terrain]
30048=TREE22
30084=TREE07
31083=TREE09
31086=TREE06
32084=TREE10
33046=TREE16
33081=TREE20
33083=TREE08
34080=TREE03
36079=TREE02
37053=TREE16
37058=TREE23
38076=TREE05
38078=TREE06
39035=TREE23
41075=TREE12
42057=TREE12
43067=TREE13
46044=TREE12
46090=TREE25
48053=TIBTRE02
48094=TREE22
49060=TIBTRE01
50089=TREE20
51066=TIBTRE02
52040=TREE12
52046=TREE06
52072=TIBTRE03
52083=TREE17
55051=TIBTRE01
55079=TREE18
56085=TREE24
57040=TREE15
58033=TREE22
59040=TREE15
59073=TIBTRE01
61039=TREE15
62048=TIBTRE02
65032=TREE24
67038=TREE18
67081=TREE17
68076=TIBTRE03
68085=TREE23
71036=TREE05
71084=TREE15
72044=TIBTRE01
73032=TREE13
74054=TIBTRE02
76029=TREE06
76074=TIBTRE02
76089=TREE10
77068=TIBTRE01
80026=TREE05
81058=TREE06
82094=TREE06
83042=TREE10
83045=TREE13
85040=TREE06
85066=TREE11
86056=TREE25
87038=TREE05
87043=TREE22
87063=TREE23
88040=TREE07
89074=TREE15
90037=TREE04
91040=TREE24
94076=TREE24
94082=TREE18

[Units]
0=Neutral,CAR,256,32,85,64,Guard,None,0,-1,0,-1,1,0
1=Neutral,PICK,256,31,80,128,Guard,None,0,-1,0,-1,1,0
2=Neutral,WINI,256,38,83,192,Guard,None,0,-1,0,-1,1,0
3=Neutral,BUS,256,86,45,64,Guard,None,0,-1,0,-1,1,0
4=Neutral,CAR,256,86,38,128,Guard,None,0,-1,0,-1,1,0
5=Neutral,TRUCKA,256,91,41,96,Guard,None,0,-1,0,-1,1,0

[Waypoints]
0=96053
1=59018
2=19061
3=59098

[Digest]
1=saasRdvyPFU0V1ohn/ARoOPGWYw=

