; Map created with FinalSun Mission Editor
; www.wagnerma.de (german+english homepage of author), finalsun.wagnerma.de (finalsun homepage, german+english), www.theonliner.de (german homepage of FRG)
; note that all comments were truncated

[Preview]
Size=0,0,60,105

[PreviewPack]
1=2w8AIAZtVz1vWT5vWT5AAUsAb1k+SABAAUgAQAFIAEABSABAAUgAQAFIAEABSABAAUgAQA
2=FIAEABSABAAUgAQAFIAEABSABAAUgAQAFIAEABSABAAUgAQAFIAEABSABAAUgAQAFIAEAB
3=SABAAUgAQAFIAEABSABAAUgAQAEnCABYAUgAuAFAAUgAIH4sACCBhAJAKFAUSABAAUgAoA
4=FUAEgAWAFIAEABSABAAUgAQAFIAEABSABAAUgAQAFIAEABSABAAUgAQAFIAEABSABAAUgA
5=QAFIAEABSABAAUgAQAFIAEABSABAAUgAQAFIAEABSABAAUgAQAFIAEABSABAAUgAQAFIAE
6=ABSABAAUgAQAFIAKABVABIAFgBSABAAUgAQAFIAEABSABAAUgAQAFIAEABSABAAUgAQAFI
7=AEABSABAAUgAQAFIAEABSABAAUgAQAFIAEABSABAAUgAQAFIAEABSABAAUgAQAFIAEABSA
8=BAAUgAQAFIAEABSABAAUgAQAFIAEABSACgAVQASABYAUgAQAFIAEABSABAAUgAQAFIAEAB
9=SABAAUgAQAFIAEABSABAAUgAQAFIAEABSABAAUgAQAFIAEABSABAAUgAQAFIAEABSABAAU
10=gAQAFIAEABSABAAUgAQAFIAEABSABAAUgAQAFIAEABSABAAUgAoAFUAEgAWAFIAEABSABA
11=AUgAQAFIAEABSABAAUgAQAFIAEABSABAAUgAQAFIAEABSABAAUgAQAFIAEABSABAAUgAQA
12=FIAEABSABAAUgAQAFIAEABSABAAUgAQAFIAEABSABAAUgAQAFIAEABSABAAUgAQAFIAKAB
13=VABIAFgBSABAAUgAQAFIAEABSABAAUgAQAFIAEABSABAAUgAQAFIAEABSABAAUgAQAFIAE
14=ABSABAAUgAQAFIAEABSABAAUgAQAFIAEABSABAAUgAQAFIAEABSABAAUgAQAFIAEABSABA
15=AUgAQAFIAEABSACgAVQASABYAUgAQAFIAEABSABAAUgAQAFIAEABSABAAUgAQAFIAEABSA
16=BAAUgAQAFIAEABSABAAUgAQAFIAEABSABAAUgAQAFIAEABSABAAUgAQAFIAEABSABAAUgA
17=QAFIAEABSABAAUgAQAFIAEABSABAAUgAoAFUAEgAWAFIAEABSABAAUgAQAFIAEABSABAAU
18=gAQAFIAEABSABAAUgAQAFIAEABSABAAUgAQAFIAEABSABAAUgAQAFIAEABSABAAUgAQAFI
19=AEABSABAAUgAQAFIAEABSABAAUgAQAFIAEABSABAAUgAQAFIAKABVABIAFgBSABAAUgAQA
20=FIAEABSABAAUgAQAFIAEABSABAAUgAQAFIAEABSABAAUgAQAFIAEABSABAAUgAQAFIAEAB
21=SABAAUgAQAFIAEABSABAAUgAQAFIAEABSABAAUgAQAFIAEABSABAAUgAQAFIAEABSACgAV
22=QASABYAUgAQAFIAEABSABAAUgAQAFIAEABSABAAUgAQAFIAEABSABAAUgAQAFIAEABSABA
23=AUgAQAFIAEABSABAAUgAQAFIAEABSABAAUgAQAFIAEABSABAAUgAQAFIAEABSABAAUgAQA
24=FIAEABSABAAUgAoAFUAEgAWAFIAEABSABAAUgAQAFIAEABSABAAUgAQAFIAEABSABAAUgA
25=QAFIAEABSABAAUgAQAFIAEABSABAAUgAQAFIAEABSABAAUgAQAFIAEABSABAAUgAQAFIAE
26=ABSABAAUgAQAFIAEABSABAAUgAQAFIAKMBdWFHoAGkAiADLAADdl5BdV1AIAm8ACADTAEg
27=CYwAIAmkAMQUDlg+g2hFf2VEiGtHi21Iim1IUBdQCEgAQARIAEABSABAAUgAQAFIAEABSA
28=BAAUgAQAFIAEMBdV5BUAhMB0ABvwh4X0FcAic0BEABSAxQAlwFTAEBhmpHbCMIKkwERAJU
29=AEgAQAFIAEABSABAAUgAQAFIAEABSABUBicEAUgMSABUFUgAQAFIAEABQApQBUgAUAVIAE
30=ABSABAAUgATAesBEcU/wAAqABAH1ACSABMB0gAQAFIAEABSABAAUgAQAFIAEABSABDAXlg
31=QkAKSABACrQAoAE0LgBYPrQGQAdAAUgAQAFIAEABSABAAUgAWBlIACdMBLwCRBQnDAVMBK
32=gVJxQArARcAkABSABAAUgAQAFIAEABSABAAUgAQAFIAFAsKmwCOrYCVz1QDkQ4SABYB0gA
33=WAdIAEABSABAAUgAQAFIAEABSABAAUgAQAFIAEABSABAAUgAQAFIAEABSABMFicsAEABSA
34=BQAkgAQAFIAEABSABAAUgAQAFIAFgxKrQCrAG0ADbkAkgGWAdIAFgHSABAAUgAQAFIAEAB
35=SABAAUgAQAFIAEABSABAAUgAQAFIAEABSABAAUgAQAFIAEABSABAAUgAQAFIAEABSABAAU
36=gAQAFIAEABSABAAUgAQAFYN1AUSABQFEgAoAFUAEgAWAFIAEABSABAAUgAQAG8LEAHWAdI
37=AEABSABAAUgAQAFIAEABSABAAUgAQAFMHEBPTAFAAVgHUwiIbEgnXABIAwZ7YUJ3XkBzXD
38=+sAVgBQARcBUwESABAAUgAQAFIAEABSAAnHAFICUAKSACgAVQASABYAUgAQAFIAEEBbfyD
39=WAdIAFgHSABAAUgAQAFIAEABSABAAUgAQAFIAEABSABsB4B83AiMAVAUM1wATARYFifsAE
40=ABSABQCEgAQAFIAEABM5wFNnwWPzQBQAonHARYJScsAEQRNoQCM1wAQAdYE0gAQApIAEAB
41=SABAAUgASANIBkAKSABAAUgAoAFUAEgAWAFIAEABSABAASADnAUnrBB8BZwpzAcgCywAWE
42=8nhAJAAUgASBVIADO0ArwLtABQDkABSABAAUgAQAFIAFgHSABYB0gAQAFIAEABSABAAUgw
43=QCtMAS0UEifsAEABSABQCEgAQAFIAEABSABAAUgAQAFIAEABSABAAURHQApIAKwKXAtAFk
44=BeNswXtAZAB0ABSABAAUgAQAFIAEABUAgnBAFQCFhnvAJIAyosAFACSABQAkgAQAFIAEAB
45=SABAAUgAQAFIAEABSABAAUgAQAFIAEABSABAAUgAQAFIACqsAVACSABQAkgAQAFIAEABSA
46=CjAWBSP0sAXU46pAKwAiosAFwgUAJIAFACSABAAUgAQAFIAEABSABAAUgAQAFIAEABSAAP
47=YFZIZVtLXVRHQDoyVVBGAMgASAAJSEQ7TUY6SkI1T0Q2TARQBUgAQAFIAEABtFFMN2wBO3
48=QJQARLBnBcQzYkDkAESABMBEgAQAFIAEABSABAAUgAQAFIAEABSABAAUgAAANgVERVTUFY
49=Tj9XTkJORTdMQzdfUkBAFicIAAxTTEBORTlRRjZXTD1gUD1AB0gAQAdIACAG7AZHBXRgRr
50=wsRBdYB0gAUAJIAEABSABAAUgAQAFIAEABSABAAUgAQAFIAEABSABAAUgAQAEDS0AzQTov
51=UCkMVE1DUEg9YlVEYVI/UEctJ8ACQAEMSEQmYlE8YVI+VUk4Wk08RxdfUT9MB0gAUAhIAE
52=ABSABAAUgAQAFIAEABSABAAUgAoAFUAEgACUlANEZANVVOQlFENEwBQDoPXlZKSUE1TkQ3
53=VEw/Tkc8TkQ2TAEnXAAtjAAJT0Y5UUk9RD00Vk1ApwtiUj1EFDMIAAADaVQ8alY+XE46WE
54=w8TkY6UEU3QjksTBBAB0gMQBA8LwBaTDREBUgAWARIAAlMQisrMAwrMwxZTDEnuAFMASpc
55=AEwBqAO8AjAsAKQCPxYAZlbXGz86MUghvAVQJkgkSAxQC0wBXAInLABcAqwEJ7QCuAEgZh
56=QAUCY2JwI2NRhLA2ZTO1QAMwgArC4taABwAowxLVwAIEg4ALwsKrgBOYwDKpgAIFosACAG
57=hAJMKyADkAICTUUpVknAYQNxXURHPzO0BjYsALQDIA8UAL8sTUUoIA/gAC28AEGmb5AUQA
58=G0ZgZlV0VLRDllVkFAAUgDKiwAUAKvBEQ/NCe8AEwBTAoqdANYATAIALQnOTwLMMgAMEQA
59=UA5IEkgAWBAGPTohTUMqRUElQAG0lgNUSS9QSC5Ao0ilAmRTP11OYKZUmVgxA1BGKU9DNF
60=ipA1FHLldJLlgBQARAHCd0A1s0WUw0UBQtMAggGJwFVBIntAJUElP1Y1lKRBEGRTwwS0E1
61=PjkxRJVQtrwLWLtElawBXAJEmKwBSMAnXAADUkxCSkM4S+Q/NytTF19POEAWAkRCIE9HMQ
62=wIWAdIG6gzUBqkBTA8BSpEAEgGULkDbFlCZFM7UPUGYlRCWlBCZVtLUPUDSkI2NTMuQARI
63=AEwESABAAUgAQAFIAEABBlZJOUlDOFZJN0wBSABQAkgAQAFIAEMBUEg8WPpI5ANfUT5nUz
64=on/AW4E6wQpAVQBSeMCVQzSGlYAUABVDNYBLwpTAFQTSdcAFACCVRKMGBQO09HPFVNQVD1
65=BWBURUI8M0xDcBFACkgACVRJOUZANkdBN3h4eEgVVABIAFgBTApAAUgATARAEEgAQAFLAG
66=xZQUjkA2VTPVRIN1j6SOQGYlVDaFU+Y1M/J1QFTAdEBUgGvE1EO1BKr0xbTTcn7AlQFycs
67=ACpcAF9QS0AzUPUFPzszXVJEUEgiwCNACkgAKoQCWBZADUgAUBQnCABHF0pEOUsAWEo4XA
68=VMEEgAQAFIAFj6SOQDWUw7TUQ4WPpDRk9ENlxiWBZIAEAupAVfTUZANawBKowJKuwJTAFM
69=T0gnWDpMAUxVrgE/PGArrAdEDkABSABAAUBAXBRAFlgTSABAAUgAQAG4FqwBWAFYFkgAMO
70=QCUAhIAFwIA0dEPUhBNkhgQBNAdrACVABIAFQDSABDAVBHLUB/WP1cgFhbTHZMAVwCSCdY
71=EEgAWA28DlQAWA1YAUgPQBlMBEgAUAhLAGRTPbwCSANAAUgAQAFcBUgArAEnOABEAksATE
72=Y7J+wAQQF2Mj9QaVdAJPwpQARIDEgAQAFIAEABTbUUMgMASkQ4WA1cC0gARA4tLABYAVMC
73=Xk88UAhIAF8IVUk5SABQBagAQARIAEwEWAFAAUgATAFYK1gBtCHMBya/P4hrR0sAeF9BSA
74=lACkgAQAFIAKABVABIAFgBSABMtTK9AhRcJkAQUCxIDFgNVABIAFAOVAAnCAAtrAQnTAFA
75=BEgGUAVIAEABSABAAUgAQAFIAEABSABcNVgHWBZMEFwFJwgAVEsnHAFAAUgAQAS0AKABrA
76=E2nwVaTDRYFrQJVAxYDSosAFsBV0o5UA5QCEgAQApIAEABSABAAaw0WAdUHirsAEQIQAdI
77=AEwHSABQBUgAXwWIbEhVFYsj3FVILVACSABcAkgAoAEqVDVQWTOcBSdQAKQXtA+kDrMIWE
78=o5QAFIAAhvWT5vWT5tVz1tVxEAAO8QACAJPW9ZPm9ZPm1XPW1XzAEKVUk5WEw8WEo5R0E3
79=eCkAAEAESABcBQZ9Y0J1XkEAyACoACmJAHhABEgATAS0AKABB2ZTO01FKCszDBQ1AwA9Oi
80=EnvABIDwNLQDJBOjGsBwNORDdRRDSsAQNJQDRORDasASe8AEABSABQAkgAQAFIAEMBSUM4
81=VBIDVks7YVI/WAFMAScIAEwWBottSIptSHlgQlAFSABABEgAowF1YUegAUcCWUw0SwBEQi
82=Aw1AJAFgAPTUMqYlE8QTkuTEM3TUY7QDoyVEw/TEIrWUwxVU5CVVBGrAEDTkc8RkA1rAEL
83=UUk9TkU5UUY2V0w9YFBgLiesAUABSABQDkgAQAEGbVg+g2hFf2VESBUDd15Ac1w/QhaGai
84=hsAmwEnDVAAUgGSABAAUgAQAFIAFgWSAAn5AIDTUUpVkkxQBYAA1FEM2FPOFVHNVJEM09A
85=LWlTO2tWPmszMAwrSgAzDEw0YAHsAQ9IRCZsWUFoV0FhUj5VSThaTTxHF19RP0ANSABADU
86=gAQAFIAEABSABIFScsAEABSABQAkgAQAFIAEABSABAAQNMQjRgUj9LAF1OOqQCJ5QHSBUD
87=T0M0SUE1vAIABktAM0E6L0k9L3BYPGlUPHJaQGxVO1BHLXAU9BWsMSrnAlpMNFAFA2pWPl
88=xOOlhJBk5GOlBFN0I5LKwKKnwBUBFQAkgAQAEqXAAnPAJcAkgAoARUAEAWJ5QHA1JMQk9G
89=OaQ7AkhEO1ZN1D9XPFZNQLwCSAYztAJPMV1PPKQgSDNQNaQaRhdmVs8HPzoxJ+cIXlZKJ0
90=QJTw1STUO8CypcAFROKm4CTUbPK1hNPkgAOZQHaA/kPi0sAKwrVBVECEh+QFIDdV1AZVZD
91=pBcgFUwBaAzsNycsAAM2NRhIRCZAarQtvCa0DypkB6wBvAJUElwmQEZAKC0sACe0AkAWQH
92=8CUE5KPjpsiFgWSABQOEgGTAdIAExkrAonJAJgASk0BKwNMIwAvAJcDqAWVABDOl9QPEQL
93=QAEnlAFYE1gBvAJUElgESBtAEC4sAJx9TCtUfie0EQY+OzQ/PDhiVEFIBgNlVkNyW0BAr0
94=wHWBZIADDkAkgSJ6wBQAEnDAJQBVgQQBNUFVwOA3RgRm9dRKQRpAsGYFNDSEpMZFRCVAy/
95=AltOPUwBA0xPVFRNREwEUAInjABMAQZlVUE3QlBeVEZcfSe0AiogAEAEDxotRic6Vl5SQ0
96=RITFRXV2RUQKQXpBFcKVQVUBGoAEwNuAdYNEwBSAxQDlwFVAMFYFRFQkZNbFlstQlwXENj
97=Uz9DPTNbTTtQAgg0PkwWKUMvOERdT2SSD09QUU9PTTZFWCc7WxwvRyQ5V1gBrAQDIDRSRk
98=dHSBK0DC0UAAAPIDBGECI3FShCFCU7FilEECI4FypFOEJPQURHPkNHXlNHRBFcKUATWCJI
99=ElgTLQQBWAFbNHRdQUgDRBdIAAYgMUgWKkYOITanAkI8MkwBCQ0gNQobLRMmQA4fNKQOUB
100=QJJjdODR8zDiA1CxsuUAIJECM6EiU+DyI3EiU/WAowCABPBBMnQVsEDyE3QApUAEwBWAoA
101=AxQnQhMmPxEjOCU4VEJESC85R1xPQEQRTDEwEAFEAlxirxNsVz1QLFAgAxYoPxksR0TgXC
102=xEC1sKEiQ+VABIAAMSJT0VKUREFFsNDyI4VACsAaQXSBtIEkwKMAgASAMDESM7ESM5RBpc
103=CFgEVAADECM8DyE2tBVICUcXDyE4RwUeMU5QODAQAUQCQD1IAKw9J7QCQBZABwMbL1AQJD
104=usGUQLSBWkAlwsQAGkFEAEBRgtSSg2SBgr1BhMCjAIAFARBiUzRh4tQRQoQ1gTSABcKVAC
105=SBhYE0geWDQntAJ6NCE4MBABRAJUElwdQBBQJlgWSDkDGi5LGCpDUgIUKFk0QEgDvCxcWQ
106=ZhUkFBR1EeL0ZEI7QVQA0MJDJGVE5HX1VHRUZIHzFJTAowCABcAgwdMEowPE09Q0owOkUk
107=NUtQCC6FAiJgK0AKXAJUTjAQAUQCWCIGJjVLIDFFESQ7J5QEXAVcEUgGUAJ6ByE2UCBcOL
108=wsXFkGTk5OXVFCU0xFXFwntAJAFkAETAowCwB2XkEhACNQTQNGS09NT1JYBFBTQx8bL0xA
109=GVAITFhQLwkdLkMiNlQYK0cmMkEwEAFEAlgiBnFdREc/Mz1FTifcAVQkShgsO2RBXDVIAA
110=MfMUoqNUVAWCecBbyGUA4JXlJEXVJFXVFDZVRAWBC3CTs5NlALJwsAdV5BS7F5YEJIAEAE
111=AktEOUQ/ZMgnvABAH1AvYhlYPkwKAztBSVtOPi0QAVQJXAW8rUiuUAgDZVZBZVdFXAVcAk
112=gAQwFJSkpYH0gJXDgGKDdJS0pJaVdAuJ1UA1wsVA8n1ABICbz+UAhUCUgAVxJKRT4huChL
113=sXNcP1grWAeoHlgHQAcwvgBmVXiUWApMKEwEA0Y9L0U+NFAIVBVMglgHVA9UFSffIlpMNF
114=AIQPRAAVgNWBasB7w4SBJQBUgAUA5UulQDQwdFQSUhGCxUBnLpMwxYAWABlOpQCCdUAlQJ
115=WAdYBFAFRBpAB3gELGwgKrwATARIHkgAQAdHF3thQqQRVB5UD1gHYA1YB0ANSABCATMMWB
116=ZIAHIIV0VcDkQILawBQBZICSAGJCNICaQUYA1IDKgAQA0nIAA1LABAEFgWoBBMJUABtBUo
117=HAFAB0gAPhwBRCygEEAfQApcICIYILQGVAAvBAFI/2AEnAJD7k1DKsQIUAVIAJwCoAooXA
118=BQAkgAVANKADMMRBdANKwEtBUqTAG8AjHsAEQIqABQCEoAMwxcLEgASC0jMDgiPDK0Bio8
119=IKAETARQAq8BVkkxQwFUTEAhZCtMAUgPZA6ACiggAEANRAJIAEIBMwxYHANwYEphVUVcBS
120=ccAUwKTAdIACc0BHgHnAVAATZcAEQIVA9cLKiHVABYAUgJSABAAUgAQAFIAEABSwM8Ny+s
121=AQADMTArOTUvTUY7SkM4R0I4R0A1UEU1SAxIADD0AVQVAANqXEltY1NyYkx0YUlmXU9hWU
122=1MQjRMCgJPRztEPyK0OycUA1wRJywATA1AClgBcgJDKkwBSABcC1wCagBdRFgHA05CMkY/
123=NUATBj03LkxCNUc/MkMTQDszUAtMBEoDUEjc5kgDAAZmWUdaU0hKRDpQRzpFPzRaTz9gVk
124=ddUD9YCkgARAtcNVQVA2tZQ2VZR0gADGlfT3NiS3FgSWpdS2xfTFBERGtMB1AOMDQEWA0n
125=PAJMAUAQSABAAUgASxg8NzBYAUgAWAFIAEABA2lcSWNZSkwBQAFQkkgATAFUAKgASANcAg
126=JfV01wWmyvBUU+MlBENEI6fy9rWkVYB1AFSABEC6wBA2RTP3BdRUsAblxGQxZ1Ykkw9A1c
127=XCo3BE1FOqwHXAhYGUgDA0Q6LTs2LScUAyd0AEABA2ZaSVxXTkgAuBMnFAADVFNQUlJSJz
128=gAQAFYAVwFSABYCksAT0M0J+QCUAJADVA1XAJMAbRITgFLRUUyLUhvSABMVWgA/FasAUQX
129=US9II/Q0XAVUDCcIAFwISABQAkoAR0BsSVgBSABbAVZUTlgTSABIElwFQAFIAEwBSABAAU
130=gAQAG8AiecBVQMTMSoAFRIWAFEPi0UCVwmMGwFREdoFeR0JywAXAs2CABQFEgAXBS0AKAB
131=rwFWUk1YE0gARBRIACoEAVACuwFjV0edjCi0FT8UADaEAlwCTF68DkhgUCysAbQMJxQAUA
132=JIAFAUSACgAVQAXIZ9sz9seVgBSAMCaVhEZ1YiIDNMAUgAUAJIAEABSAAnIABE0T+0AieA
133=AFgTaAAnYAWUnycoAUABSABQC0gAQAFIAEABSABAAUgAQAFIAEABSACgAVQASABRUFgjxk
134=BbTXCDtANcAkABSABAAUgAJyAATAFcLLyDJ1QCOSAAKrQCUNFEdANoXEtkW0xcCEwKSABA
135=AUgAQAFIAEABSABAAUgAQAFIAEABSABAAUgAQwFKRDsh/CBIUViOSKVEAkgASANIAFhnS1
136=FMQzdMASdQAFDIA1RKPEQ9MUCyXAJ8UDhMUrQYrARYFlQVA3FfR3dlTVS0A3BgSUxFOifc
137=AUQmJ3wQXA42XAADTUI0Qj01JzACQAFIAFgQSH5cs6wBWAEn+ABHa05KQVDIVBtQyFPgT0
138=g9WENAvkAuSCdAAbAUMBQAVBVAtQVpX1BcUkRvYWTLXMsDaV1Nc2NNQA2/O19QPCFUOySU
139=QFwOXAJIAEABSACgAUAETwFDPDIhXEJEAifUACosAEQIuARUAFwCSABIBlDIBkE8MkhBN0
140=5HOlDIUAJIAFwCSACgAUAWTAEnCANAGSe0Aki0RMsGREA5Ukg7cV9IXAW8DlQATQEAJs9Z
141=ZVZDITA+Uw5dTjpIA7wCRAJYGagDRAJIDEgAQAGoAFQDJyAAKlwARAhEC0YCQz5wyEwBSA
142=BYAUgAJyAAMCwAqANUFQZ0Y01IQjlZUEJArFACUBGoAEwBuA0gBhUAdiNEXSckLy3UACeo
143=EbwCWBxYFkUadSa/Wj04MEzTVGBIFSpECUQCCSAwRlBKQ0VAOD85MUwEQPRIS1grRBSoFV
144=QAuAogEhQAUAhEDkgAWJ1IAESesAgtwAKwAicUAFAXQAcn8AhMAUQIROxUAEwBRBRUAKwB
145=WGEnLABcFKgAJxwBIBUgAKQLqAlUnCAMEAFMLqBMTE+sAbgHRBpACkQatANUACcsAKAEPB
146=QATBxLP4NoRTaYAEAEWRZvKVwnWAFQAkgAQAFLAHRcPzbsADlcAEgYOXQAXRF5Iwg8XAug
147=DbAFXAK4AV4Cd14iED1BAXMpAAJMAUAEWK9UAEgAVANIACqcFESwUJsDVU5CRD0zQLK4Ci
148=AeFwBwYEpQEUgPQMon0wE5NS9MAUgAQBBIACf8C0wBJ1AArAFIt7AFWAFIAFQDSABAAUgA
149=QAFIAEIBTkciVC8ncxNORjogGMwCRNcnQBkn2S9HI7QgR9dOQzQhVCxMdrwOSA9UJ1x6Qw
150=E7Ni1QAkgDW3lHPzJQBVACRAJIAEABSAAGVEk5SkQ5WEo4TAFQAkgAQAFQm0ABSABPAW1a
151=QVBNP+cCe2FCKowAQBZYT0PKc2JLU+BqXUtAykAKSABMCkgAQAFIAEABSAAnIACsAboBTk
152=N436wBtAAqdwBJQzhbFkZANiHbcVZJN0AESABABESbQAFIAEwBSABAAVQSVACsAVQAWAFI
153=AEQCSABYAUgAuAFDAWxZQl+zUkY2IetwS0AyQARIAFwCSABUJCevAVZJOVQPUA5QJlwCWB
154=BAAUwEUAVIAEABSACgAVQASABYAUgAVAakCEAWQAFIAEMBXk88QARIAEMEQjovLbwJXAIn
155=mAlMAUwESAAtjACs36RBJ4wAQAFYDVAUSAygDUABSABMAUgAQAFKAExGIsAmQApIAFwFSA
156=CgAVQASwBkUz0hYHcnBAEn1ABQHUgAMLwDXE0nVCNICUgAUAgwTAowjABYBFAFSABDAUpE
157=OEANSABYE0gAQAFIAEABSABAATPcAaAHVABIAEQISABEBUgASAZIAEABSABAAUgAWAdIAD
158=DkAkAHrCVAOkwBSABQCEgAQAFQO1ACrAFYAUABSABAAUgAQAFIAEAHJ3wBQAFIAEANSABA
159=AUgAQAFIAFAOSAAt3AEnBAE2nAVYB0gAWAdIAEABSABAASq0CCqsBFALKiQCWA1QO1AFRB
160=RADUgAQAFIAEwNvAhICUABSABAAUgAQAFIAEABSABAAUgAQAFIAFAIJ+wABG1XPW9ZPm0R
161=AABABdQJC1c9bVc9b1k+b1k+RkA2SwBHQTdIAEABSABAAUgAQAFIAEABSwBKRDmsAQJWST
162=dWScwBXAJQAkgAQAFIAEABSABAAUgAUAtIAFALSABAAUgAQwFKRDhABEgAQARIAEABSABA
163=AUgAQAFIAEABSABAAbwFSAZAAUgAoAFUAEgAWAFDEElDOKQFUAVAAUgAQAFIAEABSABAAU
164=gAQAFIAEABSABAAUgAQAFIAEABSABAAUgAQAFIAEABWApQC0gAQAFIAEABSABAASADrAED
165=TEY7Xk88vAVIBkABSACgAVQASABYAawfB1hMPFhKOVdKOVUgAgwFVBJIAFgTSABAAUgAQA
166=FIAEABrApYCkABSABAAUgAQAFIAEABrA1YBFAFSABAAUgAQAFIAEABSABAAUwQUAVIAFwF
167=SABAAUgAoAFUAEgAWAFIAEABSABAAUgAQAE8ZwH/AABIAFALSAxIAEABSABAAVNHWEo4WA
168=dQCEgAQAFIAEABSABAAUsAZFM9QCI8TAdQLCe8AEABSABAB0gAoAFUAEgAWAFIAEABSABA
169=AUgAOWQBSBUtCAC0FUAWQAFIADnEASd8AVAFSABQBUgAQAFIAEABSABAASeMAEABSABQEU
170=gAQAFIAKABVwBwXENYAUgATAFIAEABSABAAUgAQCJIACpMBEg2RAsqzAJUDEgAUAJIAEAB
171=J+wAQAFIAFAISABAAUgAQAFIADk0BCeMAEABSABQBUgAQAFIAEABSACgAVQASABYAUgAQA
172=FIAEABSABAAUgAQAFIAFBcrAFIXUABSABQAkAZRBQtRANYFkBnQARIAEwESABAAUgAQAFI
173=AEABSABAAUgAJ0wBvAgnXABAAUgAQARIAEABSABAAUgAQAFIAKABVAA5nAVYBEgATARIAE
174=ABSABAAUgAQAFIAEABSABYFkgASA9AFiADVAhAB0gAQAdIAEABSABAAUgAQAFIAEABSABA
175=AUgAQAFIAEABSABAAUgAoAFUAEgAWAFIAEABSABAAUgAQAFIAEABSABAAUgAQAFIAEABSA
176=BAAUgAQAFIAEABSAAn3ARMAVACSABAAUgAQAFIAEABSABAAUgAQAFIAEABSABAAUgAQAFI
177=AEABSABAAUgAQAFIAEABSABAAUgAQAFIAKABVABIAFgBSABAAUgAQAFIAEABSABAAUgAQA
178=FIAEABSABAAUgAQAFIAEABSABAAUgAQAFIAEABSABAAUgAQAFIAEABSABAAUgAQAFIAEAB
179=SABAAUgAQAFIAEABSABAAUgAQAFIAEABSABAAUgAQAFIAEABSACgAVQASABYAUgAQAFIAE
180=ABSABAAUgAQAFIAEABSABAAUgAQAFIAEABSABAAUgAQAFIAEABSABAAUgAQAFIAEABSABA
181=AUgAQAFIAEABSABAAUgAQAFIAEABSABAAUgAQAFIAEABSABAAUgAQAFIAEABSABAAUgAoA
182=FUAEgAWAFIAEABSABAAUgAQAFIAEABSABAAUgAQAFIAEABSABAAUgAQAFIAEABSABAAUgA
183=QAFIAEABSABAAUgAQAFIAEABSABAAUgAQAFIAEABSABAAUgAQAFIAEABSABAAUgAQAFIAE
184=ABSABAAUgAQAFIAKABVABIAFgBSABAAUgAQAFIAEABSABAAUgAQAFIAEABSABAAUgAQAFI
185=AEABSABAAUgAQAFIAEABSABAAUgAQAFIAEABSABAAUgAQAFIAEABSABAAUgAQAFIAEABSA
186=BAAUgAQAFIAEABSABAAUgAQAFIAEABSAAzIAAqUAAgdSwAEQAA

[Basic]
Name=TSR Crevasse (2)
Percent=0
GameMode=standard
HomeCell=98
InitTime=10000
Official=yes
EndOfGame=no
FreeRadar=no
MaxPlayer=2
MinPlayer=2
SkipScore=no
TrainCrate=no
TruckCrate=no
AltHomeCell=99
OneTimeOnly=no
CarryOverCap=0
NewINIFormat=4
NextScenario=
SkipMapSelect=no
CarryOverMoney=0.000000
AltNextScenario=
MultiplayerOnly=1
IceGrowthEnabled=yes
VeinGrowthEnabled=yes
TiberiumGrowthEnabled=yes
IgnoreGlobalAITriggers=no
TiberiumDeathToVisceroid=no

[CellTags]

[Infantry]
0=Neutral,E1,256,53,65,0,Guard,64,None,0,-1,0,0,0
1=Neutral,CIV2,256,52,64,0,Guard,64,None,0,-1,0,0,0
2=Neutral,CIV3,256,53,67,0,Guard,64,None,0,-1,0,0,0
3=Neutral,CIV1,256,56,62,0,Guard,64,None,0,-1,0,0,0
4=Neutral,CIV1,256,61,54,1,Guard,64,None,0,-1,0,0,0
5=Neutral,CIV2,256,59,54,1,Guard,64,None,0,-1,0,0,0
6=Neutral,CIV3,256,62,51,1,Guard,64,None,0,-1,0,0,0
7=Neutral,CIV2,256,64,56,1,Guard,64,None,0,-1,0,0,0
8=Neutral,CIV3,256,56,56,1,Guard,64,None,0,-1,0,0,0
9=Neutral,CIV1,256,55,52,0,Guard,64,None,0,-1,0,0,0
10=Neutral,CIV1,256,59,49,1,Guard,64,None,0,-1,0,0,0
11=Neutral,E1,256,53,63,0,Guard,64,None,0,-1,0,0,0

[IsoMapPack5]
1=NQwAIA4eAAEA//8AAAAAAB0AAgD//0MBAAAeKCkAHygrABwAA+EEHSgpAB4oKQAfKCkAIC
2=grABsABPkGHCgpAB0oKQAeKCkAHygpACAoKQAhKCsAGgAF8QkbKCkAHCgpAB0oKQAeKCkA
3=HygpACAoKQAhKCkAIigrABkABukMGigpABsoKQAcKCkAHSgpAB4oKQAfKCkAICgpACEoKQ
4=AiKCkAIygrABgAB+EPGSgpABooKQAbKCkAHCgpAB0oKQAeKCkAHygpACAoKQAhKCkAIigp
5=ACMoKQAkKCsAFwAI+REYKCkAGSgpABooKQAbKCkAHCgpAB0oKQAeKCkAHygpACAoKQAhKC
6=kAIigpACMoKQAkKCkAJSgrABYACfEUFygpABgoKQAZKCkAGigpABsoKQAcKCkAHSgpAB4o
7=KQAfKCkAICgpACEoKQAiKCkAIygpACQoKQAlKCkAJigrABUACukXFigpABcoKQAYKCkAGS
8=gpABooKQAbKCkAHCgpAB0oKQAeKCkAHygpACAoKQAhKCkAIigpACMoKQAkKCkAJSgpACYo
9=KQAnKCsAFAAL4RoVKCkAFigpABcoKQAYKCkAGSgpABooKQAbKCkAHCgpAB0oKQAeKCkAHy
10=gpACAoKQAhKCkAIigpACMoKQAkKCkAJSgpACYoKQAnKCkAKEgBiKMCDAATAAz5HBQoKQAV
11=KCkAFigpABcoKQAYKCkAGSgpABooKQAbKCkAHCgpAB0oKQAeKCkAHygpACAoKQAhKCkAIi
12=gpACMoKQAkKCkAJSgpACYoKQAnSAHZHCgoKQApKCsAEgAN8R8TKCkAFCgpABUoKQAWKCkA
13=FygpABgoKQAZKCkAGigpABsoKQAcKCkAHSgpAB4oKQAfKCkAICgpACEoKQAiKCkAIygpAC
14=QoKQAlKCkAJkgB0R8nKCkAKCgpACkoKQAqKCsAEQAO6SISKCkAEygpABQoKQAVKCkAFigp
15=ABcoKQAYKCkAGSgpABooKQAbKCkAHCgpAB0oKQAeKCkAHygpACAoKQAhKCkAIigpACMoKQ
16=AkKCkAJUgBySImKCkAJygpACgoKQApKCkAKigpACsoKwAQAA/hJREoKQASKCkAEygpABQo
17=KQAVKCkAFigpABcoKQAYKCkAGSgpABooKQAbKCkAHCgpAB0oKQAeKCkAHygpACAoKQAhKC
18=kAIigpACMoKQAkSAHBJSUoKQAmKCkAJygpACgoKQApKCkAKigpACsoKQAsKCsADwAQ+ScQ
19=KCkAESgpABIoKQATKCkAFCgpABUoKQAWKCkAFygpABgoKQAZKCkAGigpABsoKQAcKCkAHS
20=gpAB4oKQAfKCkAICgpACEoKQAiKCkAI0gB2SckKCkAJSgpACYoKQAnKCkAKCgpACkoKQAq
21=KCkAKygpACwoKQAtKCsADgAR8SoPKCkAECgpABEoKQASKCkAEygpABQoKQAVKCkAFigpAB
22=coKQAYKCkAGSgpABooKQAbKCkAHCgpAB0oKQAeKCkAHygpACAoKQAhKCkAIkgB0SojKCkA
23=JCgpACUoKQAmKCkAJygpACgoKQApKCkAKkoBIQJHCwwAK0kBG6kBLEgBTQIATcUtKCkALi
24=grAA0AEuktDigpAA8oKQAQKCkAESgpABIoKQATKCkAFCgpABUoKQAWKCkAFygpABgoKQAZ
25=KCkAGigpABsoKQAcKCkAHSgpAB4oKQAfKCkAICgpACFIAdEfIigpACMoKQAkKCkAJSgpAC
26=YoKQAnKCkAKCgpACkoKQAqSQEgqS0rSQEaqQEsSAHBDy0oKQAuKCkALygoACLoIiWDNw0A
27=EygsBicpAA8oVQAQKCkAESgpABIoKQATKCkAFCgpABUoKQAWKCkAFygpABgoKQAZKCkAGi
28=gpABsoKQAcKCkAHSgpAB4oKQAfKCkAIEgB3SAhKCkAIigpACMoKQAkKCkAJSgpACYoKQAn
29=KCkAKEgBzV0pSQEZtS4qSQEXqQErKCkALEgB0WEtSAHZES4oKQAvKCkAMCgrAAsAFO0xDC
30=gpAA0oKQAOKCkADygpABAoKQARKCkAEigpABMoKQAUKCkAFSgpABYoKQAXKCkAGCgpABko
31=KQAaKCkAGygpABwoKQAdKCkAHigpAB9IAd0gICgpACEoKQAiKCkAIygpACQoKQAlKCkAJi
32=gpACcoKQAoSAHdYilIAdkyKigpACsoKQAsSAHBZy1IAcUTLigpAC8oKQAwKCkAMSgrAAoA
33=FfE1CygpAAwoKQANKCkADigpAA8oKQAQKCkAESgpABIoKQATKCkAFCgpABUoKQAWKCkAFy
34=gpABgoKQAZKCkAGigpABsoKQAcKCkAHSgpAB5IAckiHygpACAoKQAhKCkAIigpACMoKQAk
35=KCkAJSgpACYoKQAnSAHZaShIAdE1KSgpACooKQArKCkALEgBJ90GFYwUWcwuVAKPAQwALy
36=gpADAoKQAxKCkAMigrAAkAFuk4CigpAAsoKQAMKCkADSgpAA4oKQAPKCkAECgpABEoKQAS
37=KCkAEygpABQoKQAVKCkAFigpABcoKQAYKCkAGSgpABooKQAbKCkAHCgpAB1IAckiHigpAB
38=8oKQAgKCkAISgpACIoKQAjKCkAJEgB0TUlSAHNnyYoKQAnSAHJOCgoKQApKCkAKigpACso
39=KQAsKCkALUgB3QouSAHVpy9IAdUYMCgpADEoKQAyKCkAMygrAAgAF+E7CSgpAAooKQALKC
40=kADCgpAA0oKQAOKCkADygpABAoKQARKCkAEigpABMoKQAUKCkAFSgpABYoKQAXKCkAGCgp
41=ABkoKQAaKCkAGygpABxIAckiHSgpAB4oKQAfKCkAICgpACEoKQAiKCkAIygpACRIAdWnJU
42=gB1TkmKCkAJygpACgoKQApKCkAKigpACsoKQAsKCkALSgpAC5IAd14L0gBwRowKCkAMSgp
43=ADIoKQAzKCkANCgrAAcAGPk9CCgpAAkoKQAKKCkACygpAAwoKQANKCkADigpAA8oKQAQKC
44=kAESgpABIoKQATKCkAFCgpABUoKQAWKCkAFygpABgoKQAZKCkAGigpABtIAdUjHCgpAB0o
45=KQAeKCkAHygpACAoKQAhKCkAIigpACNIAcl6JEgB2T0lKCkAJigpACcoKQAoKCkAKSgpAC
46=ooKQArKCkALCgpAC0oKQAuKCkAL0gBzX4wSAHNfjFIAcUeMigpADMoKQA0KCkANSgrAAYA
47=GfFABygpAAgoKQAJKCkACigpAAsoKQAMKCkADSgpAA4oKQAPKCkAECgpABEoKQASKCkAEy
48=gpABQoKQAVKCkAFigpABcoKQAYKCkAGSgpABpIAckiGygpABwoKQAdKCkAHigpAB8oKQAg
49=KCkAISgpACIoKQAjSAHZfyRIASc8CFyRJHkrJihVACcoKQAoKCkAKSgpACooKQArKCkALC
50=gpAC0oKQAuKCkALygpADBIAd2DMUgB0R8yKCkAMygpADQoKQA1KCkANigrAAUAGulDBigp
51=AAcoKQAIKCkACSgpAAooKQALKCkADCgpAA0oKQAOKCkADygpABAoKQARKCkAEigpABMoKQ
52=AUKCkAFSgpABYoKQAXKCkAGCgpABlIAdUjGigpABsoKQAcKCkAHSgpAB4oKQAfKCkAICgp
53=ACEoKQAiKCkAI0kBJL1BJEgBJ5QISNW1AiYoVQAnKCkAKCgpACkoKQAqKCkAKygpACwoKQ
54=AtKCkALigpAC8oKQAwSAEnlQgamCABAAwAMlQCjwEMADMoKQA0KCkANSgpADYoKQA3KCsA
55=BAAb4UYFKCkABigpAAcoKQAIKCkACSgpAAooKQALKCkADCgpAA0oKQAOKCkADygpABAoKQ
56=ARKCkAEigpABMoKQAUKCkAFSgpABYoKQAXKCkAGEgB1SMZKCkAGigpABsoKQAcKCkAHSgp
57=AB4oKQAfKCkAICgpACEoKQAiKCkAIygpACRIAdGNJUgB2UgmKCkAJygpACgoKQApKCkAKi
58=gpACsoKQAsKCkALSgpAC4oKQAvKCkAMEgBJ+0IG4QijEcnKQAzQASbAgwANCgpADUoKQA2
59=KCkANygpADgoKwADABz5SAQoKQAFKCkABigpAAcoKQAIKCkACSgpAAooKQALKCkADCgpAA
60=0oKQAOKCkADygpABAoKQARKCgABRIAHAD//wAAEQAAKw0AIAYAAAATABwA//9AAQMAABQA
61=HADJARUoKQAWKCkAF0gBhwUMABgoKQAZKCkAGigpABsoKQAcKCkAHSgpAB4oKQAfKCkAIC
62=gpACFKASECXw0MACJJARmpASMoKQAkSQEXtQIlKCkAJigpACcoKQAoKCkAKSgpACooKQAr
63=KCkALCgpAC0oKQAuKCkALygpADAoKQAxSQEbuREySAFAFwIAAAwAMygpADQoKQA1KCkANi
64=gpADcoKQA4KCkAOSgrAAIAHeU0AygpAAQoKQAFKCkABigpAAcoKQAIKCkACSgpAAooKQAL
65=KCkADCgpAA0oKQAOKCkADygpABAoKQARKCkAEigpABMoKQAUKCkAFSgpABZIAc0mFygpAB
66=goKQAZKCkAGigpABsoKQAcKCkAHSgpAB4oKQAfKCkAIEgB0UshSAHZSCIoKQAjKCkAJCgp
67=ACUoKQAmKCkAJygpAChJARyxQCkoKQAqKCkAK0gB1Q0sKCkALSgpAC4oKQAvKCkAMCgpAD
68=FJARqpDDJIAc0mMygpADQoKQA1KCkANigpADcoKQA4KCkAOSgpADooKwABAB7pTgIoKQAD
69=KCkABCgpAAUoKQAGKCkABygpAAgoKQAJKCkACigpAAsoKQAMKCkADSgpAA4oKQAPKCkAEC
70=gpABEoKQASKCkAEygpABQoKQAVSAHZJxYoKQAXKCkAGCgpABkoKQAaKCkAGygpABwoKQAd
71=KCkAHigpAB8oKQAgSQEgqTghSAHdQSIoKQAjKCkAJCgpACUoKQAmKCkAJ0gB3UEoSAHBGi
72=koKQAqKCkAK0kBJKEPLEgBwQ8tKCkALigpAC8oKQAwKCkAMUgB1Q0ySAHVDTMoKQA0KCkA
73=NSgpADYoKQA3KCkAOCgpADkoKQA6SQFEYwsMADvIAQMBCAACAB/hUQMoKQAEKCkABSgpAA
74=YoKQAHKCkACCgpAAkoKQAKKCkACygpAAwoKQANKCkADigpAA8oKQAQKCkAESgpABIoKQAT
75=KCkAFEgBaBtFwxUoKQAWKCkAFygpABgoKQAZKCkAGigpABsoKQAcKCkAHSgpAB4oKQAfKC
76=kAIEgBJ/YJHwDRQCJUAskBIygpACQoKQAlKCkAJkgB1ZwnSQEepUooSAHNGykoKQAqKCkA
77=KygpACxIAc0QLUgBwQ8uSAHdCi8oKQAwSAHBBDFIASf1CR+QDUUpM1QCjwEMADQoKQA1KC
78=kANigpADcoKQA4KCkAOUkBRWsIDAA6SAF2TwIIV08fAHxvGwgAPFUCdKsBAwAg4VEEKCkA
79=BSgpAAYoKQAHKCkACCgpAAkoKQAKKCkACygpAAwoKQANKCkADigpAA8oKQAQKCkAESgpAB
80=IoKQATSAFoG0ElFCgpABUoKQAWKCkAFygpABgoKQAZKCkAGigpABsoKQAcKCkAHSgpAB4o
81=KQAfSAHZ7SBIAdU5ISgpACIoKQAjKCkAJCgpACVIAcU/JkgBwRonKCkAKCgpACkoKQAqKC
82=kAKygpACxIAdmgLUgB3VcuSAHdCi8oKQAwSAHNBTFIAckXMkgBJbEnM0gB2QY0KCkANSgp
83=ADYoKQA3KCkAOEkBRn8GDAA5SAF0T0lOOkgByU47SQFyqU48KCkAPUkBdbcCBAAh4VEFKC
84=kABigpAAcoKQAIKCkACSgpAAooKQALKCkADCgpAA0oKQAOKCkADygpABAoKQARKCkAEkgB
85=aBtJThMoKQAUKCkAFSgpABYoKQAXKCkAGCgpABkoKQAaKCkAGygpABwoKQAdKCkAHkgByU
86=4fSAHdNiAoKQAhKCkAIigpACMoKQAkKCkAJUgBJ/UJIYgbTRsnVAKPAQwAKCgpACkoKQAq
87=KCkAKygpACwoKQAtKCkALigpAC8oKQAwKCkAMUgBwVEySAHRVjNIAc0QNCgpADUoKQA2KC
88=kAN0gBfExJFzhIAXRPSU45SAHJTjpIAclOOygpADwoKQA9KCkAPkkBdqNRBQAi4VEGKCkA
89=BygpAAgoKQAJKCkACigpAAsoKAAitDclFToNKFUADigpAA8oKQAQKCkAEUgB3SASKCkAEy
90=gpABQoKQAVKCkAFigpABcoKQAYKCkAGUgB2UgaSAElFTobSAHZfxxIAcEPHSgpAB5IAd3b
91=H0gBJ/UJIvntIShVACIoKQAjSAHB4CQoKQAlSAHZPSZIAdUNJygpACgoKQApKCkAKigpAC
92=soKQAsKCkALSgpAC4oKQAvKCkAMCgpADEoKQAyKCkAMygpADQoKQA1KCkANkgBdOlJTjdI
93=AXRPSU44SAHJTjlIAclOOigpADsoKQA8KCkAPSgpAD4oKQA/SAHL8wYAI+FRBygpAAgoKQ
94=AJKCkACigpAAsoKQAMKCkADSgpAA4oKQAPKCkAEEgBzTERKCkAEigpABMoKQAUKCkAFSgp
95=ABYoKQAXSAHdTBhIAd1MGUgBzUcaKCkAGygpABxIAc0FHSgpAB5IAdkGHygpACAoKQAhKC
96=kAIkgByZsjSAHBGiQoKQAlKCkAJigpACcoKQAoKCkAKSgpACooKQArKCkALCgpAC0oKQAu
97=KCkALygpADAoKQAxKCkAMigpADMoKQA0KCkANUgBfExJTjZIAXRPSU43SAHJTjhIAclOOS
98=gpADooKQA7KCkAPCgpAD0oKQA+KCkAPygpAEAoKwAHACThUQgoKQAJKCkACigpAAsoKQAM
99=KCkADSgpAA4oKQAPSAHFNBAoKQARKCkAEigpABMoKQAUKCkAFSgpABYoKQAXSAHZlRhIAc
100=1HGSgpABooKQAbKCkAHCgpAB0oKQAeKCkAHygpACAoKQAhKCkAIkgByZsjSAHNGyQoKQAl
101=KCkAJigpACcoKQAoKCkAKSgpACooKQArKCkALCgpAC0oKQAuKCkAL0gBBZMBAAABCwAwyA
102=EBAgsAMUkBlFQCAQALADLIAUEEM0gB3RU0SAF06UlONUgBdE9JTjZIAclON0gByU44KCkA
103=OSgpADooKQA7KCkAPCgpAD0oKQA+KCkAPygpAEAoKQBBKCsACAAl4VEJKCkACigpAAsoKQ
104=AMKCkADSgpAA5IAdkcDygpABAoKQARKCkAEigpABMoKQAUKCkAFSgpABYoKQAXSAElZSMY
105=SAEn9Qkl8eUaKFUAGygpABwoKQAdKCkAHigpAB8oKQAgKCkAIUgBwZ4iSAHNGyMoKQAkKC
106=kAJSgpACYoKQAnKCkAKCgpACkoKQAqKCkAKygpACxJAUB7DQwALcgBAQEMAC5IAWhOAQMM
107=AC/JAQR2TyUAdgIFClZPJQB2TwMKVE+oAUEEM0wFdAIBBQwANEgBdE9JTjVIAclONkgByU
108=43KCkAOCgpADkoKQA6KCkAOygpADwoKQA9KCkAPigpAD8oKQBAKCkAQSgpAEIoKwAJACbh
109=UQooKQALKCkADCgpAA1IAXwkWWkOKCkADygpABAoKQARKCkAEigpABMoKQAUKCkAFSgpAB
110=YoKQAXKCkAGEgB2aAZSAHBURooKQAbKCkAHCgpAB0oKQAeKCkAHygpACAoKQAhKCkAIkgB
111=JREpI0gBxR4kKCkAJSgpACYoKQAnKCkAKCgpACkoKQAqSAF8QVknK8gBAQEIACxIAXRPVU
112=QtygEDCFVPJp5MBghUT6oBBwhMn6oBCAlVTyaWTwYJVE+oAUEEM0QIdk8ICFZPJgDJTjVU
113=AslONigpADcoKQA4KCkAOSgpADooKQA7KCkAPCgpAD0oKQA+KCkAPygpAEAoKQBBKCkAQi
114=gpAEMoKwAKACfhUQsoKQAMSAHBMA0oKQAOKCkADygpABAoKQARKCkAEigpABMoKQAUKCkA
115=FSgpABZIASWxJxdIASUBJxhIAclOGSgpABooKQAbKCkAHCgpAB0oKQAeKCkAHygpACAoKQ
116=AhKCkAIkgB2aAjSAHRHyQoKQAlKCkAJigpACcoKQAoKCkAKSgpACpIAXRPXUwrSAHJQyxI
117=ASWRLi0oKQAuKCkAL0gBJTk5MEgBbp8LCFVPJ5ZPCQhUT6gBAQoIADNABJwVd08nAHskFT
118=o1VAIn9gknAMkBNyhVADgoKQA5KCkAOigpADsoKQA8KCkAPUkBd6kMPigpAD9IAckMQEgB
119=wQRBKCkAQigpAENIAc0FRCgrAAsAKJAYWHQi/ECPAQwADShVAA4oKQAPKCkAECgpABEoKQ
120=ASKCkAEygpABQoKQAVKCkAFkgB1ZwXSAHJThgoKQAZKCkAGigpABsoKQAcKCkAHSgpAB4o
121=KQAfKCkAICgpACFIASV1OyJIASfcJycdBCRUAt0gJSgpACYoKQAnKCkAKCgpAClIAQGWAQ
122=AAVekqyAGXTygAf702LFQCwTAtKCkALigpAC8oKQAwSAHFVTEoKQAyKCkAMygpADRIAd0K
123=NSgpADYoKQA3KCkAOCgpADkoKQA6KCkAO0gB2Ug8SQF5qRc9SQEsbyIIAD5JATCpAT9JAX
124=1jBAkAQEkBMbUCQUkBKakBQkkBLakBQ0gB3SBESAEJdwIAAAAIAEUAKAB5EQAAng4AIAYC
125=AAAACAAMAClcAEsADAANKCkADigpAA8oKQAQKCkAESgpABIoKQATKCkAFCgpABUoKQAWSQ
126=EkYw8MABdJARepARgoKQAZKCkAGigpABsoKQAcKCkAHSgpAB4oKQAfKCkAIEkBGqkMIUgB
127=UBwCAAAMACIoKQAjKCkAJCgpACUoKQAmKCkAJygpAChIAQOWAQAABAtCASkAaAEBBQsAKl
128=ABaAEBBggAK8gBAQcIACxJAXtvEAgALUkBcqkBLigpAC8oKQAwKCkAMSgpADIoKQAzKCkA
129=NCgpADUoKQA2KCkANygpADhJAXehDzkoKQA6SQF5tQI7SQEseyMIADxIAYdCCAA9SQEwtQ
130=I+SQGAbwUJAD9IAZMJCQBASQF4tQJBSQF6qQFCSQExuQZDSAHRCUQoKQBFKCkARkgBagUA
131=BVVPKoQBRTQOTCmPAQwADygpABAoKQARKCkAEigpABMoKQAUKCkAFSgpABYoKQAXSQEgfx
132=UMABhIAcFRGSgpABooKQAbKCkAHCgpAB0oKQAeKCkAHygpACBIASf0CSdtAyJUAs0bIygp
133=ACQoKQAlKCkAJigpACcoKQAoSAF9TAh1TyqWTwkKTAKqAQoJVE+pAQt2TyoAJ/YJKgAn9A
134=knKQAvQAfVAjAoKQAxKCkAMigpADMoKQA0KCkANSgpADYoKQA3SQF1fysIADhIAdFLOUgB
135=3UE6KCkAO0gB3Uw8SAHdTD1IAcVKPkkBk15tAQhWTyoAagECCFdPKgCUVAIBAAgAQUAEaA
136=FBBEJIAcUIQ0gB2VNESAHRCUVJAUZnMAkARsgBAQEFAEdIAXACAQAGAA5BKDNtAQtVTytg
137=AXWGEFQCjwEMABEoKQASKCkAEygpABQoKQAVKCkAFigpABdIASf2CSsAJ/QJJykAGkAE1Q
138=IbKCkAHCgpAB0oKQAeKCkAHygpACAoKQAhSQEZbDFvnysAG6kBI1QCwRokKCkAJSgpACYo
139=KQAnKCkAKEkBlXQudk8rAGkBAXRPqQECdE+pAQN1Tyso9QkrKPQJJykAL1EJcnsRCAAwKC
140=kAMSgpADIoKQAzKCkANCgpADUoKQA2SAGDkwgAN0gByZs4SQEofxwIADlJAXx3DQkAOkgB
141=yUM7SAHJQzxJAUJtBQlNnyucTAEDCQA+VAJpTgR0T7YCBQdVTyuWTwMHVE+oAUEEQkwFYF
142=EBBQkAQ0gB0QlEyAEBAQkARUkBRkoMAgVXTysAL0gBTZ9HVAKHTQUASEgBcAJVAg9Qx4sB
143=DAAQKCkAESgpABIoKQATKCkAFCgpABUoKQAWKCkAF0gB0fAYSQEcayIMABlIAclOGigpAB
144=soKQAcKCkAHSgpAB4oKQAfKCkAICgpACEoKQAiSAHFoiNIAc0bJCgpACUoKQAmKCkAJygp
145=AChIAWhOhe8slE+E76gBhO+oAYXvLCj1CSwo9AknKQAvUAkn9AknVQAxKFUAMigpADMoKQ
146=A0KCkANUgB3Uw2SAHVnDdJASlwG22fLERbTAF3TywAgWgtd08sAERQAgEACQA7TAVoAUmQ
147=PEgBYEZJQz1IAWpOBgVVTyyCUQcFTJ+qAQgGVU8slk8GBlRPqAFBBEJYBnZPCAVWTywA0Q
148=lEVAJqAQMFVE+JFABRS0ZUAmgQSQFHKCkASCgpAEkoKwAQAC2IBUnzESgpABIoKQATKCkA
149=FCgpABUoKQAWKCkAFygpABgoKQAZSAHFohpIAcFRGygpABwoKQAdKCkAHigpAB8oKQAgKC
150=kAIUgBwVwiSQEeYzAMACNIAYcaDAAkKCkAJSgpACYoKQAnKCkAKCgpAClIAWJRCQxBxy2B
151=UQoi3CfAJW6fLQAn5R0tKPQJJykAL0QIJ/QJJ1UAMShVADIoKQAzKCkANEgBwes1SAGfOQ
152=gANkkBMGQabp8tANWcOFQCyZs5SAF8jklOOkgBaE5dTDtIAXQGUUA8KCkAPSgpAD5IAWFR
153=CnVPLYJRCwVVTy2WTwkFVE+oAUEEQkwF0QlDKCkARCgpAEUoKQBGKCkARygpAEgoKQBJKC
154=kASigrABEALoQMQVESKCkAEygpABQoKQAVKCkAFigpABcoKQAYKCkAGUgBJ/UJLv3xG1QC
155=wVEcKCkAHSgpAB4oKQAfKCkAIEgB1ZwhSAGAFmTvJ+kCIyhVACQoKQAlKCkAJigpACcoKQ
156=AoKCkAKUkBS0ELAnZPLgBoAVntK1QChD91Ty7pTi1UAt1MLigpAC8oKQAwKCkAMSgpADIo
157=KQAzSAHB6zRIAcGeNUgBwes2SAGBDwlG7y4AgwQJADhUAslOOcgBSU46SAFEF2mQOygpAD
158=woKQA9KCkAPigpAD8oKQBAKCkAQSgpAEIoKQBDKCkARCgpAEUoKQBGKCkARygpAEgoKQBJ
159=KCkASigpAEsoKQASpPciYSgTKCkAFCgpABUoKQAWKCkAFygpABgoKQAZSAHd8RpIAdmVG0
160=gBJ/UJL+1SHShVAB4oKQAfKCkAIEgB1ZwhSAGILXRPI6QhfRUjKFUAJCgpACUoKQAmKCkA
161=JygpAChJAUV3CQwAKcoBAQhNny+wjW2fL+lOLEAEyU4tKCkALigpAC8oKQAwKCkAMSgpAD
162=JIAdWcM0gB1Zw0SAHB6zVIAcGeNkkBgny6dU8vTNxUFHZPLwB0T0lOOUAETAJpTjooKQA7
163=KCkAPCgpAD0oKQA+KCkAPygpAEAoKQBBKCkAQigpAENJASF5EQVO/C8AI+AtZO8nKQBGQA
164=QjDC4i1DHYMiLcJycpAElABN0VSigpAEsoKQBMKCkAEyR4IWE7FCgpABUoKQAWKCkAFygp
165=ABgoKQAZKCkAGigpABtIAcWiHEgBwVEdKCkAHigpAB9IAcGeIEgBixcMACEoKQAiKCkAIy
166=gpACQoKQAlKCkAJigpACdIAWg4Vb0oSAF2TwIIVU8w6U4qVALdTCsoKAAixCXVAi0oVQAu
167=KCkALygpADAoKQAxSAHVnDJIAZOYCAAzSAHVnDRIAdWcNUgBwes2SAF06UHrN0gBkRQFTJ
168=+QU2lOOVUCoG8iBQA6SQGaqQE7SAFkAQEABQA8KCkAPSgpAD4oKQA/KCkAQCgpAEEoKQBC
169=KCkAQ0gBnDZ1TzC0hnRPJykARkAElDl1TzD5U0hUAsVVSUgB2VNKSAHRFEsoKQBMKCkATS
170=grABQAMYgFUTUVKCkAFigpABcoKQAYKCkAGSgpABooKQAbSAHFohxIAZ8VDAAdKCkAHigp
171=AB9IASf0CScNAiFUApwRbJ8nVQAjKFUAJCgpACUoKQAmSAGXOQwAJ0gBdE9JTihIAYQ/dU
172=8x9ZwqVALdTCsoKQAsKCkALSgpAC4oKQAvKCkAMEgB3UwxSAHVnDJIAdWcM0gBg0kIADRJ
173=AX17igkANUgBkxQJADbIAVWcN0gBhB50T8ceBQA5VQKfeAJ3TzEAlqkBO1UCmKkBPCgpAD
174=0oKQA+KCkAPygpAEBIAd1XQUgBYAhdV0IoKQBDSAGcNnZPMQCcNnRPJykARkAE1QJHKCkA
175=SCgpAElIAZc5BQBKSAHJDEsoKQBMKCkATSgpAE4oKwAVADKUBkFRFigpABcoKQAYKCkAGS
176=gpABooKQAbKCkAHEgBgBp2TzIAyfMeVALJAR9IAdntIEgBhA9snycNAiIoVQAjKCkAJCgp
177=ACVIAXxMXRUmSAFgO0lOJ0gByU4oSQFyZD92TzIAygEqACcpACsoKQAsKCkALSgpAC4oKQ
178=AvSAHB6zBIAclOMUgB3UwySAGBDwlOnzIAJZFENFQChFV1TzJC2wAASU42VAKHHgUANygp
179=ADhJAaB4AnVPMulOOlQCJ/QJJ1UAPChVAD0oKQA+KCkAP0kBm7EJQCgpAEFIAcFRQkgBfQ
180=MAIs07MoQBSQFEVAKcNnRP3DYixUUy7VJHQATBUUgoKQBJSAEn9AknMQFLVAKDCwUATCgp
181=AE0oKQBOKCkATygpABZBKDN/BgsAF0gBZAFNPBgoKQAZKCkAGigpABsoKQAcKCkAHSgpAB
182=4oKQAfKCkAICgpACEoKQAiKCkAIygpACRIAWDVWRElSAF0T0lOJkgBhT8IT58zAHKpTihU
183=AskBKSgpACooKQArKCkALCgpAC0oKQAuKCkAL0gBmEgivk8zAMHrMVQCgw8JADJIAZhTdU
184=8zJi0nNFQCfhUBBUyfiCph6zZUApAqdE8nVQA4VALBnjlIAclOOigpADsoKQA8KCkAPSgp
185=AD5JAZlgCyLMOyddAUBUAnACUUtBSAHJDEJIAcGpQ0gBzVJESAHNBUUoKQBGSAHJ80dIAS
186=f1CTPtUkkoVQBKSAHR8EtIAdEJTCgpAE0oKQBOSgH//0sEBQBPKCkAUEkBQFACXRUXUMdk
187=AVk9GCgpABkoKQAaKCkAGygpABwoKQAdKCkAHigpAB8oKQAgKCkAISgpACIoKQAjSAFom0
188=0QJEgBdDlJTiVIAYc/CAAmSAHdTCcoKQAoKCkAKSgpACooKQArKCkALCgpAC0oKQAuSAGH
189=SggAL0gBwZ4wSAHBnjFIASOgRnZPNACYU3VPNJRPVZw0QASYJ3VPNIQBUSo2KFUAN0kBoH
190=wCZe804Z45VAIn9AknVQA7KFUAPCgpAD0oKQA+KCkAP0gB0UtAKCkAQUgB3QpCKCkAQ0gB
191=0VZESAF1EQBvnzQAJXx4bZ80uNci3Sc06U5ITAXBUUkoKQBKSAGT2gUAS0gB0QlMKCkATU
192=gByU5OSAGAO3VPNITDAQEBAFBUAnRPAQIBAFHIAQEDAQAYWHeQCSK1WTWEAV1BGihVABso
193=KQAcKCkAHSgpAB4oKQAfKCkAICgpACEoKQAiSAF8TEkMI0gBcBRJTiRIAclOJUgByU4mKC
194=kAJygpACgoKQApKCkAKigpACsoKQAsKCkALSgpAC5JAXVgMHVPNeGeMFQCjxAJADFIAYAE
195=d081AEpwInRPqAFBnjRABHACVTk1KCkANkkBoHgCbZ816U44VALJQzkoKQA6KCgACjsANQ
196=CWAAAAAAUAPAARAACoDwAgATUAlgBAAAEFAD0AJykAPigpAD8oKQBAKCkAQSgpAEIoKQBD
197=SQGZTAkBAAUAREgBZAFJAUUoKQBGKCkAR0oBIAJLBAUASEkBF6kBSUkBHqkBSkgBWQMARQ
198=hLKCkATEoB//9fAgUATUkBRUQBQQROSQFESAEBAgEAT0kBfGcIAQBQSQF0qQFRSQF2qQFS
199=SAGECAIBABkANlAGSwAMABooKQAbKCkAHCgpAB0oKQAeKCkAHygpACAoKQAhSQFGWAoBAA
200=wAIkgBcBQBAggAI0gBhxMIACRJAXJ7EQgAJSgpACYoKQAnKCkAKCgpACkoKQAqKCkAKygp
201=ACwoKQAtKCkALkkBdbUNL0kBKGcTCAAwSQF7dwIJADFJAXmpATJIAQWWAQAAAQkAM8gBAQ
202=IFADRIAXQGSS01KCkANkkBn3sCBQA3SAHZSDgoKQA5KCkAOigpADsoKQA8KCkAPSgpAD4o
203=KQA/KCkAQCgpAEEoKQBCKCkAQygpAERJAZqlE0VIAWQBSRdGKCkAR0gBJ/cJNgAacx8FAE
204=lUAs0FSigpAEtIAYNGBQBMSAGAO3ZPNgCDOwEATlQCgDt2TzYAgDt0TycpAFFABIMwAQBS
205=SQEyjgwAU0kBM6kBGkEoK2sBCwAbKCkAHEgBgwQLAB1IAXwDRUoeKCkAHygpACBIAWRgQQ
206=QhSAFwFElOIkgBhBN1TzekE3RPJykAJUEEcnMfCAAmKCkAJygpACgoKQApKCkAKigpACso
207=KQAsKCkALSgpAC5IAZMfCAAvSAEn9wk3AH1gD3ZPNwBoTgEECAAyQARqAQUIVE+1AgZ0T6
208=oBBwVJdzeYIFU5NkwFJ/QJQAR/AgUAOFQCwVE5KCkAOigpADsoKQA8KCkAPSgpAD4oKQA/
209=KCkAQCgpAEEoKQBCKCkAQygpAEQoKQBFSQGepRNGSAFkAUkXR0kBJHAfbp83AMGeSVQCwQ
210=RKKCkAS0gBdDlZBkzIAVWcTUgBgDt0T9Q5dE8nKQBQQASDOwEAUUgBgDB3TzcAKowMVk83
211=AI8xAABUQASBXAFVTzhEL0cECgAcTSkvRQEAdE/XAgsAHlQCcAJdTB9IAWRgSQEgSAF0T0
212=lOIUgBhRMITp84AIwQdE8nKQAkQATVAiUoKQAmKCkAJygpACgoKQApKCkAKigpACsoKQAs
213=KCkALSgpAC5IAZAfdU84pB5tnzgo9Qk4lU8IdE+qAQkHTCCqAQoGTJ+pAQt1TziMH00xNl
214=0Ko3ABb584AJupAThUAif0CVgGtQI6KFUAOygpADwoKQA9KCkAPigpAD8oKQBAKCkAQSgp
215=AEJIAcEPQygpAERJAZ2hD0VIAWQBXRVGKCkARygpAEgoKQBJKCkASkkBMn8GBABLSAF0T0
216=lOTEgBgTsBRO/UOXRPJykAT0EEcnRabJ8nVQBRVAKAMHVPOCj1CThUgWwMVk84AI+fAABV
217=TAWBngBVTzmxNQlNnzmhBApWTzkAfExLTh8AOb+vCAAgSAGHEwgAIUgBjBB1Tzko9AknKQ
218=AkKIEAJSgpACYoKQAnKCkAKCgpACkoKQAqKCkAKygpACwoKQAtKCkALkgBkB90T8Aad085
219=AIFgJW+fOQCVWe0AdE+pAQF0T6kBAnRPqQEDdU85gCZVOTZcCowBdE8nVQA4VQKjeQIFQQ
220=E5JlknOlAB1UQ7KCkAPCgpAD1IAdFWPigpAD9IAdkGQCgpAEFIAdFLQkgBcA1ZEUMoKQBE
221=KCkARSgpAEYoKQBHKCkASCgpAEkoKQBKSQFHYQsBVk85AIE7AUTvyDh0TycpAE5MBZg9bJ
222=8nVQBQVQJ3fCtvnzkAeasBUgA5KPcJOQB3aAxvnzkAeqkBVUAEaAFZMVZIAcNRHQA6uQMI
223=VU86lE9VnB8oVQAgSAEjHCV1TzrpTiJUAoQTbJ8nVQAkKFUAJSgpACYoKQAnKCkAKCgpAC
224=koKQAqKCkAKygpACwoKQAtKCkALkgBJ/UJOrxtdU86u2kIADFABHRPhe86gFGE76gBhO+o
225=AYTv3yAFADZYBowidE8nVQA4KFUAOUkBpWUEBUABJ4EAO1ABcAJBRjwoKQA9SAHRVj5IAd
226=FLP0gBzQVAKCkAQSgpAEIoKQBDKCkARCgpAEUoKQBGKCkARygpAEhIAWibWRFJyAEBAQEA
227=SkgByU5LSAGIOHRPyDh0TycpAE5ABN1MT0gB3UxQSQEyjBdE78stAABSVQIutQJTSAGkAU
228=2fOpRPRVRVVAJ0TwEDAABWSQFPVFBJAFdIAcNRHgA7twYIAB8oKQAgSQF7WAdBiCFJAXKp
229=ASIoKQAjKCkAJCgpACUoKQAmKCkAJygpACgoKQApKCkAKigpACsoKQAsKCkALSgpAC5IAS
230=f1CTvpFzBUAiPYIXdPOwB+fxUJADJUAmFRCSLVMTuBUQoi3CfYBmyfJykANkwFlAl0TydV
231=ADgoVQA5KCkAOigpADsoKQA8KCkAPSgpAD4oKQA/KCkAQCgpAEEoKQBCKCkAQygpAEQoKQ
232=BFKCkARigpAEdIAclOSMgBQetJSAHJTkpIAYk4AU6fOwDJAUwoVQBNSAGQKmfvOwAygiEA
233=T1QCyehQSAHdTFFIAbwDV087ACNrLQAAUyhVAFRIAdmgVcgBSU5WSQFPXABBUVdJAU1IAU
234=kAWEgBw1EfADy4CmfvPAB7fApvnzwAcqkBIkAEyQEjKCkAJCgpACUoKQAmKCkAJygpACgo
235=KQApKCkAKigpACsoKQAsKCkALSgpAC5IAYByZ+88ACxkFm+fPAAwqQExQATR8DJJAUxVAg
236=J1TzxLzQAAA3RP2Bx3TzwAoEEEAG+fPACYqQE3WQaaqQE4SAFkAUEEOSgpADooKQA7KCkA
237=PCgpAD0oKQA+KCkAPygpAEAoKQBBSQGTQDEBAQQAQsgBAQIEAENJAZRWAgAERtM8AGgBQQ
238=RFVALZEUZIASOTLgUAR0gBdE9JTkhJAXxzNQEASUgBkDVsn8g4dE8nKQBMKIEATUgBkCp1
239=Tzz16U9VAjNzCQAAUMgBRRJRyAFBA1JIASO4M3dPPAAfSAJVE1RUAif1CTyc8VkGVlQCaE
240=5NBFfIAUFRWEgBIy8yAABZSAHAUQIgAD0Af0AFjZ89KPQJJykAI0AEjBsizDsnVQAlKFUA
241=JigpACcoKQAoKCkAKSgpACooKQArKCkALCgpAC1IAZcjCAAuSAHJTi9IAclOMEkBgnwVIt
242=0nPSP1KgBsn6gBAQEFADNBBKBJIwB1Tz39TDVVApa1AjYoKQA3KCkAOEgBwVE5SAFoBUUI
243=OigpADsoKQA8KCkAPSgpAD4oKQA/KCkAQEgBaE5RYUHJAQR2Tz0AdgIFA1VPPYhOAQMDAE
244=RABHRPQQRFyAEBBQUARkgBdE9JTkdIAclOSEgBmDJ0T9gydE8nKQBLKIEATEgBwZ5NSQEy
245=khsATkgB1ZxPSAGwAlVPPcQBRu89ACNIO2TvJ1UAUyitAFRIASf1CT0o9gk9ACf0CagBl0
246=89AFBMU1ELWVgGaAFVAVpIAcNRIQA+4VEiSQFybDwi3Sc+7VIkKFUAJSgpACYoKQAnKCkA
247=KCgpACkoKQAqKCkAKygpACxIAZcjCAAtSAHJTi5IAclOL0gByU4wSAEj7DR2Tz4AmzIFAD
248=JVAqBBGwB1Tz4mzTA0VALJTjUoKQA2KCkANygpADgoKQA5SAHBUTpIAXgKXQo7KCkAPCgp
249=AD1IAYU0BUABuBFNBT9QAWQTAQEBAEBIAXxMAQYBAEHKAQcBTZ8+lk8IAlVPPpZPBgJUT6
250=gBQQRFTAViUQgBVk8+AMlOR1QCmzIBAEgoKQBJKCkASigpAEsoKQBMSAGcKyLdJz7hnk5U
251=Ao0bAEXvPsQBVE8nKQBRQQRvvQJSKCkAUygpAFRJAXKhBFXIAUVKVkkBVVwAQQNXSQFOSA
252=FFSVhJAVFIAVUCWcgBVQFaSAHFoltIAcBRASIAPwDEogEjAD8AhB5snycpACUoVQAmKCkA
253=JygpACgoKQApKCkAKigpACtIASPRKwhS6j8AwZ4tVQIoRBRJsS5IAclOL0gBdDlVnDBIAX
254=RPAQIFADFJAaBsBXVPP+lOM1QCyU40KCkANSgpADYoKQA3KCkAOCgpADlJAZm9CjpIAWQB
255=AQAFADsoKQA8KCkAPUgBeBFBBD5IAXAUTZQ/SAHBRkBJAXZVLwB1Tz+JTgp0T6oBCwFVTz
256=+WTwkBVE+oAUEERVgGxQhGSAGBMAFE78AwdE8nKQBJKIEASigpAEsoKQBMSAEn9Qk/KPUJ
257=P4gbUQBPQARYAGkAUEgB3ZlRSAF0T1VEUigpAFMoKQBUSAF0T1kbVcgBVZxWSQFPTAZVCV
258=dIAcFRWEgBdE9NBVlJAYRUA0kAWsgBWQVbSAHBUVxIAcFRI1l3f0wGXUEkSAGcICKtY0Dt
259=UiYoVQAnKCkAKCgpACkoKQAqSAGfIAgAK0gB1ZwsSQEpTBFJDC1IAcGeLkkBRncCCQAvSA
260=GDOwUAMEgBcAJZPTFIASXZWDJIAclOMygpADQoKQA1KCkANigpADcoKQA4KCkAOUkBnWwM
261=Is07QGEBAFUNO1QCjwEFADxIAYQTIqVtQFJGAABITgE+AEAAwUY/SAGAJWyfwCV2T0AAJR
262=FrQkAEyQFDKCkARCgpAEVIAcUIRigpAEcoKQBIKCkASSgpAEooKQBLKCkATEgBlHttn0Ao
263=9wlAAIyEGkyfqAFRQFBMBWRKQQNRyAFVAlJIAXTpUUtTyAFBBFRIAXxMVUNVSAF0nFUCVk
264=gByU5XSAFs7FUCWEgBdE9JAVlIAXRPWQZayAFdCltIAZ+OAABcSAHFKV1IAcElJFDHwVEl
265=SAGUIyKtY0HhUScoVQAoKCkAKUgB1ZwqSAGcIHVPQUhJUBFun0EA1ZwtQAR8TFWcLkgBbD
266=xVnC9IAUQFcUAwKCkAMUgBJ/UJQSjsEycpADRABM1SNSgpADYoKQA3KCkAOEgBwZ45SAHV
267=DTooKQA7SAGEE3VPQV3hAGlOPVQCwSU+SAGJIgFId8gidE8nKQBBKIEAQkgBiCJsnyeBAE
268=RUAsUIRSgpAEZIAc0FRygpAEgoKQBJKCkASigpAEtIAYgtIsdFQQAyhhoATVQCJbEnTkgB
269=dE9RQE/IAVFAUEgBdE9VAlHIAVUCUkgB3UxTSAFgUUEEVEkBgr0KVcgBRVVWSQF8tQJXyA
270=FVAlhJAX+1AllJAZCpAVrIAUEEW0gBJ/YJQQAjJzwBAF1VAnJIDUnHXigoAAElAEIAwVEm
271=SAGXIwgAJygpAChIAZMfCAApSAHdmSpIAZ0OCU2fQulOLFQCm9cJAC1IAWw8SU4uSAGNBQ
272=VNn0K4im6fQgCE2WfvQgCjZAQJBQAyAEIAlgAAAAAFEQAADRAAIAoAMwBCAJYAAAAABQA0
273=KCkANSgpADYoKQA3KCkAOEoBmQBDAAUAOUgBQAFlCDooKQA7SQFFWAIBAgEAPEoBfAJPAQ
274=EAPUkBcqkBPigpAD8oKQBASQF3oQRBSQF5qQFCSQEyQAhJAENJAX+1AkRIAc0FRUgBzQVG
275=SAHNBUdJAStMBkkASCgpAEkoKQBKKCkASygpAExJAS5MBkkATUgBWABpAE5JAXdjAQAAT8
276=gBAQEAAFBJAVVcAEEDUUkBTakBUkkBUakBU0gBwQRUSQGCQAVVF1XIAQEDAABWSQF8tQJX
277=yAFVAlhJAX9UAlEIWUkBkEgBWQZayAFBBFtJATBUAkkAXEkBe1QDAQABAF1JAXKpAV4oKQ
278=BfKCsAJgBDRAZLAAgAJ0kBKUQBAQAIAChIAZMJCAApSAGTNQkAKkkBenMJCQArSQFGbwUJ
279=ACxJAURIAQECBQAtSAFEAWU/LkgBmwYFAC9IAY8QBQAwKCkAMUkBdnMJBQAySQGjfQYFV0
280=9DAJupATRUAskBNSgpADYoKQA3KCkAOEkBnbkGOUkBS6kBOkgBhxMBADtIAZgRdk9DAJgR
281=dE8nKQA+QATVAj9JAXVnEwEAQEkBMnMJAABBSAHNR0JIAd1BQ0gB1QJEKCkARSgpAEZIAc
282=0FR0kBJX8KAABISQFxvQpJyAFBO0pJAW21AkvIAVUCTEkBbrUCTcgBVQJOSQFztQJPyAFV
283=AlBIAdFLUUgBcEtNBFLIAUEEU0gBcEtVAlRJAYdcAEkAVcgBQQRWSAFEAmkAVygpAFgoKQ
284=BZSQEsewMAAFpIAZdEAABbSAHdK1xJAXJ4HHRPJ30FXihVAF8oKQBgKCoAJwBoNUELCVdP
285=RACAZQgJVk9EAJx4dk9EAGGIAHZPRAB0T0lOLPgGdk9EAI8QBQAuVAKMEHVPRLg9dE8nKQ
286=AxKIEAMkkBdHQNdk9EAMkBNChVADUoKQA2SAHRVjdIAVQVbV04KCkAOUkBzlAJAQEFADrI
287=AUGeO0gBzZQ8SAGEE3RP2xEBAD4oVQA/SAEn9QlETG6RDEFVAiFcClEBQkkBG6kBQ0gBRA
288=JpAEQoKQBFKCkARkkBjHsDAABHyAFNPEhIAXRPUQhJyAFBiEpIAXRPVQJLyAFVAkxIAXRP
289=VQJNyAFVAk5IAXRPVQJPyAFVAlBJAU1cC0EOUUgBdE9BBFLIAUEEU0gBdE9VAlTIAVUCVU
290=gBSAZpAFZIAYuQAABXKCkAWCgpAFlIAclOWkgBmT0BVE8nJQVcVALdK10oKQBeKCkAXygp
291=AGAoKQBhKCkAKLVMAF1MKUgBlFJ1T0VSAQAASU4rgAFZFQVMn4RScUAtVAKQrnVPRelOL1
292=QCmBF0TydVADEoVQAyKCkAMygpADQoKQA1KCkANkgBi0MFADdIAUQQYQ84SAFpTgRm70UA
293=aQEFdE+pAQZsn6kBB26fRQCQFHRP2BF0TycpAD9QCYgMbZ9FKPcJRQAgUDZFDkJBBBepAU
294=NJATOoAWRzaAFQP3gkaAFBA0ZABHRPSQFHyAFZPUhIAXRPAQQAAEnIAQEFAABKSQFQWAdB
295=BEvIAVkGTMgBVQJNSQFPQARVAk7IAVUCT0gBwZ5QSAF0T0EEUUgByZtSyAFFB1NIAcWXVE
296=gB3UxVSAHFSlZIAcVKV0gBh4EBAFgoKQBZKCkAWkgBgDt0Tyf5BFwoVQBdKCkAXigpAF8o
297=KQBgSAEltSJhKCkAYkgBgZ4BTJ94d4lOKpidWS8FRO9kn4kBLChVAC1IAYSMdU9GKPQJJy
298=kAMEAEnxUFADEoKQAyKCkAMygpADQoKQA1KCkANigpADdIAdmgOEgBaU4IdU9GlU8JdE+p
299=AQp0T6kBC3VPRij0CcQTdE8nKQA/UAkn9QlGKPUJRij3CUYAGkA8WR9DTgX//0EBAEh3yS
300=IAUCcnKQBGQQRznANOn0YAaAFRQEhUAnhITUdJSQFRSAJNBErIAVUBS0gBYFFVAkzIAVUC
301=TUgBeAZVAk5IAclOTygpAFAoKQBRSAEn9glGAGgBRQhTVQIoWAdJAFRIAd1MVUgB3UxWSA
302=GFNAFMnydJBFgoVQBZKCkAWigpAFsoKQBcKCkAXSgpAF4oKQBfSAHdK2BIAZsnAQBhKCkA
303=YigpAGMoKQAqQChYFnGNKygpACwoKQAtKCkALkgBwVEvSAGAGm2fR+1SMShVADIoKQAzKC
304=kANCgpADUoKQA2KCkAN0gBlxgFADhIAXVPDHVPR5VPDXRPqQEOdE+pAQ91T0co9AnYEXRP
305=JykAP1AJnAptn0co9QlHKPUJRyj1CUeEIlEARFgGWABpAEVIASVJMEbIAUU/R0gBdE9JTk
306=hIAclOScgBVVlKyAFBBEtIAXRPVQJMyAFVAk1IAXRPVQJOSAEn9glHAGwFRQ9QVAJ8TEkB
307=UcgBQQ9SSAFEAmkAU0gBJ/QJJx0EVVQChzQBAFYoKQBXKCkAWCgpAFkoKQBaKCkAWygpAF
308=woKQBdSAHJm14oKQBfSAHJm2BIASf2CUcAyQFiVQJWdxUFAGPIAQEBBQBkSQFZtwIrAEhg
309=AWFRLCgpAC0oKQAuKCkAL0gBwVEwSAGYHG2fSOFRMihVADMoKQA0KCkANSgpADYoKQA3SA
310=GURHVPSIlOEHRPqQERdE+oAQESAQA7TAV5UxN2T0gAJ+QdzBB0TycpAD9MBZwKdU9IKPYJ
311=SAAn3SdIKPYJSABg61EhRFgGaAFZPUVIAXxMVQJGyAFVAkdJAU5cAFlISEgBdE9ZSEnIAV
312=UCSkgBcEtJAUtIAWwFRQhMyAFFB03IAVUCTkkBg1wASQBPyAFBBFBJAZFIAkkAUcgBVQJS
313=SAFEAmkAU0gBJ/YJSACbMgEAVVUCck0RAHRPJx0EVyhVAFgoKQBZKCkAWigpAFsoKQBcSA
314=HZJ11IAcVKXigpAF8oKQBgKCkAYUkBV0gUXUxiSAF1TwJ1T0isUnRPJykAZUAESAW1T0mF
315=AQAi1DEnKgAuACcpAC8oKQAwSAGEP3VPSSj0CScpADNABJwgIsRFJ1UANShVADYoKQA3SA
316=GMaHRPJ7UBOVQCfUwVdU9JjVIWdU9JJDw0dE/cCiLcJycpAD5YBtl0P0gBnAp1T0ko9wlJ
317=ACRnNAAAQkEEHqkBQ0gBaE5VAUTIAU1HRUgBdE9VAkbIAVUCR0gBcEtdQUjIAUEnScgBVQ
318=JKSAFwmEkBS0gBdE9FCEzIAUUITcgBVQJOSAF0T0kBT8gBQQRQSAF0T1UCUcgBVQJSSAFE
319=DWkAU0kBL2MBAABUSQEzqQFVSAGYMnRPJ0kEV1QCjzEBAFgoKQBZKCkAWigpAFsoKQBcSA
320=HZJ11IASf1CUlcqlsNBQBfVAJwS11MYEgBaE5dTGHIAQEDBQBiSAGYBnRPJ2EHZFQCXAdp
321=TmUoKQBmKCsALQBKnANBUS4oKQAvKCkAMEgBnG11T0oo9AknKQAzQASEHnRPJ1UANShVAD
322=ZIAYRrItQxJ7UBOFQCI+wzbJ8i8C4DAAABAQA6VAIlZSM7SAGcCnRP3Ap2T0oAkAlvn0oA
323=MrEXP00FK6kBQEkBLqkBQUgBfExVAULIAVVEQ0gBfExVAkTIAVUCRUgBaJtFP0ZIAWhOXU
324=FHyAFVAkhIAXxMWQZJKCkASsgBRQhLSAF4BkEETMgBVQJNSAEiHDtVAk7IAVUCT0gBRAJp
325=AFAoKQBRKCkAUkgB2bZTSAEluT5USAHZoFVIASf0CSd1BFdVAnJcFkWiWCgpAFkoKQBaKC
326=kAW0gByU5cSAGMRyLFRUqnlwEAXlQCaE5dTF9IAYMEBQBgKCkAYSgpAGJIAXQZWUhjKCkA
327=ZCgpAGUoKQBmKCkAZygrAC4ASyHwTk8IBAAvSAFAAXFWMCgpADFIAcFRMkgBnI4ixkVLAM
328=kBNChVADUoKQA2SAGYHHRPImwuRAtsn6gBSU45QATJTjpIAdknOygpADxIAYgMdU9LJDRJ
329=dU9L9Zw/QARUCmkAQCgpAEFIAXRPWTFCyAFZSENIAXRPVQJEyAFVAkVIASLoOUlDRkgB3U
330=xHyAFVAkjIAVkGSSgpAErIAUUIS0gBdE9BBExIAXScXRFNSAF0T1UCTsgBTQVPSQE1SAJB
331=BFDIAUkMUcgBQQNSSQEcXABBBFNIASfOO0sAJaE7VVQCJ/YJSwDNJldUAsElWCgpAFkoKQ
332=BaSAGPMQEAW0gBh0oBAFwoKQBdSQFaVA5ZSF7IAUGeX0gBjAV0TyNoVmlDYVQCaAVNBWIo
333=KQBjKCkAZCgpAGUoKQBmKCkAZygpAGgoKwAvAEyYCl0KMCgpADEoKQAyKCkAMygpADQoKQ
334=A1KCkANkgBI0A5dE8iODiVnDhUAslOOUgB2Sc6KCkAO0gB1Zw8SQEyoRI9SAHVnD5IAdWc
335=P0kBjaEEQMgBVTlBSQFytQJCyAFVAkNIAXREUUBESAFoTlk8RcgBVQJGSAF0T1UCR8gBVQ
336=JISAFg610JSSgpAErIAV0KS0gBdKdBBExIAXRPRQhNSAFEAmkATigpAE8oKQBQKCkAUSgp
337=AFIoKQBTSAHBnlRIAWQJSZtVSAEn9QlM+cFXVAKURGXvTPGYWShVAFooKQBbKCkAXEgBdO
338=ldTF1IAXRPQZ5eSAGQCWTvJz0IYFQCjxAFAGEoKQBiKCkAYygpAGQoKQBlKCkAZigpAGco
339=KQBoKCkAaSgrADAATeWiMUgBwQ8yKCkAMygpADQoKQA1SAHB6zbIAVWcN0gByU44SQFyWD
340=NFKTkoKQA6KCkAO0gBJ/UJTfWcPVQCjxAAAD4oKQA/SAF0T10JQMgBQUZBSAF0T1UCQsgB
341=VQJDSAFwS0FGREgBdE9BCkXIAVUCRkgBeEhZBkdIAXhIQQRIyAFBBElJAX5IAkkASsgBVQ
342=JLSAEiaGtVAkxIASJoa0kBTcgBQQROSAFEAmkAT0gB3ZlQSAElDU9RKCkAUigpAFNIAcGe
343=VEgB2SdVSAHZJ1ZIAd2ZV0gBgEZ1T00o9QlNJgEnWkAEdOldTFtIAWhOXUxcyAEBAwUAXU
344=gBhQgFRe9NJOAtd09NAHZcIVWRYEAEaBhJAWEoKQBiKCkAYygpAGQoKQBlKCkAZigpAGco
345=KQBoSAF4XgEACQBpSQFUbwwJAGrIAQMBCQAxAE5sAnGuMigpADMoKQA0SAEjm1sFADXIAU
346=lONkgBzSY3SAHNJjgoKQA5KCkAOigpADtIAdEqPEkBKqkPPUgBpAFUT9sRAAA/VAJ06UUD
347=QMgBWT1BSAHVnEJIAclOQ0gB0ZhEyAFNBUVIAWBRWVNGSAFsBVEJR0gBdE9BL0jIAUEESU
348=gBdE9VAkrIAVUCS0gBdE9RCUxIAXRPQQRNyAFBBE5IAclOT0gBxUpQSAHVI1FIASUNT1Io
349=KQBTKCkAVEgB2SdVSAHVI1ZJAZpUDkktV8gBRUpYSQFhSBhVRFlIAWhOVQJaSAGVDQVF70
350=4mjWpcVAKAD3RPJ1UAXlQClA12T04AhIFk79QubJ8nKQBiTAVwDQcABQBjAE4AAAAAEQAA
351=XBAAIAYAAAUAZABOAABgAAIFAGUATmABdQJmKCkAZ0kBV1wCAQEJAGhJAVpIAQECCQBpSA
352=FEAQIAAAkAaigpAGtJATJ4AgQIADIATwArawEEADMoKQA0SQFEVAIBAgEANUoBfAJPAQEA
353=NkkBcqkBNygpADgoKQA5KCkAOkkBea0FO0kBMkAISQA8SQEuXABJAD1JAXVcAEkAPsgBAQ
354=EAAD9JAXNIAkUHQMgBAQMAAEFJAU9UA0EDQsgBVQFDSQFOXABNBURJAYJUA0kARcgBQQNG
355=SQF/SAJJAEdJAZBcAEkASMgBQQRJSAFEAmkASigpAEtJASxvAgAATEkBKakBTSgpAE5JAT
356=C1Ak9IAdUjUEkBckwRAQABAFEoKQBSKCkAUygpAFRJAXWtBVVJAZpMEQEEAQBWyAEBBQEA
357=V8gBAQYEAFjIAQEHBABZSAGXDQUAWkgBlw0FAFsoKQBcKCkAXSgpAF4oKQBfKCkAYEkBdm
358=8QBQBhSAGfGQUAYigpAGMoKQBkKCkAZSgpAGZIAWhOXUxnyQEDdU9PjAlJTmlVAjJxAQhU
359=T99MCABrVAKTQAgAbEkBIW0QCFVPUKBRBAMANABQAEd4BndPUAB/YAR3T1AAcqkBN0AEyQ
360=E4SQF3tQI5SAHJTjpJATJnCAAAO0gBlw0AADxIAbICAD1IAXRPRQc+yAFdTD9IAcVKQMgB
361=VQJBSAF0T00FQsgBVQJDSQFRXDZBCkRIAXRPQQRFyAFBBEZIAXRPTQRHSAF0T0EESMgBQQ
362=RJSAFUB2kASkgByU5LSAHRS0xIAZs9AQBNSQF0WAdRS04oKQBPSQFytQJQKCkAUSgpAFIo
363=KQBTKCkAVEgBJ/YJUAB1Twh0T6oBCQJUT6oBCgNUT6kBC3dPUAB7dA10T8wxdE8nKQBcXA
364=qbEQUAXSgpAF4oKQBfSAGTNQUAYEgBkDV1T1BsIH2ZYlQCjwEFAGMoKQBkKCkAZUkBVmcE
365=CQBmyAFBnmdIAXACSU5oSQEybQEITp9QAIQ/dk9QAN1Ma0EEGXQYd09QABepAW1UAskBNF
366=h3YggAAk+fUQAqbAF1T1GzHwEAN0AE2Sc4SAGXDQAAOUgBg6kAADpIAYAPdU9RfAdtADxU
367=AnwATQA9SAF0nEkBPsgBVUQ/SAF0T1UCQMgBVQJByAFVAkLIAVUCQ0gBdE9VF0RJAVVIAk
368=EERUkBhlwAVQFGSAGFHgBLaVEAG0AFQQNIVALdTElIAcmbSkgByU5LSAHJTkxJAXJ4BnVP
369=UelvTihVAE8oKQBQKCkAUSgpAFIoKQBTKCkAVEgB2SdVSQGbUBVVWlbJAQF2T1EAdQICdE
370=+pAQN0T8AwdE/YEXRPJykAXEQInBV0TydVAF5UApcNBQBfSAFMIH1MYCgpAGEoKQBiKCkA
371=YygpAGRIAXTpUUtlSAF0T0GeZkgBkwkJAGcoKQBoSAGARnVPUelOalQC0UtrKCkAbCgpAG
372=0oKQBuKCsANQBShAxVIzZIAdmgN0gBg2cBADhIAZQNd09SAI21BTpUAmgBXSo7SQFvtQI8
373=SAGkAU6fUgB0T007PlQCaAFVkT9IAXRPVQJAyAFVAkHIAVUCQsgBVQJDSQGDtQlEyAFVDU
374=VIAXRPQQRGSQEgTAZNBEdJARqpAUhJAShIAkkASUgBWQAATRtKSAHJTktIAYk4AUXvUulO
375=TShVAE4oKQBPKCkAUCgpAFEoKQBSKCkAUygpAFRIAZ9BAQBVSAF8TIXvUohOhO+oAZVPUl
376=BGTRQFRe9SuH90T8QTdE8nKQBcUAmIF3RPJ1UAXlQClA10T9Q5bJ8nKQBhQASdIAVE7ydV
377=AGNVAldYAkmbZEkBWkgBSU5lSAFEASItJ2ZJATJtAQhVT1K/5ggAaFQCnI52T1IAgDBtn1
378=L1nGtBBBdsMWyfJ1UAbShVAG4oKQBvSQEarwU2AFNsDUAhTp9TAIEPAFVPU7irdU9TlE9Z
379=BTpMBXRPUUA7SAF0T0lDPEgBzZQ9SAHJTj5IAWhOQQQ/yAFZBkBIAXTpSQ5ByAFBBEJIAX
380=TpVQJDSAF0T1UNRMgBWQZFSAFQA2kARkgBkB9un1MAlxgAAEhVAi97AwAASUkBM6kBSkgB
381=k9oBAEtJAXJQCk1STCgpAE0oKQBOKCkATygpAFAoKQBRKCkAUigpAFMoKQBUSAGcQXVPU4
382=hOlE+pAQki3CcnKQBYTQVecBR1T1Mo9glTAJAUdE8nKQBcTAXVAl0oKQBeSAGUDXRPyDh0
383=TycpAGFABGUMAHdPUwBXTAFdTGNUAmgBAQMJAGRJATJUAgEACABlSAGd2whE78Q/dE/QCX
384=VPU+GeaU0FF2Qpdk9TAMkBayhVAGwoKQBtKCkAbigpAG9IAZ82CABwSAFoEE8QNwBUhAFF
385=NDhIASfvE1QAd70COlQCaAFBRjtJAU1cAFkQPMgBVUQ9SAFoTlUCPsgBVQI/SAFsBVkFQE
386=gBdE9BBEHIAUEEQkgBdE9BBENIAbINAEQoKQBFKCkARkgBJ/UJVCjmHVQAJ+YdVADZ7UpM
387=BSf1CVSgO2yfJykATUEEckwRRR5OKCkATygpAFAoKQBRKCkAUigpAFMoKQBUKCkAVUkBer
388=0KVkgBeKCUTwFUAP//VxsBAFhUAnVPAXVPVCj0CcQTdE8nKQBcTAWQFGyfJ1UAXlQCJ/QJ
389=3DZ0TycpAGFABHTpQetiyAFBnmNJATJIEFk9ZEgB3ZllSQEhfRUIVk9UACUBJ2dUAskBaE
390=gB3UxpKCkAaigpAGsoKQBsKCkAbSgpAG4oKQBvSQEetQ1wSAF0EVkRcSgpADhRxzGaAgA5
391=SQEtqQE6SQFQSERVATtIASJ8JkkBPMgBQQM9SAF8TFUCPsgBVQI/SAFsUlUCQEkBh1wASQ
392=BByAFBBEJIAUQCaQBDKCkARCgpAEUoKQBGSQEkaBdun1UAlBhun1UAJ+YdVQDZ7UpNBXJs
393=BW2fVSj0CScpAE0ogQBOSAEj6y4BAE8oKQBQKCkAUSgpAFIoKQBTKCkAVEgBJeEiVUgB3U
394=xWKCkAV0kBWnEcBVZPVQBoAZVPVSj0CcQTdE8nKQBcWAaUGHRPJ1UAXlQClA1tn1UjjDNR
395=CWBUAiK4M1WcYUgBdE9JAWJIAXwOQVFjSAGZighNn1WQAkU/ZVQCiHp1T1X9mWdUAslOaC
396=gpAGkoKQBqKCkAaygpAGwoKQBtKCkAbkgBkzUIAG9IAYQPbJ8nDQJxVAJoIgEADAByygEB
397=DFZPVgDAUQE6AFYAdE9BOjtIAXRPSQE8yAFRmD1IAXRPVQI+yAFVAj9IAXRPVQJASAEn9g
398=lWAGgBlE94JIESQ0EENUAFUQFEyAFBBEXIAUEDRkgB1ZxHSQEpQAVJAEhIAcGeSUgBwZ5K
399=SAGcNnVPVij2CVYA3UxNQASLOAEATkkBl0kNAXZPVgBoAQECAQBQVQKYVAJRo1HIAUEEUk
400=gB0UtTKCkAVCgpAFUoKQBWSQFXRBRJQ1dIAX0rAnVPVqhkbJ/EEyLcJycpAFtMBYsXBQBc
401=KCkAXUgBwZ5eSAF9TAR1T1aVTwVsn6gBAQYIAGHABAEHCABiSAFIECJZJ2NIASf0CdUuCE
402=XvViYtJ2ZBBBdcLE1SZygpAGgoKQBpKCkAakkBHK0Fa0gB2QZsKCkAbUgByU5uSAGMEHRP
403=J+EBcChVAHFIAZQjdE/DBAwAc1QCmAYDDAA6AFcAaE5ZATvIAUUzPEgBaE5VAj3IAVUCPk
404=gBbAVJAT9IAXRPQQRASAFoTkkBQcgBQQRCSAFEAmkAQ0gB0UtESAHRS0UoKQBGSAHdTEdI
405=AdWcSEgBJelESUgBnzYBAEooKQBLSAGcNmXvV2QNIqUrTVQCfUwDdU9XiU4EdE+qAQUCVk
406=9XAHRPAQMCAFFMBWgBQQRSywEFAQAkQCVdCQFBx1fh61VABHAMXUxWygEDBYABkFZ1T1fh
407=nllcApwVdU9XqGRsnycpAFwogQBdSAGXGAUAXkgBdU8IdU9XlE8BCQYAYNYCCgdUT7UCC3
408=RPcBFTFAkAY0AEJ/QJ1AJ2T1cAJ+8TVwAXpkpnACcpAGgoKQBpSQEaoQRqSAFVCgBFVWtJ
409=ASS1AmxIAclObUgBwQRuKCkAbygpAHAoKQBxSQFbUAVBnnJIAUUBAFmgcygpAHQoKQA7UM
410=dwS0mbPEgBdE9NDz1JAX6eBgA+yAFRSz9IASJYJ0EDQEkBkVwASQBByAFBBEJIAUQCaQBD
411=SAHRS0RIAdFLRUgB0UtGKCkAR0gBnzYBAEgoKQBJKCkASigpAEtIAdWcTEgBkEAixUVYik
412=4GBUyfqgEHBETvqgEIA1VPWJZPBgNVT1hgFHFWUkQIjAF0TydVAFRUAo12BUHHWIx2QZ5W
413=VAKUDXVPWOGeWFQCiBdtn1jpTlooVQBbKCkAXCgpAF1IASf1CVgjYTMAdE+pAQF0T6kBAn
414=RPqQEDdE/QFHVPWCSsTWTv1AJ1T1go9glYACf0CScpAGhAD9UCaSgpAGpJARtYPpRPJzEB
415=bFQClyMIAG0oKQBuKCkAb0kBV0QEXUxwSQFbSAEBAgwAcckBA2yf0AlsnycpAHRABEgFbV
416=J1KCsAPABZ6fM9SAF0T0USPsgBWVM/SAF0T11MQEgBdE9BBEHIAUEEQkgBJdUmQ0gByU5E
417=SAGHNAEARSgpAEYoKQBHKCkASCgpAElIAcHrSkgByU5LSAGQQG2fWe2UTVUCWmQadU9ZgV
418=EKdE+qAQsEVU9Zlk8JBFVPWUSdU08FAFJYBiM5OAVEAidVAFRUAnRPQZ5VSAGVGAVSUFkA
419=gGd1T1n9TFhABIwbdE8nVQBaKFUAWygpAFwoKQBdSAEn9QlZlE+E76gBhO+oAUFRYU0FXk
420=4bAQlF71lAAUgAdU9ZKPQJ1AJ1T1ko9QlZKPQJJykAaFEJF1A2XUxpKCkAakkBGrUCa0gB
421=QAx5oGxIAXwgRZdtyAFdTG5JAVdEBF1Mb8gBXUxwSAFQAmVKcSgpAHIoKQBzKCkAdCgpAH
422=UoKQB2KCsAPQBa4VE+SAGcCiKlbVrGAQBAKFUAQSgpAEJIAcGeQ0gBJdUmREgBhDR1T1q/
423=NgEARihVAEcoKQBISAGbMgEASUgB3UxKKCkASygpAExIAXwgQZNNSAFsE0FGTkgBmQYFTJ
424=9sAkkWBVRPJykAUSiBAFIoKQBTSAHdTFRIAdxMIkgxiBd0T8gXdE8nKQBYTAXBBFkoKQBa
425=KCkAWygpAFwoKQBdSAGYHGXvWpRPjJ+pAQki3CeoAY+fWgBgURgAdE/UGHVPWij0CdQCd0
426=9aACC5SGZJDBepAWcoKQBoSAElhSdpKCkAakkBHq0Fa0gBcA1ZU2xIAXRPXUxtSAGXAgwA
427=bigpAG8oKQBwKCkAcSgpAHIoKQBzKCkAdCgpAHUoKQB2KCkAdygrAD4AW+FRP0gBJdU8QE
428=gBJVknQUgByU5CSAGLOAEAQ0gBmzIBAEQoKQBFKCkARigpAEcoKQBISAGYMnVPW+mbSlQC
429=hEoi1zFbAFdAIV1MTFQCaAEBAwUATUgBgARvn1sAXWQpdE9MBakBUEAEVAYiGWFRKCkAUk
430=gBnBVtn1u/YgUAVFQCiBdk7ydVAFYoVQBXKCkAWCgpAFkoKAABWgBbABEAACgPACAIcgIA
431=AAAFAFsAWwDJAVwoKQBdSQF1oQReSAEFmwEAAAQFAF/IAQEFBQBgSQGZVAIBAAgAYUkBYE
432=wJAQEJAGJIAUQBAgAACQBjSQEqbwEIAGRIAWQBTQVlSQEgfwoIAGZJARepAWdJAR6pAWhI
433=Ac0FaSgpAGooKQBrKCkAbEkBW1AFAQEMAG1IAUQBAgAADABuKCkAbygpAHBJAaBnBAwAcU
434=kBmKkBckkBmqkBc0gBZAFFCHQoKQB1KCkAdigpAHcoKQB4KCgAAj8AXAAxiggAQEkBMKkB
435=QUkBfG8bAQBCSAGLLQEAQygpAEQoKQBFKCkARigpAEcoKQBISQF5sQlJSgH//08MAQBKSQ
436=FWRAEBAAUAS8gBAQEFAExIAYMEBQBNSQFdewYFAE5JAZ+pAU8oKQBQSQFXtQJRSAFsCVEJ
437=UkkBe7UCU0gBixcFAFQoKQBVKCkAVigpAFcoKQBYKCkAWSgpAFooKQBbKCkAXCgpAF1IAZ
438=scBQBeSAHZEV9IAWFRCXZPXAB1TwJ1T1xSBAAAlU9ciAWWT1wAJ/cJXAAhdxgIAGVECMlO
439=ZkkBGrUCZ0gBnwYIAGgoKQBpSQFaewIMAGrIAV1Ma0gBaE4BAgwAbMkBA3RPwA93T1wAoL
440=kGb0AE3UxwSQGWtQJxKCkAckkBmbUCc0gBZAGUTycxAXUoVQB2KCkAdygpAHgoKQB5KCgA
441=AUAAXQCHPwEAQUgBiDh1T12gfXRPJykAREAEgzsBAEUoKQBGKCkAR0gBjzEBAEhIAd0KSS
442=gpAEpIAXVPAnRPwA91T12dGQB0T1w5aC12T10AJ/QJJykAUEQI1QJRSAHBUVJJAX+5BlNI
443=AZAUdE/LFwUAVShVAFYoKQBXKCkAWCgpAFkoKQBaKCkAW0kBd6kMXEgBmRwFQAEn6QJeUA
444=GYGGyfJ1UAYFQCZB5dTGHIAZRPwARtn10o9gldAMGeZUwFJ/cJXQAaYw8IAGdUAogMdE/H
445=CAgAaVUCWlgCXUxqSAFEAWmbaygpAGwoKQBtKCkAbkkBn3MFDABvSAHJTnAoKQBxKCkAci
446=gpAHNIAcVVdCgpAHUoKQB2SAHdpHdIAWQMRVV4KCkAeSgpAHooKQBBRHOIOHZPXgCILXRP
447=JykAREAEgDt1T175U0ZUAo8xAQBHSAHJTkgoKQBJSAF0I1FLSsgBQZ5LSAGMBXRPRDd8K3
448=VPXulOTkAE3UxPKCkAUCgpAFFJAVa5BlJIAZscBQBTSAGUGHRP0BR0TycpAFZABJcYBQBX
449=KCkAWCgpAFkoKQBaSAGNGwVBx16EDFQYqJhUAXRPJ1UAXk0Fb1ACQQRfSAF8jl1MYEgBdE
450=8BAgkAYUgBfANBUWJJATJtAQhH714ALqkBZFQCJ/YJXgAn9wleAB54HHdPXgCaWfgBdE+o
451=AUpOaQBoD0gIbZ9eXABLAAwAa1QCQAFhUWwoKQBtSQGgeAJun14AyU5vVALJAXAoKQBxKC
452=kAcigpAHMoKQB0KCkAdSgpAHZIAd2kd0gBcA2UTydlAnkoVQB6KCkAeygoAAJCAF8ALHwG
453=d09fACmpAURUAoA7dk9fAJsyAQBGVQItoQRHSAGESm+fXwBXVAJdTElUAnRPQZ5KSAHB60
454=tJAVVwKnVPX+lOTVQCyU5OKCkATygpAFAoKQBRSQFapQhSSAFSDQAAdU9fhAFJAVRUApwV
455=dU9fu2kFAFZVAnK5BlcoKQBYSAGfbQUAWUgBjxsFAFpIAZQJdE8nXQFcKFUAXUkBd2QEZO
456=9IDEgBRR5fVAJ0TwEDCQBgSAFQAiKFJ2FJATJvAQgAYkgByU5jSAHZ7WRJARdkE2fvXwAa
457=qQFmVAJpTgR1T1+VTwV0T6oBBgtMn6oBBwtE79AUdE8nKQBsRQigYA9l71/pTm5UAslOby
458=gpAHAoKQBxKCkAcigpAHMoKQB0KCkAdSgpAHZIASf0CScNAnhUAmgQQVF5KCkAeigpAHso
459=KQB8KCkAQ0Aoh0oCAERIAYFRAkbvYACJTgJVT2Cox22fYIhOXUxITQVXWA0BAwUASUgBhw
460=gFAEpJAVxwKmXvYOlOTFQCyU5NKCkATigpAE9JAVi5BlBIAclOUUgBRAxpTlIoKQBTKCkA
461=VCgpAFUoKQBWSAHNUldIAd1MWEgB0QlZKCkAWigpAFsoKQBcKCkAXUgBaJtdmV7IAUGeX0
462=gBkAl2T2AAyU5hVALJTmJIAclOY0kBF2wbItYxYADJAWVUAif1CWCJTgh0T6gBAQkJAGhA
463=BG5SCgpUT7UCC3VPYJwOTTxrQASMASLfJ2AAo2wBdU9gKPQJJykAb0wFwVFwKCkAcSgpAH
464=IoKQBzKCkAdCgpAHUoKQB2SAEn9AknOQJ4VAJoEEUTeSgpAHooKQB7KCkAfCgpAH0oKQBE
465=UMeZSANVT2GoTnVPYVyJRQsFRO+oAVl/SOwFdk9hAMGeSlQC3UxLKCkATCgpAE0oKQBOSA
466=HB609IAUAMfUxQKCkAUSgpAFIoKQBTKCkAVEkBl2DVbp9hAGgBXWJWVQKYVQIAZu9hAGgB
467=XRVYVALJDFkoKQBaKCkAWygpAFxJAVdQBV1MXUgBdE9B615IAVACdZxfKCkAYEgBJVExYU
468=gByU5iSQEXqU5jKCkAZCgpAGUoKQBmSQEoYAt2T2EAIjQzQQ9oVAJpAQJ0T7UCA3VPYWQF
469=ee1rQASMAXRPJ1UAbVQCJbEnbkgByU5vKCkAcCgpAHEoKQByKCkAcygpAHQoKQB1KCkAdi
470=gpAHdIASUJKHhIAdkReSgpAHooKQB7KCkAfCgpAH0oKQB+KCkARVDHiSIETZ9ilE9BO0dU
471=AptTBQBISAGUDXZPYgDBnkpUAif1CWIo7BMnKQBNKIEATkgBJ/UJYowJQUZQVAKPAQUAUS
472=gpAFIoKQBTSAF9TAMi3SdiiU4EdE+qAQUGTRViiE4BAwYAV0wFdE9BBFjJAQVk7ye1AVpU
473=AtUNW0kBV0wBXUxcyAFB611IAVACaU5eSAHVnF9JASt5AghJd2ImWSdhVQIgqU5iSQEXqQ
474=FjKCkAZCgpAGUoKQBmSQEvsQlnSAFoTofvYgA0dAJ0T2D5TAEi3CfIF2TvJykAbFgGWANt
475=Um1JAaNsASLdJ2L5oG9UAsFRcCgpAHEoKQByKCkAcygpAHQoKQB1KCkAdigpAHdIAdmgeE
476=gBfA6MnydlAnooVQB7KCkAfCgpAH0oKQB+KCkAfygrAEYAYyTUPG2fY4QMVURIVAKMAXVP
477=Yyj1CWPpTktABMFRTCgpAE0oKQBOSAHN7E9IAdEJUCgpAFEoKQBSKCkAU0gBdE8BBgkAVM
478=gBAQcIAFXKAQgHVU9jlk8GB1RPJ70CWEAEyQxZKCkAWkgBaJtB61vIAV2OXEgBjwUJAF1I
479=AclOXkgBwetfSQEhsUtgSQEZqQFhSAHJTmIoKQBjKCkAZCgpAGUoKQBmKCkAZ0gBjH4i3S
480=djIyVHACLcJ6kBAXRPwBp0TycpAGxYBpwVZO8nVQBuVALZoG9IASf1CWPtUnEoVQByKCkA
481=cygpAHQoKQB1KCkAdigpAHcoKQB4SAHZoHlIAdkReigpAHsoKQB8KCkAfSgpAH4oKQB/KC
482=kAgCgrAEcAZJgKlE8nKQBJVQJgYDAi3idkACUBJ0tUAskBTCgpAE1IAclOTkgBlwkFAE8o
483=KQBQKCkAUSgpAFJIAdVEU8gBVURUSAFhUQp1T2SaoAsIVU9klk8JCFdPZABTTAxNBVhNBV
484=JIAV1MWcgBVQJaSAF8CkGeW0gBfANBBFxIAclOXUgByU5eSAHJTl9IAd1MYCgpAGEoKQBi
485=KCkAYygpAGQoKQBlKCkAZigpAGdIAdmgaEgBIxxRdE8isDxME3RP1C50TycpAGxMBVgDrJ
486=8nVQBuVAIn9Qlk6U5wVALBUXEoKQByKCkAcygpAHQoKQB1KCkAdigpAHcoKQB4SAHZoHlI
487=AdkReigpAHsoKQB8KCkAfSgpAH4oKQB/KCkAgCgpAIEoKwBIAGWEDEFRSSgpAEooKQBLKC
488=kATCgpAE0oKQBOKCkATygpAFBJAVplCwlG72UAaAFVRFJUAtVEU0gBfANVRFQoKQBVKCkA
489=VigpAFdIAdlIWEkBM38GCABZSAFkAUUIWigpAFtIAc0FXEgByU5dSAHJTl5IAclOXygpAG
490=AoKQBhKCkAYigpAGMoKQBkSQEceHQizjtlAMkBZlUCHrUCZ0gBhBNsn9wrIr1PZSO0Qoyf
491=1AJ0TycpAGz4BmyfJ1UAblQC0fBvSAHJTnAoKQBxKCkAcigpAHMoKQB0KCkAdSgpAHYoKQ
492=B3KCkAeEgBJ/QJJw0CelQCgxoMAHsoKQB8KCkAfSgpAH4oKQB/KCkAgCgpAIEoKQCCKCsA
493=SQBmhAxBUUpIASPUPCLNO2YkJEcixEUnKQBNQAQjLD0itFkn2QBPVAKLCAUAUEgBaE5VkV
494=FIAZcCCQBSKCkAU0gB1URUSAEl+SVVKCkAVigpAFdIAdlIWEgB2YpZSAHZBlooKQBbSAHN
495=BVxIAclOXUgByU5eKCkAXygpAGAoKQBhKCkAYigpAGNJARqxS2RIAYAadE/RHwhMAicpAG
496=dQAcEEaCgpAGlJAVdYApRPzAV0TycpAGxABFwDrJ8nVQBuKFUAb0kBo2cEDABwSQGbqQFx
497=SAHNUnIoKQBzKCkAdCgpAHUoKQB2KCkAdygpAHhIASf0CScNAnpUAnENAHRPJ1UAfChVAH
498=0oKQB+KCkAfygpAIAoKQCBKCkAgigpAIMoKwBKAGeQDQEABgBLSAGDUQYATEgBi04GAE1I
499=ASOIOHRPzAVk7ycpAFBABIgtbJ/UAnVPZyZdQ1NABNVEVEgBmA1n72cAIa08VlQCJSUmVy
500=gpAFgoKQBZKCkAWigpAFsoKQBcSQEXsQldKCkAXigpAF8oKQBgKCkAYSgpAGIoKQBjSAEn
501=9AnAGnRPJykAZkAEfLpFNGfIAV1MaEkBV1AbI7ZZZwBpAQNk79gGdE8nKQBsTAVIBbRPJ1
502=UAbihVAG8oKQBwKCkAcUgByfNySAHBUXMoKQB0KCkAdSgpAHYoKQB3KCkAeEgBJ/QJJw0C
503=elQCxRN7KCkAfCgpAH0oKQB+KCkAfygpAIAoKQCBKCkAgigpAIMoKQCEKCsASwBong4AB1
504=VPaCT4RnZPaACLLQkATkAEaAFB609IAXwrQJ4JUABoAFcAAAADCQBREQAAkQ0AIAgAaAAy
505=AAAAAAgAUkoBLgBDAAgAU0gBQAF1AlQoKQBVSgEgAl8CCABWSQEXqQFXKCkAWCgpAFkoKQ
506=BaKCkAWygpAFwoKQBdKCkAXigpAF8oKQBgKCkAYSgpAGJJARytEGNJAR6pAWRIAUgUaRdl
507=KCkAZkkBVlgCAQIMAGdIAUcBAAAMQQFohAFJAWlQAY8BDABqKCkAaygpAGwoKQBtKCkAbi
508=gpAG8oKQBwKCkAcUkBo2MLDABySQGWqQFzKCkAdCgpAHUoKQB2KCkAdygpAHhJAZmlCHlI
509=AWQBSRd6KCkAeygpAHwoKQB9KCkAfigpAH8oKQCAKCkAgSgpAIIoKQCDKCkAhCgpAIUoKA
510=ACTABpACh/EQgATUgBiy0JAE5IAXACAQAJAE8oKQBQKCkAUUkBKmQEd09pACGpOFNVAhup
511=AVRIAXwDWVNVSAEn9glpACf0CScpAFhABNUCWSgpAFooKQBbKCkAXCgpAF0oKQBeKCkAXy
512=gpAGAoKQBhSAHdTGJIAcUTYygpAGQoKQBlKCkAZkkBW1EFAXVPaUABSAB0TycpAGlBBKBQ
513=AlU5akkBmKkBa0kBmqkBbEgBZAFBBG0oKQBuKCkAbygpAHAoKQBxKCkAckgBwVFzSQGbdw
514=kMAHRIAc1SdSgpAHYoKQB3KCkAeEgBJ/QJJ+kCelQCbAlFE3soKQB8KCkAfSgpAH4oKQB/
515=KCkAgCgpAIEoKQCCKCkAgygpAIQoKQCFKCkAhigpAE1Yd5gRdU9qhAGVT2r1nFBBBCt/Ag
516=gAUUgBwZ5SSAHRS1NIAdlIVEkBGaFRVUgB1QJWKCkAV0gByZBYSAHBBFlIAdUCWigpAFso
517=KQBcKCkAXSgpAF5IAcUIXygpAGBIAclOYUgBZBdRYWIoKQBjSQFaewIMAGTIAV1MZUgBaE
518=5BnmbJAQN0T8gidk9qAMlOaUAE0UBqKCkAaygpAGxIAcFRbUgBcA1ZPW4oKQBvKCkAcCgp
519=AHEoKQByKCkAcygpAHRJAZ93CQwAdUgBzRB2KCkAd0gBxVV4SQGdrQV5SAFkAU0QeigpAH
520=soKQB8KCkAfSgpAH4oKQB/KCkAgCgpAIEoKQCCKCkAgygpAIQoKQCFKCkAhigrAE4Aa4AT
521=ik5rAMmbUPQCaU5r9ZxSVALZPVMoKQBUKCkAVUgB2UhWSAHRQFdIAY8MCABYSQEmuVNZSA
522=EFlwEAAAEIAFrIAQECCABbSQGYVAJBRlzIAUEEXUgBxQheSQEkpQhfSAHJDGBIAcEEYSgp
523=AGIoKQBjSAFoTlFLZEgBjwUMAGUoKQBmKCkAZygpAGhIAdk9aUgB2T1qKCkAaygpAGxIAd
524=GNbUgByQxuKCkAbygpAHAoKQBxKCkAcigpAHMoKQB0SAHZoHVIAdFLdkgB0Ut3SAHVDXgo
525=KQB5KCkAeigpAHsoKQB8KCkAfSgpAH4oKQB/KCkAgCgpAIEoKQCCKCkAgygpAIQoKQCFKC
526=sATwBsjBRBO1BIAd3mUUgBxUpSSAHNR1MoKQBUSAHNPFVIAYgIIiwnJzEBVyhVAFhIAWRK
527=AQMIAFnJAQRyS2wAdgIFCVJLbABwSwEDCQBcQARoAUEEXcgBAQUIAF5IAckMXygpAGAoKQ
528=BhKCkAYigpAGNJAVdcBlGYZEgBRAEiqSZlSAHZlWZIAcXkZygpAGhIAcVKaSgpAGooKQBr
529=KCkAbEgBJ3AJ0x8MAG5UAtUNbygpAHAoKQBxKCkAcigpAHMoKQB0KCkAdSgpAHYoKQB3KC
530=kAeCgpAHkoKQB6KCkAeygpAHwoKQB9KCkAfigpAH8oKQCAKCkAgSgpAIIoKQCDKCkAhCgo
531=AAFQAG0AxYFRSAHVRFJJASlsIiJKMG0AyQFUVQIttQJVSAFkAUFRVigpAFcoKQBYSAFiRg
532=YMWUhtjkcHC0yUqgEICllIbZpIBgpZSG2MCVEJXVgGjAF4SCdVAF8oVQBgSAEilClNwGHI
533=AUFGYkgBbEdBk2PIAVXeZEgBkAlulG0AyZBmVALBRmcoKQBoKCkAaSgpAGooKQBrKCkAbC
534=gpAG1IAckMbigpAG8oKQBwKCkAcSgpAHIoKQBzKCkAdCgpAHUoKQB2KCkAdygpAHgoKQB5
535=KCkAeigpAHsoKQB8KCkAfSgpAH4oKQB/KCkAgCgpAIEoKQCCKCkAgygpAFFIZ5MfCQBSSA
536=GXRAkAU0gBl0QJAFRIAc3hVUgBjAV9jm6EAVk9V1QCfDZJOFhJAVR8AmFGboFGCmBGqgEL
537=C0FGboJGCQtBRm5EDlMFDABdWQZSRAFFCF5JAVNIAUlDX8gBVQJgSAFgRklDYUgBfANBBG
538=IoKQBjKCkAZCgpAGVIAd3FZkgBJ8IIbgDJAWgoVQBpKCkAaigpAGsoKQBsSAEn3BHQH3yO
539=JykAb0AExRNwKCkAcSgpAHIoKQBzKCkAdCgpAHUoKQB2KCkAdygpAHgoKQB5KCkAeigpAH
540=soKQB8KCkAfSgpAH4oKQB/KCkAgCgpAIEoKQCCKCsAUgBvihsACklDbyRsJGpDbwB4Mk0x
541=VUAEaAFRNVZIAXxBUTVXyAFdeFhIAYgIaEPRCQxMiScpAFsogQBcKCkAXSgpAF4oKQBfKC
542=kAYCgpAGEoKQBiKCkAYygpAGQoKQBlKCkAZkgB2YpnSAEnaQhv9URpKFUAaigpAGsoKQBs
543=KCkAbUgB3dtuSAEl4S1vSAHRH3AoKQBxKCkAcigpAHMoKQB0KCkAdSgpAHYoKQB3KCkAeC
544=gpAHkoKQB6KCkAeygpAHwoKQB9KCkAfigpAH8oKQCAKCkAgSgrAFMAcCTJQAtdg3CQQFk9
545=VVQC2RxWKCkAVygpAFgoKQBZKCkAWigpAFtIASWlIFxIAcUpXUgBxSleSAHJDF8oKQBgKC
546=kAYSgpAGJIAdEJY0gBxQhkSAHFCGVIAcEEZkgBxT9nKCkAaCgpAGkoKQBqKCkAaygpAGwo
547=KQBtKCkAbkgB1YZvSAHBD3AoKQBxKCkAcigpAHMoKQB0KCkAdSgpAHYoKQB3KCkAeCgpAH
548=koKQB6KCkAeygpAHwoKQB9KCkAfigpAH8oKQCAKCsAVABxkBiMficpAFYoVQBXKCkAWEgB
549=3StZSAHVOVooKQBbSAHVLlwoKQBdKCkAXkgB2QZfKCkAYCgpAGEoKQBiSAHRCWMoKQBkSA
550=HFCGVIAcEEZigpAGcoKQBoKCkAaSgpAGooKQBrKCkAbCgpAG0oKQBuSAEnuAcndQRwVAKR
551=JgxAASdVAHJQAdUCcygpAHQoKQB1KCkAdigpAHcoKQB4KCkAeSgpAHooKQB7KCkAfCgpAH
552=0oKQB+KCkAfygrAFUAcoATTTxWKCkAVygpAFhIAcHrWUgBJSE2WkgB3StbKCkAXCgpAF0o
553=KQBeKCkAXygpAGAoKQBhKCkAYigpAGMoKQBkKCkAZSgpAGYoKQBnKCkAaCgpAGkoKQBqKC
554=kAaygpAGwoKQBtKCkAbigpAG9IAc2JcEgBhCVgOyfNBHIoVQBzKCkAdCgpAHVKAf//QwcM
555=AHZIAUABIpU0dygpAHgoKQB5KCkAeigpAHsoKQB8KCkAfSgpAH4oKwBWAHOEDFU5VygpAF
556=goKQBZKCkAWkgBzeFbSAHVOVwoKQBdKCkAXigpAF8oKQBgKCkAYSgpAGIoKQBjKCkAZCgp
557=AGUoKQBmKCkAZygpAGgoKQBpKCkAaigpAGsoKQBsKCkAbSgpAG4oKQBvKCkAcEgB1TlxSA
558=GEJSK4XyfNBHMoVQB0SAHdNnUoKQB2SAHZBncoKQB4KCkAeSgpAHooKQB7KCkAfCgpAH0o
559=KwBXAHSYCl02WCgpAFkoKQBaSAEnsQZ0JrUiXFQC3TZdKCkAXigpAF8oKQBgKCkAYSgpAG
560=IoKQBjKCkAZCgpAGUoKQBmKCkAZygpAGgoKQBpKCkAaigpAGsoKQBsKCkAbSgpAG4oKQBv
561=KCkAcEgB2atxSAGYI3A1J6EEc1QCxTR0KCkAdSgpAHZIAdkGdygpAHgoKQB5KCkAeigpAH
562=soKQB8KCsAWAB1jAlFNFkoKQBaSAHRo1tIAdGjXEgBJ1kGdfE1XihVAF8oKQBgKCkAYSgp
563=AGIoKQBjKCkAZCgpAGUoKQBmKCkAZygpAGgoKQBpKCkAaigpAGsoKQBsKCkAbUgB1RhuKC
564=kAbygpAHBIASUFTnFIAYwiejJ1AM0xc1QCyQF0KCkAdSgpAHZIAdkGdygpAHgoKQB5KCkA
565=eigpAHsoKQBZSKnFCFooKQBbKCkAXEgB1WVdSAHNMV4oKQBfKCkAYCgpAGEoKQBiKCkAYy
566=gpAGQoKQBlKCkAZigpAGcoKQBoKCkAaSgpAGpIAd0raygpAGxIAdEqbUgBzRtuKCkAbygp
567=AHAoKQBxSAHJLXIoKQBzKCkAdCgpAHUoKQB2SAHJDHcoKQB4KCkAeSgpAHooKwBaAHeUBk
568=VgWygpAFxIAcVgXUgBzRteSAHVLl8oKQBgKCkAYSgpAGJIAdkGY0gB2QZkKCkAZSgpAGYo
569=KQBnKCkAaCgpAGlIAdWGakgBgxYMAGsoKQBsKCkAbSgpAG4oKQBvKCkAcEgB3StxKCkAci
570=gpAHMoKQB0KCkAdSgpAHZIAc0QdygpAHgoKQB5KCsAWwB4iAVdK1woKAAGXQB4AAAAAAAA
571=EQAAIAQxCg8MAF4AeACjAAAAAAwAXwB4AJZEAUkBYCgpAGFJAZm1AmJIAWQBQQRjSQGjbw
572=EMAGRIAdkGZSgpAGYoKQBnKCkAaCgpAGlJAZ2lCGpIAWQBXQprKCkAbCgpAG0oKQBuKCkA
573=b0oB//9DBwwAcCgpAHEoKQByKCkAcygpAHQoKQB1KCkAdkgBSAl9IHcoKQB4KCsAXAB5nA
574=NRFF0oKQBeKCkAX0kBn2sEDABgSAHJImFIAdkcYkgBfANFCGMoKQBkSAHFKWVJAZtnBAwA
575=ZigpAGcoKQBoSAHRCWlIAWgFUQlqKCkAaygpAGwoKQBtKCkAbigpAG8oKQBwKCkAcSgpAH
576=IoKQBzKCkAdCgpAHUoKQB2KCkAdygrAF0AeowUURReKCkAX0gBxR5gSAHBGmFIAZMFDABi
577=KCkAYygpAGQoKQBlKCkAZigpAGcoKQBoKCkAaSgpAGooKQBrKCkAbCgpAG0oKQBuKCkAby
578=gpAHAoKQBxKCkAcigpAHMoKQB0KCkAdSgpAHYoKwBeAHuAHlUjXygpAGAoKQBhKCkAYigp
579=AGMoKQBkKCkAZSgpAGYoKQBnKCkAaCgpAGkoKQBqKCkAaygpAGwoKQBtKCkAbigpAG8oKQ
580=BwKCkAcSgpAHIoKQBzKCkAdCgpAHUoKwBfAHz9IGAoKQBhKCkAYigpAGMoKQBkKCkAZSgp
581=AGYoKQBnKCkAaCgpAGkoKQBqKCkAaygpAGwoKQBtKCkAbigpAG8oKQBwKCkAcSgpAHIoKQ
582=BzKCkAdCgrAGAAfeUeYSgpAGIoKQBjKCkAZCgpAGUoKQBmKCkAZygpAGgoKQBpKCkAaigp
583=AGsoKQBsKCkAbSgpAG4oKQBvKCkAcCgpAHEoKQByKCkAcygoAAJhAH4AM3UbC114fmABba
584=pjVAKMAXzFJ1UAZShVAGYoKQBnKCkAaCgpAGkoKQBqKCkAaygpAGwoKQBtKCkAbigpAG8o
585=KQBwKCkAcSgpAHIoKwBiAH+YFU1zYygpAGQoKQBlKCkAZigpAGcoKQBoKCkAaSgpAGooKQ
586=BrKCkAbCgpAG0oKQBuKCkAbygpAHAoKQBxKCsAYwCA9S5kSAGPFwwAZSgpAGYoKQBnKCkA
587=aCgpAGkoKQBqKCkAaygpAGwoKQBtKCkAbigpAG8oKQBwKCsAZACBlBFFKWUoKQBmKCkAZy
588=gpAGgoKQBpKCkAaigpAGsoKQBsKCkAbSgpAG4oKQBvKCsAZQCC7RBmKCkAZygpAGgoKQBp
589=KCkAaigpAGsoKQBsKCkAbSgpAG4oKwBmAIP1DWcoKQBoKCkAaSgpAGooKQBrKCkAbCgpAG
590=0oKwBnAIT9CmgoKQBpKCkAaigpAGsoKQBsKCsAaACF5QhpKCkAaigpAGsoKwBpAIbsBQhq
591=AIYAAAAAAAAMABEAAA==

[Lighting]
Red=1.000000
Blue=1.000000
Green=1.000000
Level=0.000000
Ground=0.000000
IonRed=1.620000
Ambient=0.700000
IonBlue=0.340000
IonGreen=1.250000
IonLevel=0.000000
IonGround=0.000000
IonAmbient=0.500000

[Map]
Size=0,0,30,105
Theater=TEMPERATE
LocalSize=2,6,26,91

[OverlayDataPack]
1=BQAAIP4AIACACwAAIP47HgCBBf7EAQCABwEAIP46AACFBAUBAwT++wEAhQMBAQUD/voBAP
2=4DAASEBgIGAf/5AUEChQYIBAIH//gBPQCLBwADBQMGBAMCAgX+9AEAjgYDBAYHAwcHBQgD
3=CAEH//MBSACDBQUBB/2HCAYGAwcCBv7oAQCDCAUEOe8H+oYBBgECBQQB+4UGBwQCCP7mAQ
4=CLAQcFBgMABAEHCAUL/gf+/gYAACIH/+kBVACKCAIGBQgCBwEFCP/yAUIKiQcHAQIIAgMI
5=B//1AUAKBeqFAQQFBgQH+oEH//YBNhSDAgEHG/KCBwf/9wE/BoMFAQcF/oEDTAb+8QEAwT
6=wChQUFCAUF//cBNRiCAQUb+IEF0UQQ/7oBNBqAUAEAIP4rAACIAgYDBAYEBQj+DwAAzTIA
7=/tcBAIUDBwMHBv4DAAPSOQCBAv7hAQCHBgYHAQUEBNJCAIYIAAYFAAAAA/7aAQCBCAP9hA
8=cBCAf+GAAAggUE/t0BAP4DAASGCAUECAQE0DMAgQFUIv/cAU0CAeWBBwn7yC4G/94BSAbL
9=GQiJBQYCBAgGBQMGef7ONwb+2QEAiwIDAQECCAQCAgQCyC0K1y4M/tABAI0BBwYBBgIKCg
10=sLBwICyRkM/gMAANYuBv/MAVwEhgUFAAIHAAIAgQj/6wE5CmfYCfWIAwECBgoKBAjZLAz/
11=2QFMCooICAIIAQcCCwME/gMAC//kAT4QzRMSggQAAgKCCAICA4ILCv/cAUoI1QoYCACIBw
12=UEBgUFCwrgLhaBAf/QAUYCgQYMAAIADgGBC+FCAP/RAVAaiQAFAQgFBwMGB8AmDv/TAS0c
13=gKIAACD+JAAAhwgCBwIEAgb+JQAAggEC/tMBAIMEBwf+KAAA/9UBUACDAAIE//4BKAL+Cg
14=AAgQbcJwT/3gFQBIQECAoI//wBMgaHBgoLCggHB9gxBv/fAVAEgQj+BQALzDEIyVAK/98B
15=UAoEAf4DAAuBCssqAP/rAUQMggAHIgHLJwL/7AFEDiIB//sBNQ4GA4IHB8wqAP/uAUQS//
16=IBPgT/3AckFoAWAQAg/kQAAIIBAv4kAACECAYDB/7WAQDiRACHAwQHAggCBv/oAXAA/gUA
17=/8pdAoYFBwUCBAH/9wFwAoIFCP4DAASBBgQE//UBcASKBAgDBwYIBgYIBf/pAW8A/ggA/z
18=n7iAsFAwYEBggD4kUA/sUBAMlYCogECAsCAwQFCP/VAW8E/hcAAIMGBwR0AIUKCwEBBP7t
19=AQCEAQoLB2IAgQYADYIGCP7sAQCFBwoLCwhiAIUHCwsCCP/qAWkOgwMHCAH/gwsKBlHzhA
20=cLCgT/6wFoDgPv/gYAC1/tggcK/9YBbgjVQQ7+BwALgQrFbwKBB//tAWkQJ/0R/8ZvBoIH
21=B/7uAQCBBv4FAAfHbwKCBwP+/gEAgQj/mwFlGoDPAAAg/mIAAIQEAQMC/vsBAIUDAQYIA/
22=/8AWYAhAUGAQj++QEAiAIIBQQFBwEG/vcBAIMEBAMH/4MBBgb+9gEAiQEFBAMGBQEABP/2
23=AWYIgQEB/YMIBwT/8QFlAIsFBwgIBgMDBQQCB/4DAAuCBQX/8QFvBI0EBAEHBAgCBQgCCw
24=EG//ABYg6OAwT//wMHBQIIBAUCBAv/8gFkAI8HAf//BgEBBgQGCAUIAwf/8AFyAg3xggYI
25=//oBZQAB/IEB//0BZAL+AwAAgQj/8QFjDv66AwCABQAAIP4AIACABQAAIP4AIACABQAAIP
26=4AIACABQAAIP4AIACABQAAIP4AIACABQAAIP4AIACABQAAIP4AIACABQAAIP4AIACABQAA
27=IP4AIACABQAAIP4AIACABQAAIP4AIACABQAAIP4AIACABQAAIP4AIACABQAAIP4AIACABQ
28=AAIP4AIACABQAAIP4AIACABQAAIP4AIACABQAAIP4AIACABQAAIP4AIACABQAAIP4AIACA
29=BQAAIP4AIACABQAAIP4AIACABQAAIP4AIACABQAAIP4AIACABQAAIP4AIACA

[OverlayPack]
1=BQAAIP4AIP+ACwAAIP47Hv+BZ/7EAf+AEAEAIP46AP+FZmxobGb++wH/hWlnbmdt/voB/4
2=FtAf+Ca2//+QE+AIhpaWhra29ra/72Af+La/9nbmhnbWZpZmr+9AH/jWdpb25pa2hmbW5t
3=Zm7/8wE/Bo5naW1raWpra2ZrbGpnZ//pAVAEgmttNe6CZ20N+oRqb2ZmAA8ABYFs/+cBQA
4=iOa2xrbWj/bG5ub2//a2cD/EAXgmho/ugB/4FmBfiGZmxtbmhuBf6Baf7xAf+GbmxqbWtn
5=AgCBbP/0AUEKhv//aG5saA30hG9oZmj/9QFACIlvamtvaG9tbG3/9wE/BIFpH/WDZ2xp/+
6=kBQgzMJwyCbmwCA4Ntamj/9wE1GIdob25vbG9r0T4C/7oBRBCAXgEAIP4rAP+IZ2praGxr
7=am3+DwD/gWb+5gH/gm9mAfuBb8gxAIFu/gsA/8k6Av7WAf+IaGZmbGlsbWn+FAD/g2r/Zw
8=QF/90BRgKIZ25vaWZqb2f+GAD/gmZv/t0B/4dta2huZ25pzi0GE/RQFIFs/tsB/4JpagIE
9=A//ISAb/3AFKCM0XCIlqa2ppb2lsbmvXQgD/2gFCAIhtbG5uZ25tbAQAgWtz9QQR/ucB/4
10=lsbW5oaG9sa24P/MkvBBPyzTIA/9UBTg6Kbmb/Zmz/bWluZv/iAUYCzxEOg21ubwQBg21m
11=bQwAgmxo//IBLxKNbmltZ29oZ2tmamppbf/nAUIAyhYSjGj/aG9ubW9tam1oa//qATgOdA
12=GMZmxra2dsaGtoamdn/iEA//4DAGD/0AFYBIVtb29ub/4DAGsCCP4iAP/+AwBU/tAB/4lr
13=aW9raW1oZmfTLgT+DgD//gMAVv6uAf+AoQAAIP4kAP+HZ2tuZ2tnb/4kAP/+AwBV/tMB/4
14=Ntbmn+JwD//gMAVP7UAf+CZ23+JwD//gMAVv7eAf+Cf3//9AEyAnH+/wICMAbaLgj/1gFP
15=AM4kCv4NAP/+AwBg/+gBRgjSLQrJTwz/4AFPCtEuDMlPBP/hAU8OQgH/+gE3EM8tCMlPEv
16=4DAGL+8QH//gMAU/79Af//4wFPEv8dAiYY/70DQxaA+gAAIP5DAP/+AwBU/iQA/4Rnb2xv
17=/tUB//4DAFbhRwCGbWtqb2po/tMB//4DAFXiRwCFaW5sa2z+0wH//gMAU/4hAP+JZmxrbW
18=dpZ25p//UBcAKJbWpnZmhmaGdp/9QBbwSB//4DAGL+HwD/imhrZ29na2dtZ23+9QH/iHBu
19=bW1ma2to/9QBbwb+GAD//gMAf8hbCoNpbW7/1AFvAto+DnIAhnBqamhsa//wAWsOyFoQhW
20=9qZm5m/+4BbRDJVhKGcG5qb21u//sBahKCaWr/8QFqEMlYFoFt/9UBbgjfOhj+CAD/gW//
21=7gFpDlIBx14G/+oBaRTTUAj/mwFpEoDOAAAg/mIA/4RuZm9n/vsB/4Vnam9maf77Af+Fa2
22=5qaW7/+gFoAIdsbWlqbGxm//gBaASIaGdubGlnaG//+AFrAIhnZ29vaP9sav71Af+IZm5t
23=ZmluZ23+8AH/jGpvZ2htZ2tvaGtmbAAHgWz+8AH/j21sZm5nbmhraWhmbG9qZ//vAWUEgW
24=cL7f4DAGaDamhmBAiDb2xo//EBcQIJ7YpobG9mbmZsaWhs//ABYwyGZmdsamht//cBZggZ
25=/INmbG0N8v79Af+Bbv/6AVYW/rED/4AFAAAg/gAg/4AFAAAg/gAg/4AFAAAg/gAg/4AFAA
26=Ag/gAg/4AFAAAg/gAg/4AFAAAg/gAg/4AFAAAg/gAg/4AFAAAg/gAg/4AFAAAg/gAg/4AF
27=AAAg/gAg/4AFAAAg/gAg/4AFAAAg/gAg/4AFAAAg/gAg/4AFAAAg/gAg/4AFAAAg/gAg/4
28=AFAAAg/gAg/4AFAAAg/gAg/4AFAAAg/gAg/4AFAAAg/gAg/4AFAAAg/gAg/4AFAAAg/gAg
29=/4AFAAAg/gAg/4AFAAAg/gAg/4AFAAAg/gAg/4AFAAAg/gAg/4A=

[SpecialFlags]
Inert=no
FogOfWar=no
IonStorms=no
MCVDeploy=no
Meteorites=no
Visceroids=yes
FixedAlliance=no
TiberiumGrows=yes
InitialVeteran=no
HarvesterImmune=no
TiberiumSpreads=yes
TiberiumExplosive=no
DestroyableBridges=yes

[Structures]
0=Neutral,CABHUT,256,70,84,64,None,1,0,1,0,0,None,None,None,0,0
1=Neutral,CABHUT,256,66,69,64,None,1,0,1,0,0,None,None,None,0,0
2=Neutral,CABHUT,256,82,73,64,None,1,0,1,0,0,None,None,None,0,0
3=Neutral,CABHUT,256,82,61,64,None,1,0,1,0,0,None,None,None,0,0
4=Neutral,CA0005,256,51,62,64,None,1,0,1,0,0,None,None,None,0,0
5=Neutral,CA0007,256,55,65,64,None,1,0,1,0,0,None,None,None,0,0
6=Neutral,CA0010,256,54,62,64,None,1,0,1,0,0,None,None,None,0,0
7=Neutral,CA0012,256,51,65,64,None,1,0,1,0,0,None,None,None,0,0
11=Neutral,CITY15,256,57,51,64,None,1,0,1,0,0,None,None,None,0,0
12=Neutral,CITY14,256,55,55,64,None,1,0,1,0,0,None,None,None,0,0
13=Neutral,CITY12,256,63,50,64,None,1,0,1,0,0,None,None,None,0,0
14=Neutral,CITY13,256,59,56,64,None,1,0,1,0,0,None,None,None,0,0
15=Neutral,CITY16,256,65,54,64,None,1,0,1,0,0,None,None,None,0,0
16=Neutral,CITY08,256,68,48,64,None,1,0,1,0,0,None,None,None,0,0
17=Neutral,CITY09,256,70,52,64,None,1,0,1,0,0,None,None,None,0,0
18=Neutral,CITY10,256,72,48,64,None,1,0,1,0,0,None,None,None,0,0
19=Neutral,GAOLDCC1,256,74,97,64,None,1,0,1,0,0,None,None,None,0,0
20=Neutral,GAOLDCC3,256,78,93,64,None,1,0,1,0,0,None,None,None,0,0
21=Neutral,GAOLDCC4,256,84,105,64,None,1,0,1,0,0,None,None,None,0,0
22=Neutral,GAOLDCC5,256,75,95,64,None,1,0,1,0,0,None,None,None,0,0
23=Neutral,GAOLDCC6,256,76,93,64,None,1,0,1,0,0,None,None,None,0,0
24=Neutral,GAOLDCC4,256,78,96,64,None,1,0,1,0,0,None,None,None,0,0
25=Neutral,GAOLDCC2,256,97,75,64,None,1,0,1,0,0,None,None,None,0,0
26=Neutral,NAWALL,256,96,77,64,None,1,0,1,0,0,None,None,None,0,0
27=Neutral,NAWALL,256,97,77,64,None,1,0,1,0,0,None,None,None,0,0
28=Neutral,NAWALL,256,98,77,64,None,1,0,1,0,0,None,None,None,0,0
29=Neutral,NAWALL,256,99,77,64,None,1,0,1,0,0,None,None,None,0,0
30=Neutral,NAWALL,256,99,76,64,None,1,0,1,0,0,None,None,None,0,0
31=Neutral,NAWALL,256,99,75,64,None,1,0,1,0,0,None,None,None,0,0
32=Neutral,NAWALL,256,99,74,64,None,1,0,1,0,0,None,None,None,0,0
33=Neutral,NAWALL,256,98,74,64,None,1,0,1,0,0,None,None,None,0,0
34=Neutral,NAWALL,256,97,74,64,None,1,0,1,0,0,None,None,None,0,0
35=Neutral,NAWALL,256,96,74,64,None,1,0,1,0,0,None,None,None,0,0
36=Neutral,NAWALL,256,96,75,64,None,1,0,1,0,0,None,None,None,0,0
37=Neutral,NAWALL,256,96,76,64,None,1,0,1,0,0,None,None,None,0,0
38=Neutral,NALASR,256,95,78,128,None,1,0,1,0,0,None,None,None,0,0
39=Neutral,CACRSH03,256,97,78,64,None,1,0,1,0,0,None,None,None,0,0
40=Neutral,CACRSH05,256,94,76,64,None,1,0,1,0,0,None,None,None,0,0
41=Neutral,CACRSH04,256,81,95,64,None,1,0,1,0,0,None,None,None,0,0
42=Neutral,TSTLAMP,256,60,53,64,None,1,0,1,0,0,None,None,None,0,0

[TaskForces]

[Terrain]
36060=TIBTRE01
37056=TIBTRE03
41053=TIBTRE02
44047=TIBTRE04
51044=TIBTRE05
53042=TIBTRE01
56078=TREE04
57041=TIBTRE02
59076=TREE11
60038=TIBTRE03
60074=TREE09
63073=TREE10
65065=TREE10
67094=TREE03
68061=TREE07
69092=TREE05
71050=BIGBLUE3
71061=TREE09
71089=TREE04
72087=TREE07
73090=TREE03
77058=TREE05
78056=TREE04
80081=TREE07
80084=TREE09
81091=TREE04
82079=TREE05
82107=TIBTRE04
83076=TREE02
83082=TREE09
84103=TIBTRE05
88102=TIBTRE01
91069=TREE03
91087=BIGBLUE3
92068=TREE04
93101=TIBTRE03
97099=TIBTRE02
100096=TIBTRE04
102095=TIBTRE05
104086=TIBTRE02
104092=TIBTRE05
107082=TIBTRE04

[Triggers]

[Waypoints]
0=28035
1=116106



[Digest]
1=L58RzZA2CHeVu3flG+WxwkIX6kg=

