; Map created with FinalSun Mission Editor
; www.wagnerma.de (german+english homepage of author), finalsun.wagnerma.de (finalsun homepage, german+english), www.theonliner.de (german homepage of FRG)
; note that all comments were truncated

[Preview]
Size=0,0,120,60

[PreviewPack]
1=YBMAIAAJbVc9b1k+DiA1DSA1ECM6EiQ+FChDDiE2DyE3WwEKGy1UAAkSJT0VKUQRIzgRIz
2=uZAT5WAA8iYwQSJT5cAkAEAhsvUBAkVQM8TAdUA1wCVABLAA8hOEQCWAEJDyE2DR8zDiA1
3=CxsuUAtbARAjPFgNXA5LCRMmQEsMFChCUAVUA40EOEwHSANQCHECIlgBBDcPIzgTJj9ABF
4=ACTBMqXABEBXoBITdcEVwUTAdYAVwOTAq8DlgBTA1AB1AOTA1YAWwBnBdcBVgBuApAB2gA
5=lBtABLwCWBNgHF4jJT5MEFACSABcBVcAEydBJ3wBQAesAbwFWA1QFFAIRA5RHQ9oGHQhTA
6=FAB0AWWAREEUghQAdEAlgBVAxAAaQLQARQF1ACRAJUDFQAXAJYAVQAAw4fNBEkO0QCXAJY
7=AUgMQA1QCLQPlSc3WAdQBVwLVDMnLABACrwFVCRYB4gSdCpABEgDXAVQOFwCvAtUJypcAE
8=wBUC9AB0QIRCa0G1AFXA5UAFAOSABAASdMAUwBvAViASdBVACBBzhAB0AWTyIRIzlAAVAC
9=VABYCkwKSBVAFqQFWCJAJSpcAFwLQApQBUATTAFAB7wFRAJIAFgBVAC8WVQYVBJoAJw4SB
10=ukGlhPQAFAEFglYigfNKQmTAFEC0gDQAFEDlwIWAFAAUwKUAJcCEgSUA5IErwFtA8njABc
11=CzMsAFwFSAlAB1QAUAhoAJwRWBZAPVAUSABcC6wKrA1ADVALXhQUJ2xhrAFMBEgATBNICX
12=IIIThMMY0KN4gMfGhcBUgDWAdMBFQAUCmZKzxQC0QLUFZcAlAFTAFAB0A9QApIAEwKWAFQ
13=AkgDVC28ArwjUAhUS1gHUBG8AkQChAWSDiQ7SB5QDliFUAhMAbQJTAFoBuCIUAu0BlwCTA
14=cnjABQAkgGpCxQCCcsAEgYSBtYDUAfAAEdLkM7QUlFRkgYK0QVKEElM0gRgJFcCLQVSEhE
15=KXoNIDViCidBWAFcR0QdUAJ4BHmFQCcsAFQtUALWGyA1QFVUBkANQBxAE0gPWAFMB1QASA
16=NEBVAmUAInbAJcAkgAvAVcAicsAEABtC1oBkgzJ8YTIjeBQ0BcDlwLSABQIEgAXAUnfAFc
17=I1gTQBBYCpkHNlQwXBpACqwZvFlEEVQGJwQBJ9QAQChEBaQaKiwAQChMBFg3VABANEQsAx
18=gtSRgrR1QMTAFADVwCSGAADiExRVBQTVVSTF1SRGBSQltRRFJOS05LSB8xSSQyRTU8WS5A
19=WBCsVUwHQAe0FVwLUA5QCEgVsAJUAFAUVABQBUgGVDBUA0gAWBZAB3YeHzSkO0gDVCdEBV
20=QDXAKRAj9QF0QCUAtUAFwITBZIJKwHUCNMAbQwfQIhaMC8BVwIzA0qNgojOUAfWBNAHEgM
21=XAsnFAZQC6woRDJACkghQApYZEwWVABYDUANTARAEFgEpAtQF0QCXAhAQ1QASAC4AUABAy
22=YyQVtQQ0cmHjFNRBdIBlgZAAoiNlQoNkhdUUJTTEUWKkYeLkFSTEVdUUFhVUYUMgAADEhI
23=Rzo/RmNVRUNHSRUpQ1wIpBdcDieEAmpCJT1QFFgWVA9ADUgDRCBUMFACUCBEF1gTUBcGR0
24=E4R0A2R0E2iB7UKkgGvGVYE0gerAdwAil8CkwHiQZAQCIqjABMAUgSSDCsDUArQB9YEFwO
25=UA5QCHoBIzpYB0wBXCYqtAVcFEgAUA6wRLwFvFlUDFgBtAOkC7QtUAJIDFAIUAJABwUkMk
26=ZUTkdfVWgABlpSR0VITUlKSlQPUAhLAG9ZPkgAAl5SRF1SRCwBQ2VUQFACSABQAjKkBcwC
27=TFtIAEgzRBdIIUAcUBFUP34XIjdcDkgAWBAnRANABEgDUAVYSUgtBjUyLDkzK1lQQkANSA
28=BPDT04MEAWtCdME0wEagAiN1wXKhwBUAi0MFQhXAJIAEg8UAJcC6wfuAGsAUAKQARIe0AT
29=QD1AAbwCgTE/SAbMFiZEIXQ/I8AmQAFcDp0FPkBJWBZYDVAFSC1IAEgDVBtMN0AfWAp0Dw
30=ARKEJLRTpHPzQ8NzA9Ny5AOzNQRzpEPzYxMCtNRTpMQzc8Ny8qXABIHgxQRTVNRjtUTD9U
31=SjxEPTFYAcQrLxgASGBILUgAtC1YDVwaQBBEgEAQJxQDRB0ntAVIJANEQDlSSDtIEkwNSA
32=BELEgAQAFIAEMBOjMpKuwAaC1IrpQtXB1YAVQJUCBUACcsAFALSAZcHUgPTB9uIiU+rAFQ
33=TVgBXCNAAVgHSDxYJUwEzgElPm0WIcyyQArWMCE2J7wAtBJEdEgGSAlYB1AsSC1QBVAdTA
34=FYHAZhW1FHQjtJQTRQBUgAVBhIAEABSABAAUgAQAFIAEABSABAAUgAQAFEHQNOSkFKQzhE
35=MglHQDVUTEBORjpdUD8vmAXAArQtAxsvTRQoQVQbgFInBRA4vBFHFEZBOid8AUABSABMDU
36=gAQAFIAEABSABAAUgAQwFBOzFUGIgJdNgDJTNGMDpFWJ1IyUAKUCxQVkxSKiwASAxQI1QA
37=VANAAVD4SKJcBUxSU/gVKEBIA0gAVANMK0ABSABANEwBlIciYCNQF0REVDBYB1QDTChUAI
38=VrNlARVANULUQOaAAjNCVgAYxAWARAoKQXUBdAAUgAQAFIAEABSABAAUgAQAFIAEABSABA
39=AUgAQAEDSkQ6QTwyrwFgVkfMKi8YAEAECWBURUJGTTVCVBwwUUQORD5cR1Q8tCRXFUhCOV
40=gETApIAEABSABAAUgAQwH/AACoAEwBSABQAkgAQAFIAEMBSUAzJ8QTWMoDO0FJVVBKQA1M
41=CkgkJxwWTAFATJECN0BSBg4gNhEjOkBES1wFUPhAykP3JTNIvG5YXkQvvAVIBirMGkAWUC
42=xgK5goSAlYLqQRRCxgNHiLInQwWGeBHENYkSAYhAVAHFALSABAAUQdQAFIAEwBL40FFKQs
43=UywgMEagQy08AkiEAz43LExAL1gHUAhIAEABSABAAUgAQAGwLCcUAFACSABcAkgAQAEGSE
44=A0KikmNzQuKugBQGdiOiQ7SFpQDlAjZk0kO0gnSABIJ1gBDCEwQlJORlhQQ2ZUPltRRLgH
45=vG4nJCAqTyVdUUInZB9YK7QtSAlAAVhGJ0QAXEcqDAsGRj8zUEY3UUQztBVAFkABSABAAU
46=gAQAFIAEABSABAAUgAQAFIAEABSABAAUgAQAFIAEABAANQRDQkIh80NDFPUFEmNEQpNUFe
47=UkNYFgZdTjsvO01RTUikLFhYSB5ATFQAWHBEHUQCt28/OTBcCEgAQApIAEABSABAAUgAQA
48=FIAEABXCxAAUgATAFIAEABSABAAQNKQTRXTkFYDScIAFD4Az1FThktSip0CVB6J7QFBhUn
49=PklMUE5MS1D+J9QALSAAKsQfKmsAIDFIQM1EC1wXUBdAsly5pBFEAlgBUBpYLlgNTARQYl
50=NZTUQ2QARIAFQVSABAAUgAQAFIAFAaJwgAUAJIAFACSABAAUgAQAFIAEABSABAAQIwLys8
51=PiKoLERoCSc3TSg7VTxDT0ZHR05YIjWWhCU+UA5U21QAoEwqxAcIJC06Njc3TUU4TUMgDY
52=wYSA8GTUEyWk9BSD8zKigETwFFSE1YT1BTTCJIHieEBVAgCR0wRjU/SDtETk5GO0QFIAwI
53=AKeSGSxHJ7QIQApIAExYJ4QFVHUnLABcAgMtNT8xOEJASUB2WCVIAFgWSABAAUgAQAG8LK
54=wBWAFAAUgAQAFIAEABSABAAUgAUFlTLC40O1Q5RGhQDkD9AyA0UiU2TrQqVABcPlAdQARA
55=MVgBSKXoWijUJAkyNDYqMTdCPDJGPC5QC0gAUAtIAEABSABAAUgAQAFIAEABSABAAQNKQj
56=YrKidI5zOsBEwESC2kI1DvQBMJHzBHOTxANz5HSktJM8gATApD+lRMP0wHM4AAUAJAuFCS
57=QApIGCc8BUAHSAZELCdMFkwBSB4nfAcFNTAnPTMlUkM3bBRYB1AISABAAUgAQAEDPzozSk
58=ZBTAFELAYoLDA6NzIvLisq9ARAoEgMtCpIKks/DiA1RMtQDildADdYAUwEQMpQxUwWXCBA
59=cAADLjZAiImJmJWNY2BbUE5KPjs0QDs2TA1cDkgAQAFIAAtkVkVYTT1XTkJdVEdeVDSgNE
60=AiA1VNQ1VPSE9qJDZPWBBIDAkVKEJKR0NCREhYTUBABEgAJ0wBJy8ATUY7IRMlR0I4IRMl
61=UEU1XAIqCACsClDsUL+sglwpXBdAHCe0DlAaTA1YAUgDQIhcGlhMVgBJPyABbBRUG0gSAA
62=NKQzlCPDM3My0zMS8xMTFYWFVeXFgqhAVYKEgMTApEJpgoIuQmoIVQAlxcTBBcAqQvQAdM
63=ASe8AHQzAiE2ECI4RAUMSUhFLSsoLSwqMC0nPzw4SA9AEEgAQAEAAmxYQU9HPGJUQlpQQV
64=xOPWFSP19S0CYqQARMAQlJTFEzQVUjNU0mNk1cDkxtWA1AAQgkNEsvOUdQSkNdT3xWBkdA
65=Nk5CMzozKVwLAAM1MixaU0hKRDpQRzpFPzRaTz9gVkcqsCoqTAFMglwdrApAE1gHTBlAOr
66=wvTAFYHFQARNFYBAgrMzsrMjs+OTFQQyJ4JrwFSAZAAUgAQAFIAEABSABAAUgADExKSE1M
67=SjIxLy0rJx4pM1hkQFVUCVAmSK5UAFApSDknXAAnxCVIA1g6pBpELwghL0BTTURZUERcUi
68=IoJUB8zqkhNkgkqAAJMjEuXVhPZ2NbVk1DQBACSD0vPzZ0IQNORTdmWEYiUkVURVwCsAW0
69=AFgBUBRPAWBURVDvAhYoPxgrIpAjtCFMZ0gerwEvOERUKrwFSgZEQChUKQZFPjJKPzE9OD
70=BfAkdBOKwWTAEGQ0hQKDxZFipBTAonDAVEVkwBfkonQrQeXC9MRqwBRCNYDVQAUEdPBDU7
71=QiokGidEA1gQA0c+MlJFNVQMA0U7LTArIkiEA4SCeiMzREAWTENEGnZmITZIJ4xnKCQvXA
72=InXDlbKEhCOSH4PLBHpBdM/VgBCFZNQGBeWwAAAFpSKPgtTE9IFQMRJDsiMEFEiUA3XFwP
73=SEQ+QDwzLTVARD87PzszbFtFdA/sAAZXTkQ2RVhUTURI8EvDGCpDUCxQHVgQQB9Q/lhAaA
74=Ai9UNDKlQFTBxIAEAcSABAAUgAQAFIACoUBglNQjRDPDJKRDsdME9UKlgK1ksfNEgVWDe0
75=BlAgWA20KlAXJywARCxIGEgApIlE0UC7UAJHGiwzOiFAKFjWA0VBOTQ3OlALWChIsVwyJO
76=xOSANENVRUcgsUFFxlpA5ICVwCQBkk1DwPTEIrNjUYWkw0OTMrUEctAMgAqABQ10gDBllM
77=Mb6+vk1NTFdjLCsoVIREMkgAzFtsIlFEQEwWQA1IDEgYWHBIfkgAVH6sLAliUkFQT05aVE
78=0cLklABEcUGi5LVAAnvABQAieMA0ATrCJEKUABSABAAUgAQAFIAEABSABAAUgAQAFIAEAB
79=SABAAUsALColWBBcHUghTCgnLABQJkgtUDgnRABYDUwBXA5EF0wBSANYUogSKFQaWAFIAH
80=p/IzhIJ1AIRC9FAh0mnVkiI+xOAyQ1Sx4vRnkEIiLAa0BGVB68tgZJSEZYUUdmUzuoKrQA
81=VANIAEwBtABAASoIAFzdCTExMF5bV1ZTTmtmX0z6AxcqRBwuR1RycBQm3DonLABUfgwWKU
82=McL0ckOVdPT00fMk1AGVxrVD8n9D1YAXAdJnQ2WKZQpAM8Ny1GOCdIJ0gASCdIAEABSABA
83=AUgAQAFIAEABSABAAUgAQAFLAFFENFAsAysuMS8zNicMAkwiSDm0UaQFUCBEAmEEIiV8bW
84=IQITe0AFwFWCVEGlyntAZcAkwBSDakbiosFUAKSABIDwNBR1EbL0xbrzY+R1gEBkxMS0tJ
85=RTIxMEZTOTciGCxPBE1FKCdUBaABBnRgRm9dREc/MyqQBUgDS11FQSVYXkiKRMUGSUAzLz
86=5SHC9LQy4WKkZEFHAX9C1UP7wCV0UQIjdbRhUoQiHAJlARJL9RUk5LWEBYE0RrzRkofGJX
87=TkY/MzPsOSQQK7QAQBxIAFwXSABDAU5CMke2JCMgSAlMDVARQE8tPAJcAogAJaxJRAVYOl
88=guWItAASpUBUgDRAVMQFQYTAG0Y0xGA1dSTGdVP0ypRA5IAEgPSAAJcGBKdGFJcGBJZFtM
89=SBsISUQ7S0AyamhlTUpg00AESABEKUAoqABAB6QsUCwJVEk5SkQ5WEo4RD80TASoAFgEoA
90=FUAFQtW9BPQzQhmEhDiEtFOqeMOjMpSIpICVALXwJBOzJQMlACTxYXK0Un3CtABEgATwQ8
91=RFFbMSAxSCEAXER9QHNIJFlJPzXsOSeQBUwHSABQCEgAQAFLAC0sKkArWCJAUlyAJ3wWQA
92=pQAkwlpAVDAQ8hN7QDTE8nxAFEFFQqrK9EL0ABWARAoFRvXF+8BQkxPUtJS05MS0piUkBE
93=DgZqXElpX09vYUxcLAlmXU9sX0xzY01QRjhAUkgkJwgAXCaoAEQCCkhEJmJRPGxZQmRTPU
94=YiuV43TLJIAANMRjteTzy0LbAFVABcBagAVy1QRDRYClxcSABQvEgAUAJQL0TUvAJYu0gt
95=vF8t3CtAH0gAQBYLQ0dJFipGFChCEyZAECQRAABbEgAgDTskLTomMT9NRDZRRDNtVz1LAG
96=9ZPkgAQAFIAEABSABAAUgAQAFIAAAPRj0wKywrNDQxJSw0DyI3FChCEyZAECQ7FCdCDh80
97=ESQ7SAADDyI4EiQ+RAJABFQDBhUpRA0gNRAjOlACDBAjPBIlPRMmPxEjOAsbLidfAA8hN0
98=MEEydBVABcBQkWKUNXUkxnVT9UT0pIDwAJcF1FblxGXFJEc2JLdWJJcV9IaV1NFBQUAMgA
99=SAAnIAAtLABYAQxpV0B1YUdwXENKRDhGQDZLAEdBN0gACWNTP0M9M1tNO01FKFgEMAsAKz
100=MMKlAASwwrMAxTAkVBJVwCWAFIAEABABJmWUdaU0hKRDpQRzpFPzRaTz9gVkddUD9dUUJj
101=VUVDR0kVKUNQICeUBAZAOi1PSUBjYFtEKVwaSABAAUgAQAFIAEABSABAAQlOQjJFPjIkIh
102=8PIThYB6wobAGYAUgkTCtLJwobLVAFSAZQKVACtCcqhAVUKmcFHzMOfC8BPA0fM0YCDyNs
103=CkgSvDUJMT1LUEpDPUFIUExISAlACgZHQThHQDZHPzSsHFgcqAAGTUUpVkkxTUMqTASkAl
104=QATAEDdGBGb11ESAABVkk5voAARCxILVAsDEI8MlhNPmZTO1lMNERCIFwFSABYCkgAQAEn
105=CAAwOABEAkgAQAS0AEMBWkw0TCIDTUI0Qj01XBQMa1pFV05ENkVYVE1EIzRJWBlUJFxQWC
106=JIIURNDJiVjUtKSC0rJzAtJ0A7NlwUSABAB0gAQAFIAEABSwAtLConhAVQCFAsAw4hNhIl
107=PlAjSABQWVQJSABAClQASANiKCI3RCmsWFgBJ4QFXFlYAVhbQFhAAUAESAMDFChDESM5SA
108=mkCwwuO09ISUgxOEI/OTBZUEJEI0gbSAC4HEwlSwBfUDxUAEQCSwBdTjpUA6gAA2xZQmRT
109=PYAs0ABQLEgtAVhKOFTnL0Q/NEgtSABULVgHoAcnFABEAicIALACWAFAAVQASABAAScIAF
110=gBA0M8MkA7M0BbCUQ/NhwuSSQyRjY+R1gZTB9YGUQjSwAQITVEBUgAWCgGNDIvW1lVVk1D
111=VCpYK0gAQAFIAAVRRDQsKiUrLoSGQFhJACJwfVguQC60NlAjQDcqPwsRIztAKEBbRClYKE
112=QvWCtIAFgBpCxDBxsvUFgEWCtALkAEWI5UA3hbSAxIAJcMNTAnUCxYfER3XBSgHFhSTAEn
113=CABAWLQVtANQhkgtUIZULKQsUCwnLABAAUgAQDRIAECIqAZUALQJQAFIAEwBVACoAEwBSA
114=AnLABAAaSJJ1AARAJMWwNMQis2NRhAAQRBOzFUTkcAgABALkgtRAWrABEjN7QkCWdjWz42
115=Kj86MlBENEQsUBcGT0EvSkAzJCMgXCBIACccBKwBSFdQKVgoWDdYJVgBlSQ2WC5ABFRdSA
116=NAAVgrQIVYKLQqpCxIA7QGUDVIAFACVGwqNAFQBVDIAzAuKjo0KkBPWBlIAEMWSEQmSCRI
117=AFQkWAGoAFxZWDFABEgAUx1gUj9IAFICSUN8s0ArJwgAJ/cQUEctUAVIAKQIQAEnCAAnRA
118=BIKkgPTF5IAwM9OiFdTzxQaLgBRAJIAEQFVACoAEwBSC1IAGAQAl5bTExMtIRfAhwvS7RL
119=SCRIAGhdBSA1TUY7RkM9WAFAJQM8OC8sLi20MFBTTB+8AiwtADlMW6wHSDNANFgBSC1UAF
120=QnTFVELEAoSAZYNCcMC1QDTAQntAVYMawEXAtIAFgBUAVLACYxP1PITEI0QBxYGVMsYlE8
121=PDwLXBpIAFgESOFAiEjhXFlAW0gAQAFXh0tEOUgASIctxARUBkgMSABAAVQqSDlIAFwOQM
122=FAAagAWDdIAEQ4rAdEBUgASAYnCABcxQADW04+Rj0vPjs0LCsoNTMvaF9Va2ZfSCFIHidE
123=CUgbSCFIS1AdQNm0MFRUWAG0LUQgXAK0KqwBSGNIkFBWTAdAB1QqYgEjOlQAWApUAEwHSI
124=pIKkABQLhQBUQsagAiN0gPQAGkCFhbzgQlPlAyTDpcC1gHA0U/Mz0zJaxJQN9cHUgbJwgA
125=J5QQJ6QDQAFYMSdcAFgrSABELEgAQAGjW15PPCHgIUhgRJJcBVQJVACoACeEBSqjAVtOPU
126=wEJwgASC1QOEiTVC1QAqAHoAG8WVNNRT40rw1WU05ISEgbQBxUfkgnUBqoKkwfaACEpFgu
127=SANAf1wjQCJMH0gqWAFIJFgoWDRMK2IoJT1IV7xZQwoPITZQBUgGSABMAUgzTwQQIzxqDC
128=E2QAFALkAEtAxMBEwBSABiASE2UAW8O7QtBiszOzw3LUY4J1ALSABIGEhRUBonCAAn1AMn
129=vANIA3B39Ie8HVAsSC1LAExGO7SHKuQRSAYzhAVcAi0IAKc4b11ENuQRSC2oBkzKRD4GUU
130=IxKyklIyctWChALlAaUCBUIbxWTAEnvANAK1gBRCxUAFApJ8QKVFRgJezWRDJMLkwEQCtE
131=KUgwSCdIAFQnUDJEC0AKVABABFACtAlYOkgPJ6wHVAOsBGgGWApIAI89RkE4QIgntC9ETU
132=gAKpQEQN9QUycsFUAuS6srMwy0LaxPVC1ILVQAqAAnPAtMIlwFpC9YClgBPwgAQApYDUxh
133=SAxMB7wFJyAAWAGsAVQASABGmCkxVXs4SB5IsVQtQAFQIFAdSACsAVwCVCdQKVgBTAFseS
134=NUMnYtITYnfARUBqRQvE1YAVA1UAhQVkxbdCqUBlQtRAikBZk6OEQLUAJmBSU9QA14NIAr
135=tC1cAiccAUQyQLUDPjcsTEAvLXwWXBqsTEB5XBqoAFACXFO8Ak9PVkk5UCxQWUgAXFlcKU
136=gARDWwBVQAVCFEL1QGPwgArApMDUg5QAcwCAAnBAFIA19ZRDstISMhKy4xQB9EGpkoOFwg
137=KiwAXCCkLEABSADMASk8OFACSAC8AkAlQAFQLLxZSFonLABALpgKbItcXEQFUA5QNWRl9A
138=lcAihUBSPsLXoHIzhcCFAFSAZXMD85MEg5SAAz9BBAiCeEGkwcqABQAkgAXAIk7CFYK6gA
139=KtQPUFmk4yeIBDwgACc8C6gMsAUtLABUMFAsWDcDMC8rMDlCmR8+XCNISEhLUB2sAUgbXC
140=An1AlQAkAxYB/0qyq8D0gtagAiN6QgTAosdAAivC1YB1ALWAq0DEwBSCekvFSETF6kCFQq
141=WAdIAFwFmA0ozAsJJC06QjszST8wUkMvQA1QI0BbTFK4HLQASCpQIFBNVB5EAlQASAC3h2
142=VWQ1jZUCwnhAVIAycIAE8EZVZBWAowBAdcCCoJAHQjvDmoDCf4AEABrARAAScLAE1DKiGE
143=LAM8PkAuNDtAKFRIrB9AK0wBSCRYK7wgfh0kPkx/cCAjLEJMIpgfzNlcJlglRE1cekwEXA
144=VICbQnUAJUY3IFIzhUBkQLSANYClQMQAEnjABABFQGVCpMXlARQC5QBWIBITZYB0D0Zgsi
145=N0QCZAUIJDsxKBtORTk/NytAIlBQUCMDZVdFRz8zWBykIFSEJ6QDKiAARCkthAVIBkgALY
146=wAWDdAiC34BlgEJwgArMFYVVCzSAAn+ABABCcsAEMBSEQmKsQQtCRUSLyzQ3kOIDVAr0Ao
147=QCJcAkABWCLeIyE2XB1MBEghXCZ+IyQ+SANAAVhhVAC8QVg0SCRQCEA0QCVcAqw3QCWIAM
148=w0UAInjAC4B1QtKmQBWAdUD6QUTAoADx8xSktKSV1SRFBIPFFGNlVJOF9RPmdTOl9POFdJ
149=LlRJL0AuKiQFLeADTB8wCABMBKgASANcuVAsTGRMXrACtABYNwZMQitZTDFEPzRMAUsMRU
150=ElSABIBqAEQAEqCAAJYFZIZVtLXVRHQDoyRIYDJjVLIDFFVCpcICgmBSI4SBtELFQnSCpY
151=JUAlTAGYTyK0TUAlRDJUAFhMVDAnLABECFACUAVUWmgA+NmstUxVSCpMBEgJSABEBSdcAE
152=wBpA5YDUAHUC9IKlACWAFQC1gTRC8nHE8ACVVSTGxZQWlUPGVTPVRIN1pNPE5GOmJVQ2hV
153=PkQdKtQDKiwASANIAEQCVACoADYsAExeTGRIAEgqTARI3reQTUUoIbQmrAekLKwBLRQAAA
154=9gVERVTUFYTj9XTkJORTdMQzdfUkA9RU4sO1AbL00UKEFASUQpVBtMLlwgdAAjrFJESkAf
155=SCRAAUwogAEiRFREBVwgtDBMASdsC7xZSANcU1QASANELFgrUAt6CiQ7WIJIAEgnbTQgJd
156=RUSANyBSI3QAFIPFQMpC9AZ0QISAADFShCOTxAUAtJAG8j/FYMalY+ZlZAWUw7TUQ4UEU3
157=LbwDuAFAJScgAEwBqAAqRAAtLABIgUhaUKpQ10iHUCxIhDYUEqwHJxQAUAsAA0tAM0E6L0
158=1GOlRNQ1BIPWJVRGFSP0AWCWBURUJGTTVCVBwwUVApJxQJJHgsUCNIACd8BERNaACUVEAf
159=tFFQL1wjtC1cJkABVCREAkgATARgCiYsIUy1RAK0BkQvSC1IACe0BawBWAFoDCbMLFiFWz
160=cKGy1cCAgXK0UXKkMkNEtYTSu0BQxMT1QnO1sWKD0+OTFIPzMkTCsn7AOgAUQgoAEwFABI
161=A0gALVwASIe8WUA6UFm0hLywUAVIAC28AEgzUN0MRj80Rj4yVk1AUEpDXU8/TAdELEgAQA
162=FLAB8xSbxZQFhxIyJR+zdAgkwBUCZAWEgtSAAotAUp3ARQI0BPSC1IAEwiWChQCKQLRCNY
163=B6xSSFRIAyeEBUABUAtAVUCCQAFYBFQMRCwoLgAjOSq8AEBAtAxbBBgoPUOILzhEQBlQRA
164=YgMEYWKD8YLUpPZ4iJiSGAVwljYFtQTko+OzRAOzZUGypABFwjKggAqANEAqABVABMAVxZ
165=QAFIAFSHWOukLDCUEEQFqABELEgAJHNeKCwwvB1bEz1BSCFTV11QQEwQQCJIFSc8C1gcVB
166=tYHydUBVQnXCZQKVAgSABAAVgBSFFcVkwBYE+MWyocBEANWE8nBAFELGQFKTQQtAxADUQF
167=SDNQXFQMULBEAlA7rAFT3So1RUANAyQ1SxsvTEg8SANYDXYPJT5EEQMcL0cQIjdHiRQlO1
168=ACSAxQAg8ZKj5JSEUtKygtLCowLSc/PDgk0DdcqlwmMAgAQCVQAlQASABAATMIAKxYKmgA
169=VCpUiksAWUw0rAFHjFFCMVAOVB5cHScvAyw5SkBbA09QUU9PTVAsSEJAJZhPRFmIAJQnQC
170=JIBkhOWAdAGUgATBlELFwaTCJUAFwpTATGjCM4QARQSlwCWDdQOEABlAP8rSKQa8zoQFik
171=C0QIWAS0BkwKSIQkh1woN0khUCG/CDxEUURutAxAClAFQDRIk1ARRC9QDkABSABAClglqA
172=AJMjEuXVhPZ2NbVk1DWIgqlAQ8LAC4B7QApAUqLAAnRABAEwADT0Q2PzozSkZBb2tmb2xm
173=XlxYNjUxWBNIAKgVXBFEGlQbAyQ5VyY3TqwBXB1AcyfMAiewAG5bITe8GkgGQARIAFAaRC
174=9Mf1giQAdcAkgArARIA1ACUCBEIGgAnDVUUbQGfuwnQqQFpAu8O0wQTBMnLAAJVE5HTEI1
175=Rz8yOTUvRNEJUEg7RDotOzYtT0c7W3NGPzVMRkBhBl1RQlNMRRYqRlQPtCFUAEQXUDhYi0
176=wNCSsyOzU7QkhCOE5BMKgkMxQAVAZIAEgDtABAATkLADY1GExkA0pDOUI8M0hmCTMxLzEx
177=MVhYVRUnO0AfVCFAEERBVABUEkwQUB1IFUx2RAJEJrwgVCQnXABcd1ACSABQAlwaQAG8CF
178=heTAFcLFACXCmUCSgcPXoBJD5YPVxZQARoLeTadAYjjDNQEUgPWAFEC0QIBiUzRjA6RR4x
179=TUBnTD0GRkE6UEY4S0AyUAhIAFwISABAAUgAQAFLAE5CM0PNYF5bIbNiWlJHUCOoAEgPQB
180=xUAEQXXA5cGkg5TAoGMThCNTAnOjQqtIekfUQpXLBBf0QmfHBEAicJAE0mzHFABKwBVIdA
181=BwJIPS8/NiI4cglbVk5MSkhNTEoyMS9XDx4pM7AjVA9MRlQATBxAEFQkTExcIFQqvB1LHk
182=1CNCGSa0pEIsx6RAVMMVQARAW8X1ijWAFIACfUCUQIWAFYBFwIfiYhNogMIkR7UAKUDEiQ
183=3Om0DFAITDonBAEJHTBGSktJYVVGUk5LRIM/hAVILUgASC1KAE1NIp9iLCsoUEoJVVFNUU
184=9NSEdGEyc/RCyZEDqkHaxbIzhmAAEpQj85Tkc9VkkxXU88SkU8OzcvXAgKWUw0WUw0REIg
185=AMgAPREAAGAMYBQALzohRz8zMC4pQjswPjs1MTdAHis8SUM5R0M8EiU9RkM9SEQ+LDM6DS
186=A1ChstLzAwJDNBIzNEDiE2DyE3FBQUECM6rAEJDyE2EyY/ESM4FChDUAUPDyI3Dh80ESQ7
187=REA5bVc9b1k+SwBQQzKwAlcDDR8zRwgPIzh2ACE3RwITJkBXCRQnQkQCQAFbChMnQUMBEi
188=U+WAoGESM7Gy9QECQ7tAlAAUgGpAVAE1gKSABYDQwOIDUfMUpLSkldUkRdUUFQBQZGPzNS
189=Rzg5MytMAUgAWBBIAEABSABAAUgAQAFIAEABSABAAUgAQAEABj47NDExMF5bV1ZTTmtmX2
190=NVRSM0SRksR1QSJ+QCRB1IJLQeRBFMAaQUTBAACCoxNzY3N01FOE1DNE1FKUg9MD04MEI4
191=LDg4xh0VKY0oIpofIzhiByM6RB1cGkgeQChQGkwBchojO1MOCxsuVC1QIEwBTA1VJACAAA
192=YQIzxIQjlHQTi4FrQAXBdIAAZNQjRDPDJKRDtcBQYlM0YwOkUeMU1fDhQoQkgnVC1MAVU2
193=D4wQWApULScsA0wQQBBDBw8hOEgDQBNEBSd0AAkdMEZKS0lhVUZVUkxEDgZhW1FHQjtJQT
194=RMAUgASA9IAEABSABAAUgAQwH/AABIAKwBWAFAAUgAQAFIAEABSABIFQZOQjM6MykWKD9E
195=DrQSQBBuASE3vBFUAFAUdACIRawBVxgyNDZQL0ABAz48NzA1PHImJDtYAWQd/BdQF0gAQE
196=lMCkAH3gsjOFQJvAVIA1grfgIiN1AjtC0MMzEvYF5acm9qWFFHR0E2XBQnwAKsAVgBSABM
197=AQADT0M0UEQ0QjovUk5LFypEHC9LEyc/rBBYEEAKVDlQKWkAIngZQBZwPic+CyM6qANEBV
198=QGBio5TEdJS1xSSExYRBEnCAAGX1E+LSwoNzIrRA5cDkgAQAFIAEABWCstCAC8AkgDQAFI
199=AEABSABAAUgABkY9MCssKzQ0MVQeZCyMQJFxNrQhRERQUCcsAEgYSE5DXhEjOVgWSANbQx
200=IkPkAESABdbg9JeCFwWVwpSANQBUQCrAEnpANYBEQCUC9UAKgAWAoPTExLNTIvLCsoMTEx
201=OTc0TUg/J5ACXBRMAUgAQAFIAEABSABAAUgADkI5LCooJjc0LkhHRiY1Syw7ZINcC1AOQF
202=VQYqwTrA1IKkAWVAAqpAMJFSc+SUxQTkxLWVBEJ3gFoAG1DEo4PAsqnAVQBUgASBJIAEAB
203=SABAAUgAQAEGTkIyRT4yJCIfQE9AIrQnTBBIAFh5VIRUElwgSBVEFyqMAFgWUCZYQFQDSA
204=DGLCM4QAFQREQCvHFMNFAaWAQnHAFYAScsAFQDVCEAAxcrRSIwRWJSPlNNQ0tJRU1KRUU/
205=NkwTRBSoAEwBuBlYAUwBSABAAUgAQwFRRjdTICopJkwBpyNJSkonbAtcF1ARJywDQBZAQ1
206=BcUAVYB1xKVGkJHzBHOTxAO0ROTkY7pAgtFABIhwZORTk/NytIPjJAB0gATAdIAEABSABA
207=AUgAQAFIAEABSABAAUgAQAFIAEABSABAAQNfUDwtLCqwEWYjIjdMH0ghZCP0zEhCQARoAJ
208=RvQARMT0wEQBZ4FoyvVDBABLgrVABMAUAxQBxYKCdUBVwIKiwAJ9QDUztJRDu8EUgSJyAA
209=rAGkLCoUALwCJ5sALSwpLWQEWAFMWye0BUxqSJNAQFAUWBZQF3Z1IjdAAVgBCRUoQkpHQ1
210=BKQ11PP0AHMwgADFBIPFFGNlVJOF9RPmdTOkgPSABYEEgAQAFIAEABSABAAUgAQAFIAEAB
211=SABAAUgACU9BLywuLTY1MSUsNFgQSABEEUQsQBBcI5klN0QjuCVUP2AB9IoqLABQBaR0UA
212=JYK0AxfhcpREBkJ2gAJ4QdVC1ADQ8eLkE3Pkc1P0hbUD9JRj9JQzhcEUATSABAAUgAQAFI
213=AEABSAAqkAVQAkgAUAJIAAlLQDFHPjNAOjJIPzMzfARXLR8xSUsAFipGSBtMGVgQUFykCC
214=q3BS84RFACMxABAAZsWUFpVDxlUz1USDdaTTxORjpiVUNoVT5cBUgAWBBIAEABSABAAUgA
215=QQFGI4slPzYpWMcGKCwwOjcyLy4rWCJAK0QjXFNcUGgAvFYi3SU4VANELFxrTChQJlCJYA
216=RYr6wE9EJYBFQDSDNQYkwETFVQjEAHsAJsB4A0YgEhN0hIS3VSTEW8GglXTT85NS4rKCRO
217=RDe8FEgVQAFIAEABSABAAUgAQAFIAEABSAAMZFZFWE09V05CXVRHOzgxvAK0CTAXAFNMRU
218=Q7qA9ME6gSKxYDITcn7BIw+ACkAgAGalY+ZlZAWUw7TUQ4UEU3VEs9Qj84UkU1SA8DPjYs
219=TUIzVBIJXU88RDstJCMgKy4xQDpADUg5VGknLABMWFgiWE9IeFw+YgQhNkBPWLJYE1AmQA
220=SwJkgDUClUACqcAlQYuAGwBVQAWBlYRkEHGyO8KlQwTAFYBEgAXAtQGgYXKkMkNEtYTUC0
221=GFQABlFIPDUwKEc/NEIWTkR8swJNRjpMQngBTBlIAFwCSAADbFhBTkU3SAMLWE4/WlBBXE
222=49YVI/X1IoHAFICSoIAANaUkdFSE1QtlRIVEVQF0RBtAlEIEBMTBlQAkwBCBotRxwvSiw5
223=Sl1QNzQBRAsJTE9UVE1ELzlHMTdAQChYHANEQDhKRTtYAQYeKzxORzwwOUK4HEQLWHxAK6
224=gnVAxQfVQATA24JVgiWAFABFQAVBJIXVglrApUJEwHQARQAlQAqAmkMngBKHgLJbwhWARA
225=ByccAUgwSABUpUMHGCg9LbcFSkA0QBknCAAADkhDOUpCNVVQRl5WSklBNU9DNFZNP0hEO0
226=E6L2ZYRmxbS+c9YlUuhCAn+AAnIABUMyqMMFAdVBJUGEQRvEFYE1ACdAAABCZAGCg6FytI
227=JThUXlNHREhMVFdXZFTYLglgVEVCRk02RVgnO1vPUiM5DyMALFQkWAcq9ARILUgAmSU3UA
228=WoHlhbXAVID6QmQBC8AkABQBBYmkgwSBJMBEgG7F5EKXSKnQs3J+wAUAVALlxETBlADVhY
229=TGEqHAFYB1gBSBJUA1gQVC0GHjFOXE9AUExIRCMGYFNDSEpMZFRCTAEgJAgACVdORBwuSR
230=gtShYoPVwXvBS8WVgBWBNISEhdTBZUEkgAWBxIVAkWKUQQIjgXKkU4Qk9I5EgAVORfNSAx
231=SEi9WwQRIzlcUNQhTgEnQaQmhCkoZARiBCdCSB5cBUgeSAasW0ABagMoQ5wCJRQ8RClIAF
232=gEXAtANyqMACosAFgWtBhQNZwFJegiQBlAB1QDUAJUMFQAWJFID7ACdgAiN0B2CRwvRyQ5
233=V09PTTQ+TCqcCwZlVUE3QlBeVEYt2AUqXABDT1ZPRlwgQChIAEABSAAshQU2J/wCaiogNS
234=eEBVxBVBJYEKQsuCVQFEhLRHFYFkgnVOQGT1BRJjdOFCU7JOA8uARIA0QFJywAKjQETJRI
235=DExMUB1EDqBPQDpYK7wCXAtMAbwLrAG8AlQ8SBVIAEgSVC1MB0gAUBRICUwKSAykNUgtTA
236=eUD1FcOJwLIshCTAS8CFQwRAhMBFwFVC1EBUhmVABHAhAiN0gbQA1cAlxcJ+QFAxotRhYp
237=Q1AdUEpXLSAwRiEDO0ZHR5wCBEQYLEg4P0lAfEghWDRIewY8Q08lNk4YKkNYBEAWZgsjOk
238=wZTAFIG1ALrDFQF0QsSA9IIVQSWCVAE9YtITYnVAJIEkQISCpY90gYWEZYJVwFQAesBFwI
239=cAIjfCtQAkgAUB1AVVgKXAKsAVQkWCVcC0gJXAUnTAFYAScsAFwCXAVQFFgEZSwhKFwMJ4
240=wAVBhIGCy0BSf0QKCUImQ9XAhQFKQsJ4wDQBAnLABYHEgPuARcDkQvWBZAFlAjWC5YAVAd
241=U0oSJT8pjQA4vB1YYUhOUBRTCBouS1wRSAlYB0wTVD9IFUQ4WAFAAQn///8VKEElM0gRJT
242=0qxARADVQtRB1IEmYFIDVUAHICITdYCqQmVBIntAVYBFACVABQAkQpuBBcBVQVQAdIBkQR
243=sA6oA0wBKO0AIXBKRBREOFQAWBlUAFQGXBFgECYcIlwCrAdUA0QXVAC8BVQbJ3wBLbwAjV
244=tAVBJAAUgDWARMCkQLvAisAVACTBNYFkwESANMFlwCXAsnBAcnnAJMBCcsAEwKXBFID0Ac
245=QElMJSe8AEQsSABQCAkSJD4PITcOHzQRJDsRAAA=

[Actions]
01000000=1,44,0,600,0,0,0,0,A
01000002=1,44,0,600,0,0,0,0,A

[Basic]
Name=TSR Hectic (2-5)
Percent=0
HomeCell=98
InitTime=10000
Official=yes
EndOfGame=no
FreeRadar=no
MaxPlayer=5
MinPlayer=2
SkipScore=no
TrainCrate=no
TruckCrate=no
AltHomeCell=99
OneTimeOnly=no
CarryOverCap=0
NewINIFormat=4
NextScenario=
SkipMapSelect=no
CarryOverMoney=0.000000
AltNextScenario=
MultiplayerOnly=1
IceGrowthEnabled=yes
VeinGrowthEnabled=yes
TiberiumGrowthEnabled=yes
IgnoreGlobalAITriggers=no
TiberiumDeathToVisceroid=no

[CellTags]

[Events]
01000000=1,13,0,30
01000002=1,13,0,750

[Infantry]
0=Neutral,CIV1,256,48,60,1,Guard,64,None,0,-1,0,0,0
1=Neutral,CIV2,256,54,61,1,Guard,64,None,0,-1,0,0,0
2=Neutral,CIV3,256,57,66,1,Guard,64,None,0,-1,0,0,0
3=Neutral,CIV2,256,47,58,1,Guard,64,None,0,-1,0,0,0
4=Neutral,CIV3,256,52,61,0,Guard,64,None,0,-1,0,0,0
5=Neutral,CIV1,256,57,63,0,Guard,64,None,0,-1,0,0,0

[IsoMapPack5]
1=sxAAIAQ8AAEAUQEAVAAFADsAAgBRAQBWAAA8UABoAQEDAAA9yAEFAAAAOgADAE1ABEkAO0
2=gBYARVAjzIAVUCPcgBAQIAAD7IAUcIOQAEmAZVAjrIAVUCO0gBZAhVAjzIAVUCPUkBUEQJ
3=XQo+yAFVAT9IAWwFVAICOAAFAE9IAlkGOUkBTkgBVQI6yAFVATtIAXAUVQI8SQFVSAJJAT
4=1IASdeAQUAaAFBAz9UAs0FQMgBVwI3AAbpDDhIAWwFRQg5SAF0DUEPOsgBXRU7SAFkCFUC
5=PEgB0RQ9yAFRCT5IAcUIP8gBVQJASAF4BkUIQUgB2wY2AAeAD0EEN0gBdA1BDzhIAWQISQ
6=w5SAFwH1UCOsgBTQU7SAHNBTzIAVUCPUgBfApJDD5IAcUIP8gBVQJASAF4Bk0FQUgBYARd
7=CkLIAVcCNQAImBFBDzbIAVkGN0gBeAZVAjhIAd0rOUgBZBNVAjrIAU0FO0gBzQU8yAFVAj
8=1IAXAfSQw+SAFwFEEPP8gBVQJASAF4Bk0FQUgByQxCSAFwFFUCQ0gB1A0BNAAJAGwFQQ81
9=SAFgBFEJNsgBUQk3SAF0DVUCOEgB0Qk5SAHBDzrIAU0FO0gBcAlNBTzIAVUCPUgB2QY+KC
10=kAPygpAEBIAXgGTQVBSAFkE0UIQsgBVQJDSAHVDURIAcMEMwAKiBdBBDRIAcEENUgBdBhB
11=GjbIAUUeN0gBdBhVAjhIAXQNSQw5yAFFCDpIAWAEVQI7yAFVAjxIAWwFRQg9SAFgBFUCPk
12=gBdAJJAT9IAdkRQMgBVQJByAFVDULIAUUIQ0gB3SBESAF4BkEERcgBQwQyAAuAfUUIM0gB
13=YARZETRIAWwbTQU1yAFNBTbIAVUCN8gBVQI4SAFkE1UCOcgBVQI6SAFoF1UCO8gBVQI8yA
14=FVAj3IAVUCPkgBZAhJAT9IAWwQQQRAyAFVAkFIAXAJRRNCyAFdFUNIAWwFSQFEyAFBBEVI
15=Ac0FRsgBQwQxAAyYHF0KMsgBXQozSAFkCFUCNMgBVQI1yAFZBjZIAdknNygpADhIAXgGVQ
16=05yAFNBTpIAXQYVQI7yAFVAjxIAWhDVQI9yAFVAj5IAXwrVQI/yAFVAkBIAWQISQFBSAHV
17=GELIAVUCQ0gBYA9RFERIAcUTRSgpAEZIAXgGQQRHSAFoDE8bMAANkIJVDTFIAdkRMsgBXQ
18=ozSAF4BkEENEgB3Qo1KCkANigpADcoKQA4SAF4EUUIOUgBdA1FCDrIAVUCO0gBYBpZETxI
19=AWAPWRE9yAFVAj5IAXgGVQI/yAFVAkBIAdkGQUgBZBNBBELIAUEEQ8gBSQxEyAFBD0XIAV
20=UCRkgBxRNHSAFoDEEESMgBQwQvAA6IIkkBMMgBSQwxSAHRFDLIAVUNM0gBzRA0yAFRCTXI
21=AUUINkgBeAZVAjfIAVUCOEgBbBBFCDlIAWwQSQw6yAFVAjtIAXgcWQY8yAFZBj1IAXgGVQ
22=I+yAFVAj9IAWwFSQFASQGDVANJAEHIAVUCQkkBf0gCSQBDSQF6XABJAETIAUEERUgBdBhB
23=D0ZIAWgMSQFHSAHFE0jIAVUCScgBWwYuAA+AJUkXL8gBQQQwyAFJDDFIAcUIMsgBQQQzyA
24=FZBjRIAWAPSQE1yAFBBDZIAWwmVQI3yAFVAjhIAWwFQQ85SAFgBEkMOsgBVQI7SAFgBFUC
25=PMgBVQI9SAFsEFUCPsgBVQI/SAFsJl0KQEgBbCZVDUHIAVUCQkgBbCZNBUNIAWwmQQREyA
26=FRCUXIAUEERkgBcAlVAkfIAVUCSEgBwQ9JyAFVAkpIAWgXSwwtABCYJ1UCLkgBdAJFCC/I
27=AVUCMEgBbDFBDzHIAUEEMsgBQQQzyAFVAjTIAVUCNUgBfCBJATbIAUEEN8gBVQI4yAFNED
28=lIAWAPSQw6yAFVAjtIAWgXTQU8SAFwCVUCPUgBdAJNBT7IAVUCP0gB0YJASQGESA1JAEHI
29=AUUIQkgBRAJpAEMoKQBESAHRKkXIAVEJRkkBe0QFWQZHSAFwKlUCSEgBwQ9JyAFVAkpIAW
30=QTWQVLyAFbBiwAESY1KC3IAUEELkgBZAhJAS/IAU0FMEgBaAxVAjHIAVUCMkgBdC5JDDPI
31=AUUeNMgBVQI1SAHBDzbIAVkGN0gBeAZJAThIAXAqXQo5yAFVAjpIAcEEO0gB2RE8yAFBBD
32=1IAdkGPsgBVQI/SQFVXABRCUBIAXwrWRFByAFZEUJIAVADaQBDKCkARCgpAEVJAXtYA1kG
33=RkgBdFpVAUdIAXQCSQFIyAFVDElIAWwQSQFKSAF4HFkGS8gBVQ1MSAHPJisAEogtQQQsyA
34=FBBC3IAVUCLkgBeBxJAS/IAUEEMEgBZAhVAjHIAVUCMkgB1SMzSAFsEEUTNMgBWRE1SAHZ
35=ETbIAVkGN0gBeAZJAThIAXgGXQo5yAFVAjpIAcEEO0gB2RE8yAFBBD1IAdkGPkgBZIFBDz
36=/IAUEPQEkBkUgCSQBByAFVAkJIAUQCaQBDKCkARCgpAEUoKQBGSAF0LlkGR0gBdC5RFEjI
37=AU0QSUgBbBBJAUpIAXAUQQtLyAFZBkxIAc0mTcgBTwUqABOAME0FK0gBeBxJASzIAVkGLU
38=gBfApVAi4oKQAvyAFBBDDIAUEEMcgBVQIySAFwCUkMM0gBZAhdFTTIAVUCNUgBeBFZBjbI
39=AVkGN0gBZDRVAjjIAVUCOUgBcAlJATpIAXAJSQE7SQGAQAVJADzIAVUCPUgBYCVVAj4oKQ
40=A/SAF4MkEPQEgBbDFZEUHIAVUCQkgBSAZpAEMoKQBEKCkARSgpAEYoKQBHSQF5cwYAAEjI
41=AU0QScgBSQxKSAHZHEvIAUEETEgBwXJNSAFkHlUCTkgB3zYpABQjPClJCyrIAUEEK0gBfC
42=BdCizIAUkXLcgBTQUuyAFNBS9IAcEPMMgBVQIxSAF4J1kGMsgBVQIzyAFFCDTIAVUCNUgB
43=ZAhVDTbIAVkGN0gBfBVVAjjIAVUCOUkBglgHSQA6yAFFCDtIAWQ0TQU8yAFNBT1IAWQ0QQ
44=Q+KCkAP0gBVAdpAEAoKQBBKCkAQigpAEMoKQBEKCkARSgpAEYoKQBHSAFkNEEPSMgBAQQA
45=AEnIAQEFAABKSAHZHEtIAXQjURBMyAFRFE1IAWAEVQJOyAFVAk9IAXA1XwooABUjkERBBC
46=nIAUEEKkgB0QkryAFdICzIAVkGLUgB1TkuyAFVAi9IAXQNTQUwyAFVAjFIAXAJVQIyyAFV
47=AjPIAVUCNMgBVQI1SAFkNFkRNsgBWRE3SAF0DVUCOMgBVQI5SAF8NkUIOsgBRQg7SAF8Nk
48=ElPMgBQSU9SAFUB2kAPigpAD8oKQBAKCkAQSgpAEIoKQBDKCkARCgpAEUoKQBGKCkARygp
49=AEhJAXZ4Dn42FQBoAUkXSlQCYCVBA0tIAdUjTMgBVRhNSAFgBE0bTsgBVQJPSAHVI1DIAV
50=MJJwAWIxwlTQUoSAF4Bl0KKcgBQQQqSAF4PVUCK8gBVQIsSAHdeC1IAdkGLsgBQQQvyAFZ
51=BjDIAVUCMUgBfBVZETJIAXgGQQ8zyAFVAjRIAd0KNUgBfBVBBDbIAUEEN0gBdDlVAjjIAV
52=UCOUkBiEgNSQA6yAFVDTvIAU0FPEgBUANpAD0oKQA+KCkAPygpAEAoKQBBKCkAQkkBl1AK
53=SQBDyAFdCkRJAZhIAkELRcgBVQFGSAFEAmkARygpAEhIAWg4WQZJyAFJF0pIAd0gS8gBXQ
54=ZMSAF4HEkBTcgBXQpOyAFVAk/IAVUCUEgBYCVRCVFIAXAJQwQmABeAqVUCJ0gB1QIoyAFN
55=ECnIAUEEKkgBbDxVAivIAVUCLEgBcDVRCS1IAWQIQQQuyAFBBC/IAVUCMMgBVQIxSAHZET
56=JIAdkGMygpADTIAU0FNUgBaAxFCDZIAcUeN8gBTRs4SAFwCU0QOUgBbDxZBjrIAVl0O8gB
57=WXQ8SAFcBGkAPSgpAD4oKQA/KCkAQCgpAEFIAWA7XQpCyAFdCkPIAQEFAQBESAFsPAEDAQ
58=BFyAFBBEZJAWBvDQQAR0kBVakBSEkBVKkBScoBAQRHrRcAuVQCQRpLVALJIkxIAWQeUR9N
59=yAFNEE7IAVUCT8gBVQJQSAFkNEUIUUgBxQhSyAFDBCUAGJx4VQwmyAFNBSdIAc0FKEgBdA
60=1BBCnIAUEEKsgBVQIrSAFsMUkBLMgBTRAtyAFJDC5IAc0xL8gBRQgwSAFkE1kGMcgBVQIy
61=SAFgD1UCM0gBwQ80yAFBBDVIAcEENkgBYARVDTfIAVUNOEgBdA1VAjnIAVUCOkkBh1AKSQ
62=A7yAFRCTxIAUQCaQA9KCkAPigpAD8oKQBAKCkAQUgBZD8BBgQAQsgBAQcDAEPKAQgCRj8Y
63=AGY/BgJFPxh4C20ARkAEZD9BO0dIAWgCAQAEAEgoKQBJKCkASkgBZD8BBAQAS8gBRVVMSA
64=HRH01IAdknTsgBQRpPSAHNMVDIAVUCUUgB0aNSSAFgBFUCU0gBxwgkABkjTCtVAiVIAdEq
65=JsgBWScnSAFgD1EqKEgBwQQpyAFBBCrIAUEEK0gBaAxJASxIAXgGSR0tyAFJDC5IAcU0L8
66=gBRQgwSAF4EVkGMcgBVQIySAFkCFUCM0gBwQ80yAFBBDVIAcEENsgBVQI3SAHFHjgoKQA5
67=KCkAOkgBcIJFEzvIAUUTPMgBVQ09SAFQA2kAPigpAD8oKQBAKCkAQSgpAEJJAWFxBgReQR
68=kAdkQLA11BGZ5BCQNfQRkAUkAEUUBGKK0AR0gBUQIAnUEZhAFJAUkoVQBKSAF8QVUCS8gB
69=XRVMSAHRH01IAdknTsgBXSBPSAHNMVDIAVUCUUgB1SNSSAFgBFUCU0gBZAhVD1TIAUsMIw
70=AaiENJIiTIAU0FJUgBzTEmyAFVAifIAUUIKEgBZBNJASnIAVEJKkgBZD9VAitIAWAPSQEs
71=SAFsBUkMLcgBUQkuyAFBBC/IAUUIMMgBTQUxSAFsEEEEMsgBQQQzSAFwCVUCNMgBVQI1SA
72=FgD1kGNsgBSQw3yAFBBDjIAVkGOcgBVQI6SAF0RE0FO8gBRbg8yAFBcj1IAUgGaQA+KCkA
73=PygpAEAoKQBBKCkAQkgBJ5UIGnQHZT9EVAKNAQRURCdVAEYoVQBHKCkASCgpAEkoKQBKKC
74=kAS0gBYEZBiEzIAV0VTUgBzSZOSAFoIkUOT8gBRR5QSAHBBFHIAVUCUkgBbAVJAVNIAXRE
75=RSlUSAHNBVXIAUMEIgAbI/wgQQQjSAHNPCTIAUEEJUgBZAhBDyZIAcFRJygpAChIAWg4RQ
76=gpyAFBMCpIAWwQVQIrSAF8CkkBLMgBQQQtyAFVAi5IAcUIL8gBQQQwSAHBDzFIAWgXTQUy
77=yAFBBDNIAdkGNMgBVQI1yAFdFTbIAVUYN0gBeBFBBDjIAVEJOcgBVQI6SAFoDFkGO0kBhV
78=wASQA8yAFFCD1IAUQCaQA+KCkAPygpAEBJAVl7AwQAQUgBJaUgQkkBXlQCQYhDSAFEAa1H
79=G4QBXYNFKFUARigpAEcoKQBIKCkASSgpAEooKQBLSQG6ewkEAEzIAV0VTUgBYBpZHE5IAX
80=AfSQFPyAFFHlBIAcEEUcgBVQJSSAHNPFMoKQBUSAHNBVVIAdkyVsgBVw0hABwmXW8iSAF0
81=DUUSI0gBZD9JASTIAU0FJUgBfDZVAiZIAdUNJ0gBaAxVAihIAdUCKSgpACooKQArKCkALC
82=gpAC0oKQAuKCkALygoAAUwABwAUQEAABEAAAkQACAGAgAAMQAcAIIAgAABMgAcAGgBAQEA
83=ADNJAVVcAF0CNCgpADVJAU5UAlkGNsgBAQMAADfIAUEDOEkBTVwAWQY5yAFVATpJAU9cAF
84=kGO0kBhVQDSQE8yAFFCD1IAVACaQA+KCkAPygpAEBJAWF7AwQAQUgBZAEBAAQAQigpAEMo
85=KQBEKCkARSgpAEYoKQBHKCkASCgpAEkoKQBKKCkASygpAExJAbpEDwEEBABNyAEBBQAATk
86=gBbBtBA09IAdEfUMgBUR5RSAHBBFJIAcEEU8gBQQRUSQFQXABFCFXIAVUBVkgBzQVXyAFU
87=AgEgAB0AwTAhyAFZJyJIAWwFUSojSAFwCUkBJMgBQQQlSAHZBiZIAcE7J0gBZBNNBSjIAU
88=0FKUkBUUgNVQIqKCkAK8gBQQQsSAHZBi3IAVUCLsgBWQYvyAFVAjBJAYNAG0kAMcgBSQsy
89=SAF8TEEEM0kBe1QDWQY0yAFVATXIAU0FNkgByRc3yAFZBjhIAcUeOcgBVQI6SAFoF1kGO0
90=kBikQJSQA8yAFVAj1JAW5IAkkAPsgBVQI/SQFvSAJJAEBIASedCR1AAkgAfEwnKQBDQARN
91=AgBVT0QoKQBFKCkARigpAEcoKQBIKCkASSgpAEooKQBLKCkATEkBu2wMfkwdAGgBURROVQ
92=JPXABBJU9IAdEfUMgBUR9RSAHBBFJIAcEEU8gBQQRUSAHJQ1XIAVUCVkgBzQVXSQFOSAxN
93=D1jIAVQBAR8AHgBwKlUCIEgBbAVJASHIAUEEIkgBwQQjSAHFCCTIAUEEJcgBWQYmSAEn9g
94=keANEJKFQCaAFNBSlIAXAUTQUqSAF0AkkBK8gBQQQsSAHBBC3IAVUCLkgBzQUvyAFVAjBI
95=AXRPTSYxyAFFHjJIAUwKaQAzKCkANEgBwVE1yAFNBTZJAXxEBVEJN0kBf0gBSQA4KCkAOU
96=gBeAZVAjrIAU0FO0gBdE9BDzzIAVEJPUkBbkAFVQI+yAFVAj9JAW9UAlkGQEkBXkgBUUtB
97=SAFkAUkBQigpAEMoKQBEKCkARSgpAEYoKQBHKCkASCgpAEkoKQBKKCkASygpAEwoKQBNSA
98=F0T0GeTsgBQZ5PSAHJLVBJAU9cFkEVUcgBVQFSyAFVAlPIAVUCVEgB3TZVyAFVAlZIAd1B
99=V0kBTkgCVSNYyAFVI1lIAWgMVAIBHgAfAGQISQEfSAFoTkkBIEgBeBFJASHIAVkGIkgB3Q
100=ojSAHdCiTIAUEEJcgBWQYmSAHNBSdIAdEJKMgBTQUpSAHBDypIAcEEK8gBQQQsSAHBBC3I
101=AVUCLkgBzQUvyAFVAjBJAYdII0kAMcgBUR4ySAFEAmkAMygpADQoKQA1SAFgUV0VNsgBUQ
102=k3SAFsUkUIOCgpADlIAWxSTQU6yAFNBTtIAXwgSQE8SAFkE1kGPcgBVQI+yAFZBj/IAVUC
103=QEgBbVIBZe8fYBRtn0JUAo8BBABDKCkARCgpAEUoKQBGKCkARygpAEgoKQBJKCkASigpAE
104=soKQBMKCkATUgBcPBdYk7IAVUYT0gBYBpJF1BIAcFGUcgBVRhSyAFBBFNIAXA1WRdUyAFF
105=CFVIAXgGVQJWyAFVAldIAclDWEgBaE5VAllIAXQNTQVayAFXAh0AIIjzSQEeyAFBBB9IAd
106=0KIMgBQQQhSAHNECJIAckMI0gBZDRZBiRIAdUCJSgpACYoKQAnSQFYQAVdIChJAVKpASnI
107=AVE1KkkBVbUCKygpACwoKQAtSQFToQQuyAFZBi9IAdEJMEkBUKEEMcgBSRcySAFwAk0AMy
108=gpADQoKQA1KCkANigpADcoKQA4KCkAOUkBd0QJSQA6yAFJDDtIAXwrUTU8yAFJOD3IAUEE
109=PkgBeCdBBD/IAUEEQEgBZFVJIkFIAUwKpVUghAFVAkMoVQBEKCkARSgpAEYoKQBHKCkASC
110=gpAEkoKQBKKCkASygpAEwoKQBNKCkATkgBcFZBqU/IAUGpUEgB2T1RyAFNG1JIAXxMURZT
111=SAHZHFTIAVkcVUgBZEpRH1ZIAWAlTQVXyAFFCFhIAWAEVQJZyAFVAlpIAWwFRQhbSAHDBB
112=wAIZBWUQkdyAFBBB7IAVUCH0gBwVEgKCkAIUgByRciyAFJDCNIAckXJMgBVQIlSAFsBVEJ
113=JsgBSQwnSQFgRBRZMihIAWQBSQEpKCkAKigpACsoKQAsKCkALSgpAC4oKQAvKCkAMCgpAD
114=FIAWhZQTAyyAFBMDNIAYMPAAA0KCkANSgpADYoKQA3KCkAOCgpADlJAXmpCDrIAUUeO8gB
115=RR48SAFwH1UCPUgBwTA+SAFgMEEEP8gBSSJASAF8V1VwQUgBmAoi7SkhhAFVI0MoVQBEKC
116=kARSgpAEYoKQBHKCkASCgpAEkoKQBKKCkASygpAEwoKQBNKCkATkkBuXcQBABPyAFBGlBI
117=AWwbVRhRSAFkVU0EUsgBQQRTSAF4HFUCVMgBVQJVSAF4BlUCVkgBaCJFCFfIAV0gWEgBeA
118=ZVAlnIAVUCWkgBeAZFCFtIAXgGRQhcyAFUAgEbACIAeAZJARxIAcEEHcgBVQIeyAFZBh/I
119=AVUCIMgBVQIhyAFVAiJIAXQNQQ8jSAF0WlkRJMgBVQIlSAF0DVkGJsgBWQYnSAF0Wkk4KE
120=gBUANpkCkoKQAqKCkAKygpACwoKQAtKCkALigpAC8oKQAwKCkAMUkBT28MBAAyyAFNEDNI
121=AXACTQA0KCkANSgpADYoKQA3KCkAOCgpADlIAXRaWRw6yAEBBAAAO8gBQWc8SAHVIz1IAW
122=Q/QQ8+SAFgJUEPP8gBVQJASQGnSAJZJ0HJAQN1WiJMAkgAIvwgJykAREAETAJtJkUoKQBG
123=KCkARygpAEgoKQBJKCkASigpAEsoKQBMKCkATSgpAE4oKQBPSAFgXF2DUMgBWRxRSAFsG0
124=kXUsgBSSJTSAFkP1UCVMgBVQJVSAFoIlkXVsgBUR9XSAHJIljIAVUCWUgBfApJAVpIAXAJ
125=SQFbyAFFCFzIAVUCXSgrABoAI4BcQQ8byAFBDxxIAWxdVQIdyAFVAh7IAVEJH8gBUQkgSA
126=HRFCHIAVUCIkgBZAhJASPIAVkGJMgBVQIlSAFwFEkMJsgBSQwnSAElqTwoSAFIBn02KSgp
127=ACooKQArKCkALCgpAC0oKQAuKCkALygpADAoKQAxKCkAMkgBeF5RNTPIAVE1NEgBjxAAAD
128=UoKQA2KCkANygpADgoKQA5KCkAOkgBJTEiO8gBUR88SAFwNVEfPcgBUR8+SAFgO1UCP8gB
129=VQJASAFsBVkGQUgBeF5FE0JJAahoE29dIwCpqQFEVAJkAV26RSgpAEYoKQBHKCkASCgpAE
130=koKQBKKCkASygpAEwoKQBNKCkATigpAE9JAbhnDwQAUMgBXRVRSAFgGkEDUsgBVQJTyAFV
131=AlRIASUhIFVIAXhIUR9WyAFRH1dIAWQIVQJYyAFVAllIAWgiSQFaSAF4SEkBW8gBTQVcyA
132=FVAl0oKQBeyAFDBBkAJCaJIhrIAVkRG8gBURQcSAF8ClUCHcgBVQIeSAF0WkUIH8gBSQwg
133=SAHJFyHIAVUCIkgBbAVJASPIAVkGJMgBVQIlSAFsG0kMJsgBSQwnSAFg9kk4KEgBUAOlYC
134=SEAVUCKihVACsoKQAsKCkALSgpAC4oKQAvKCkAMCgpADEoKQAySQFOcwwEADPIAVkRNEgB
135=cAJNADUoKQA2KCkANygpADgoKQA5KCkAOkgBJwYMJABoAV0KPFQCbCZdID3IAVUCPsgBVQ
136=0/yAFVAkBIAdk9QUgBcCpVAkJIAWRgSQFDSAFkYF0rRMgBWcFFSQGqRAlNJkZIAWQBSQFH
137=KCkASEkBM0wGVQJJyAFN7ErIAQECBABLSAHZBkwoKQBNKCkATkkBsWQEIg4jJABoAVkRUF
138=QCbBtBA1HIAVUCUsgBVQJTSAHZXlQoKQBVSAFsG0EEVsgBWQZXyAFVAlgoKQBZyAFBBFpI
139=AXQjQQRbyAFVAlxIAXAJSQFdSAF4EUkBXkgBdAJNBV/IAVcCGAAlI9BMTTEZSAHRCRpIAX
140=gGQSQbyAFBBBxIAXxiVQIdyAFVAh5IAWwFXQofyAFdCiDIAVUCIcgBVQIiSAHRHyNIAXQN
141=UQkkyAFRCSVIAXxiVQImyAFVAidIAXxiRTQoSAFMCr1iJYQBSTgqKFUAKygpACwoKQAtKC
142=kALigpAC8oKQAwKCkAMSgpADIoKQAzSAFoZFHENMgBSbE1SAGyEAA2KCkANygpADgoKQA5
143=KCkAOkkBcr0GO8gBVSM8SAFwH0kBPUgBcCpRHz7IAUkiP8gBVQJASAFsMU0FQUgBYDtVAk
144=JIAWQISQtDyAFBBERIAWhkXRVFSAF8YlEJRsgBVWVHSQEsQAVFKUjIAUktScgBUWFKyAFN
145=BUvIAV0gTEkBq0gNWQZNyAFZBk5IAXBhSQxPSAFwFE0EUMgBVQxRSAF8FVUCUsgBVQJTSA
146=FkHlUCVMgBVQJVSAF0RFUCVsgBVQJXSAHZSFhIAXAJVQ1ZyAFdIFpIAXgGVQJbyAFVAlxI
147=AWwFUQldyAFRCV5IAdEUX8gBVQJgSAFkKUcIFwAmiGRZBhjIAUEEGUgByQwayAFJDBtIAd
148=kGHMgBVQIdSAHJDB5IAXgcXQofyAFBBCDIAVUCIcgBVQIiSAHZHCNIAXgGQQ8kyAFZESXI
149=AVUCJkkBWUgCTTEnSAEloUYoSAFwAlUCKSgpACooKQArKCkALCgpAC0oKQAuKCkALygpAD
150=AoKQAxKCkAMkkBlk4RBANWyCYAaAEBBQMANNUCBiIcJbYCBwBVZSaAE1EAN0AEWABpADgo
151=KQA5SQF1bwIAADrIAUkLO0gBYGdVIzxIAWgtSQE9SAFgO1knPsgBVQI/SAF0LlUCQMgBVQ
152=JBSAFkKUkLQsgBXQpDSAFkCEkBRMgBQQRFyAFVAkZIAWBnTWhHSAF0ZUkBSMgBAQYEAEnI
153=AQEHBABKyQEIdsgmAGwFAQkAAExUAnRlWRFNyAFZEU5IAXAUVQ1PyAFVDVDIAVUCUcgBVQ
154=JSSAFwFFkGU0gBdBhRCVTIAVUCVUgB0QlWyAFZBlfIAVEJWEgBbCZJAVnIAUEEWsgBVQJb
155=yAFVAlxIAXQNSQxdyAFJDF5IAWgMVQJfyAFVAmBIAWwFRQhhyAFHCBYAJyahZxdIAWAEWQ
156=YYyAFZBhlIAXgRVQIayAFVAhtIAWgMUQkcyAFRCR1IAWQIVQIeSAF4BkkBH8gBQQQgSAHB
157=BCHIAVUCIkgBwSUjyAFJDCTIAUEPJcgBVQImSQFfUApRmCdIAUQBecwoKCkAKSgpACooKQ
158=ArKCkALCgpAC0oKQAuKCkALygpADAoKQAxKCkAMkgBYWcIbWgnjmgJAkxoqAEBCgEANcEE
159=C21oJ4wUUQA3VAJYAGkAOCgpADlIAWxoWRw6yAFZHDtIAXgnVQI8SQGDcwYAAD3IAU0mPk
160=kBfrUCP8gBVQJASAEiaGBBA0FJAXpcAEkAQsgBBQEAAEMAJwBNEQAAqRAAIAgBAAADAABE
161=ACcATUgBAwIAAEUAJ4gBAQMAAEZJAVFUAgEAAABHyAFVAUhJASxcAAELAABJyAEBDAAASs
162=gBAQ0AAEtIAdkGTMgBWQVNSQFOXABRCU7IAVUBT0gBYA9JAVBJAU9cAE0QUcgBTRBSyAFB
163=A1NIAWwFRQhUyAFVAlVIAdkGVsgBWQZXyAFRCVhIAXgRSQFZyAFBBFrIAVUCW8gBVQJcyA
164=FJDF3IAUkMXkgByRdfyAFVAmBIAXwKTQVhyAFVAmJJAVBcAEgAARUAKABgBEkBFsgBVQ0X
165=SAHVGBhIAXwKVQIZyAFNEBpIAWQIVQIbSAHNGxzIAUEEHUgBZAhBBB5IAWgMSQEfyAFBBC
166=BIAcEEIcgBVQIiSAF8Cl0VI8gBRRMkSAFoDFUCJcgBVQImSQFgSgIABFkZKGEBAEkBKFQC
167=jwEEACkoKQAqKCkAKygpACwoKQAtKCkALigpAC8oKQAwKCkAMSgpADIoKQAzSQGVWBIBAA
168=MANMgBAQECADXIAQECAQA2yAFZHDdIAZMUAAA4KCkAOUkBdrkCOsgBXQk7SAFgJUEDPEkB
169=g1wARSk9yAFRCT5JAX61Aj/IAVUCQEkBf1QCRQhBSQF6SAFZBkLIAUEEQ8gBQQNEyAFNBU
170=VIAXQNSQFGSAHdNkdJAVVIAk0FSCgpAElJAVi1AkpIAWwFVQFLyAFVDUxIAXAJWQZNyAFB
171=BE5IAdU5T8gBVQJQSAHFP1EoKQBSyAFBBFNIAdkGVMgBVQJVyAFJDFbIAVUCV8gBVQJYSA
172=HJF1koKQBaKCkAWygpAFxIAXQYSRddyAFBJV5IAcVgX8gBVQJgSAHNBWHIAVUCYkgBdBhJ
173=AWNIAWAETRAUSFFoAV0KFcgBQQQWSAHVIxfIAUEEGMgBQQQZSAFwCVUCGkgBzQUbSAF4EV
174=0KHMgBRR4dyAFVAh5IAdkGH8gBUQkgSAHNECFIAXAJXQoiSAHNBSPIAU0FJEgBaC1BBCXI
175=AVUCJkkBYF0LAX1tKUABSQAEUBwnKQApQARMAnVwKigpACsoKQAsKCkALSgpAC4oKQAvKC
176=kAMCgpADEoKQAyKCkAM0gBfW0Efm0pAGoBBQNcbaoBBgBcbagBAQcAADdMBYQTfG3fFQAA
177=OVQCfG1ZHDrIAVkcO0gB1SM8SQGHvQY9yAFJLT5IAbICAD8oKQBAKCkAQSgpAEJIAdVwQ0
178=gB1XBEyAFVDUVIAXQNSQFGSAHBO0dIAdFWSCgpAElJAX2lD0rIAVkRS0gBZAhBA0zIAUEa
179=TcgBXQpOSAHdCk/IAVkGUEgBbDxZBlFIAWhDSQFSyAFBBFNIAWhDVQJUyAFVAlVIAXgGSQ
180=xWyAFJDFfIAVUCWMgBVQJZSAF8ClUCWsgBVQJbSAF4EVUCXMgBSQxdyAFJDF5IAcEPX8gB
181=VQJgyAFNBWHIAVUCYkgBcB9JAWNIAdUNZEgBdAJMBQETACoA1Q0USAFgBFUCFUgBwQQWyA
182=FFCBdIAcEPGEgBzQUZyAFBBBpIAXgGSRcbSAHdChzIAU0bHcgBQQQeSAHRCR/IAUUIIEgB
183=3QohSAFwCVkRIsgBQQQjSAHZBiTIAVUCJUgB3UEmSQFeTAZJ3SdIAWQBSQEoKCkAKSgpAC
184=ooKQArKCkALCgpAC0oKQAuKCkALygpADAoKQAxKCkAMigpADMoKQA0SAF2cAkEVXAqgXIK
185=dXAqjBRRADdABFgAaQA4SQFvYAF3cCoAc6kBOlQCaAFFHjtJAYq1AjzIAVUCPUgBsgIAPk
186=kBl0gCSQA/yAFVLkBJAZhIAlEEQcgBVQFCSAFEAmkAQ0kBdWMBAABEyAFBBEVIAXQuSThG
187=SAHBO0dIAdl/SMgBTQVJSAF0cFUNSsgBWQZLSAF0OVUCTEgBcAlVDE3IAVkGTkgB3QpPSA
188=HBBFDIAUEEUUgBaENFCFLIAV0KU0gBbAVVAlTIAVUCVcgBVQJWyAFVAlcoKQBYyAFBBFlI
189=AWQTWRFayAFVDVtIAXwKVQJcSAHFE13IAVEJXkgBYARFCF/IAVUCYMgBVQJhyAFVAmLIAV
190=EJY8gBSQxkSAFgD00FZcgBTwUSACsjwClJARNIAWAPWQYUSAHRHxVIAdkGFsgBTQUXSAHZ
191=ERhIAc0FGcgBQQQaSAF4BlEJG8gBTRAcSAHJDB1IAXgGQQQeSAHRCR/IAUUIIEgBYARdFS
192=FIAXAJSQEiyAFBBCNIAdkGJMgBVQIlSAFsBUkBJkgBbHOH5CsAqUgNjXMrYAF54ilABI0B
193=BEAiJ1UAKyhVACwoKQAtKCkALkkBM0wRUQkvyAFJDDDIAQECBAAxSAHdCjIoKQAzSQGxew
194=IEADRJAcBpAQBOcysAaAFVIzZUAtVwNygpADjIAUEEOUkBc1gGTQ86yAFZHDtIAWxzVQI8
195=yAFVAj1IAWBySQE+ygEEAEbkKwB0AgEFAQBAVAJscwEDAQBByAFBBELIAQEFAABDSAFsc1
196=0KRMgBUQlFSAHVcEbIAUUTR0kBLVwAURNIyAFJIknIAUkiSsgBAQMEAEvIAVUNTEgByThN
197=yAFJDE5IAdVET0gBwQRQSAHVAlFIAXQCVQ1SyAFND1NJAU9cAFUCVMgBVQFVSAF8QVUCVs
198=gBVQJXSAFwS0kBWEgBwQRZyAFFHlrIAVkRW0gBdA1VAlzIAVUCXUkBTVgHSQFeSQFRSAFB
199=BF/IAVUCYEkBVVQCQQ9hSQFQSAFVAmLIAU0FY8gBVQJkSAHNBWVJAU9MBUkAZkgBfApECA
200=ERACwAdAJJARLIAUEEE0kBTlwAUQkUyAFRCRVIAXQNTQUWyAFNBBdIAXwVVQIYSAHBBBlJ
201=AYBIAkkAGsgBTQUbSAEibCRVAhzIAVUCHUgBeBFVDR7IAVUNH8gBVQIgSAFoDEkBIcgBQQ
202=QiSAF0DVUCI8gBVQIkSAFoF0kMJcgBSQwmSQGoSAJJASdIAWR2WQYoyAFNRylJAaxBBABm
203=diwAaAFdTCtVAqu1AizIAVUCLUkBLEQJTQUuyAFVAi/IAU1SMMgBXQoxyAEBBAQAMkgBcA
204=lNBTNIAWR2TRA0SAHdFTXIAUkLNkkBb0APSQE3KCkAOEgB1Tk5KCkAOkgB1SM7yAFdIDxI
205=AXwKSQw9SAFucwYEVeksmnQHA0R2qgEIAkZ2LABmdgYCRXYsWA6JAEJYBoABZ3YsAFZtAQ
206=RU6agBVRhFQQRTtQJGyAFVAkdIAWR2AQUEAEjIAUEPScgBAQcEAErJAQhmdiwAbAUBCQQA
207=TFUCUlAJRQhNSQG6awEAAE5IAdUYT0kBT1whQQNQSAHVAlFIAdFAUsgBUR9TSAFsBVEfVM
208=gBVQJVSAHBJVbIAVUCV0gBdE9JAVhIAcEEWcgBVQJaSAFoDEEPW8gBWRBcSAFoDFUCXcgB
209=VQJeSAFkCFUCX8gBVQJgSAHdNmFIAXgGVQJiSAF0GE0FY8gBVQJkKCkAZUgB2QZmKCkAZ0
210=gBfBVPBRAALYzsSQERSAF8CkUeEsgBSRcTSAHJDBTIAU0FFUgBYBpNBRZJAYBAEEkAF8gB
211=QQQYSAEiNDNVAhlIAWAETQUayAFdChtIAXx4VQIcSAHNBR0oKQAeKCkAHygpACAoKQAhSQ
212=F7XAtJACLIAUEPI0gBzRskSAFoF0kMJcgBQQ8mSAF4HFkGJ8gBWQYoSAFoek3LKUgBcHdZ
213=BirIAVkGK0gBaG9UAkFOAGgBVQItVAJ8eFkGLsgBRVUvyAFFVTDIAUVVMcoBCQBdeC3lCD
214=NVAldAEFkRNEgB3RU1yAFJDDZIAXwVQQ83yAFVAjhIAXRERQc5SAHZJzpJAVhECQEABAA7
215=SQFVqQE8KCkAPUgBaGRBBD5IAWl6Cn14LYp6CwNdeC2eeAkDX3gtAFSlCEJMBWgBRWtDSA
216=F8eE2UREkBfFgSUQlFSQF0qQFGKCkARygpAEhJATWhBEnIAVEJSsgBUQlLSAHFCExJAXat
217=BU1IAXx4TZ9OyAFJLU9IAckiUEgBfCBdFFFIAXQCSQFSyAFVI1NIAWAEXQlUSAFoQ0EEVU
218=gB3VdWyAFRKldIAWwFQQRYSAFgBEkBWcgBUQlayAFRCVvIAVkGXEgBYA9VAl3IAVUCXkgB
219=cAlVAl/IAVUCYEkBVUQJXQphSAF4BlUCYkgBxT9jyAFVAmRIAXwVWQVlSAFwCVkGZsgBVQ
220=JnSAHBBGhIAcMEDwAuiHpBDxDIAVEJEcgBRQgSSAHVDRMoKQAUSQGCVANJABXIAUkMFkkB
221=gEgCUQkXyAFRCRhIAWhOQQQZSAFgBAEEAAAayAFFNBtIAVQGaQAcSAHNBR0oKQAeKCkAHy
222=gpACAoKQAhSAF0e0EPIsgBQQ8jSAFkHkkBJEgBZB5BBCXIAVUCJkgBcCpFDyfIAVEUKEgB
223=1TkpyAFVAiooKQArSAF8ClkGLEgBxQgtyAFNBS5IAWB9AQsAAC/IAQEMAAAwyAEBDQAAMc
224=kBDnV7LiPIYVEJM1QC2T00SAHdCjXIAV0KNsgBTQU3yAFVAjhIAWwmVQI5yAFVAjpJAWFJ
225=AgB2ey4AyW88VALBZz0oKQA+KCkAPygpAEAoKQBBKCkAQigpAEMoKQBESQFyUCtVDUUoKQ
226=BGKCkAR0kBdaEESEgBYBNNBUkoKQBKKCkAS0kBe60FTEgB3QpNSAHBfU5JAblrCAQAT8gB
227=RR5QSAHNPFFIAXgnUQhSyAFZPVNIAWAERQdUSAFoOEEEVUgBYFxVAlbIAVEJV0gBbAVBBF
228=hIAXxBSQFZyAFRCVpIAWAEWQZbyAFZBlzIAVUCXcgBVQJeSAHBO19IAWAPRQhgSAFkCF0K
229=YUgBdAJZBmLIAVkGY8gBQQRkyAFZBmVIAdkGZsgBVQJnSAFkCEkBaEgBwQRpyAFVAg5IUX
230=gcUQkPSAF0I1UNEMgBVQ0RSAFkCEEEEsgBWQYTSAF4Bk0FFEgBbH5BBBXIAUEEFkkBgFQD
231=SXoXyAFJehhIAVACaQAZKCkAGigpABsoKQAcKCkAHSgpAB4oKQAfKCkAICgpACFJAXdjDA
232=AAIsgBVRgjSAF8FUkBJMgBTQQlyAFVAiZIAXAfVRgnyAFVGChIAc08KcgBVQIqKCkAK0gB
233=1SMsSAHVOS1JAVdQCkkMLigpAC8oKQAwSAFsMU0EMUgB2QYySAF0Ak0QM8gBVQ00SAHFEz
234=XIAVUCNsgBTQU3yAFVAjhIAWx+XQo5SAFcD2kAOkgBJ84PLwDNaDxUAs1oPSgpAD4oKQA/
235=KCkAQCgpAEEoKQBCKCkAQygpAEQoKQBFKCkARigpAEcoKQBISAHdjkkoKQBKKCkAS0gB0R
236=RMKCkATSgpAE5IAdl/T0gBeH9d/FDIAUlOUUgBeCdBIVJIAXA1SQFTSAHJLVRIAWhDVQJV
237=yAFRKlbIAVEqV0gBbAVBBFhIAdEJWcgBSS1aSAFgBFkGW8gBWQZcyAFVAl3IAVUCXkgB2T
238=1fSAF4EUUIYEgB3QphSAF0AlkGYsgBWQZjyAFNEGTIAVkGZUgBYA9VAmbIAVUCZ0gBcFZV
239=AmjIAVUCaUgBbAVJAWpIAdUNDVjPdA1JDA7IAVkGD0gBYARNEBDIAUEEEcgBQQQSyAFRCR
240=NIAXgnTQUUSQGEVANJABXIAUEEFkgBRAJpABcoKQAYKCkAGSgpABooKQAbKCkAHCgpAB0o
241=KQAeKCkAHygpACAoKQAhSQF3eA5mgTAAaAFZESNUAnwVQRokyAFIFwolADAATgEAAAMAAC
242=YAEQAA6Q8AIAMwAE4BAABCACcAqAEBAQAAKEkBTVwAVQIpyAFVASooKQArSQFRSAJBBCxJ
243=AVWpAS1JAX9IAkkALkkBfFwASQAvyAFNBDBIAcEEMSgpADJIAcUIM0gBfApNBTRJAU9cAE
244=UINcgBVQE2SQFYSAIBAAQAN0kBVakBOCgpADlJAVO1AjrIAQEBBAA7SgF7AlsCBAA8SQFy
245=qQE9KCkAPigpAD8oKQBAKCkAQSgpAEIoKQBDKCkARCgpAEUoKQBGKCkARygpAEgoKQBJKC
246=kASigpAEsoKQBMKCkATSgpAE5JAXW1GE9JAbtIG0kiUMgBQSVRSAF4J00EUkgBcCpJAVPI
247=AQEDAABUSAFkP1UCVUgB2T1WyAFFCFfIAUEEWEgB0QlZyAFFCFrIAUEEW8gBVQJcyAFVAl
248=1IAcE7XkgBzRBfyAFNBWBIAd0KYcgBVQJiSAHZBmNIAcUTZMgBRRNlyAFJDGbIAVkGZ0kB
249=UFQDVQJoyAFVAmnIAUEkasgBTQRrSAFwH1QCAQwAMQDJDA3IAUEEDkgB3RUPSAHZERAoKQ
250=ARSAHJFxLIAVUNE0gBcAlNEBRJAYRcC0kBFcgBQQQWSAFQAmkAFygpABgoKQAZKCkAGigp
251=ABsoKQAcKCkAHSgpAB4oKQAfKCkAICgpACFJAXd7DgAAIsgBWRwjSAHZHCTIAVEUJUgBdC
252=NJFyYoKQAnyAFBBChIAdkcKcgBVQIqKCkAK0gB3QosSAHNfi3IAUEPLkgBfINJDC/IAUUI
253=MEgBbAVBBDEoKQAyyAFVFzNJAX1cAEkANMgBTQU1SAF4BlUCNkkBXlwAUWE3SQF8XAtJAT
254=hJAXSpATkoKQA6KCkAO0gB0YI8KCkAPSgpAD4oKQA/KCkAQCgpAEEoKQBCKCkAQygpAEQo
255=KQBFKCkARigpAEcoKQBIKCkASSgpAEooKQBLKCkATCgpAE0oKQBOKCkAT0kBdrEfUEgBaI
256=UBBAQAUcgBAQUAAFJIAXQ5WSZTyAFRKlRIAWBcVQJVSAFgBFEIVsgBUTVXSAHNPFhIAcFG
257=WcgBQQRaSAFgckUIW8gBXQpcSAHdCl1IAcVrXigpAF8oKQBgKCkAYSgpAGIoKQBjSAHFE2
258=TIAUEPZUgByQxmyAFBD2fIAVkRaMgBVQJpSAFwFE0bakgBcAlBBGvIAUEEbEgBeBxUAgEL
259=ADIAzQUMSAFsBVkGDcgBQQ8OSAHBGg9IAWwFWQYQyAFRCRHIAVUCEsgBVQITSAHJDBRJAY
260=VUA0kAFcgBQQQWSAFEAmkAFygpABgoKQAZKCkAGigpABsoKQAcKCkAHSgpAB4oKQAfKCkA
261=ICgpACFJAXR4DnaGMgBoAVkRI1QCfCtRHyTIAVEfJUgBaCJZBSbIAU0FJ8gBVQIoyAFVAi
262=lIAcUIKkkBhlQDSQAryAFBBCxIAWh6SQEtSQEtXABBBC7IAUX6L8oBAgRKuTIAYgQDBEg1
263=qgEEAFoDMgDFCDNQAXSGXRU0yAFdFTVIAcEENkgBdIZdCjdIASWlIDhIAdGCOSgpADooKQ
264=A7KCkAPCgpAD0oKQA+KCkAPygpAEAoKQBBSQF3WBJNlEIoKQBDKCkARCgpAEUoKQBGSAHF
265=E0coKQBIKCkASSgpAEooKQBLKCkATCgpAE0oKQBOKCkAT0gBJYEhUEkBuVQvURRRyAFZMV
266=JIAXg9VRdTSAF4f00EVMgBQQRVSAFsPFUCVsgBVQJXSAHdYlhIAdkGWcgBQQRaSAFgBF0K
267=W8gBUTVcSAFwCVUCXcgBVQJeSAFkCEkBX0gBbGhBBGBIAdVwYUgB0QliyAFNBWPIAUUTZM
268=gBQQ9lSAHJDGbIAU0FZ8gBXQpoyAFVAmnIAVkGakgB3SBryAFBBGxIAdkRbcgBVwIKADMj
269=rCFRCQtIAXQNTRAMyAFRCQ1IAXwVVQIOSAHBBA9IAXQCWQYQyAFRCRHIAVUCEsgBVQITSA
270=HBDxRIAWyJQQQVyAFBBBZIAVgLaQAXKCkAGEkBl0AQSQAZyAFZBhpJAZhIAlEFG8gBVQEc
271=SAFEAmkAHSgpAB4oKQAfKCkAICgpACFIAWCIXQoiyAFZESNIAdkcJMgBSQwlSAHRKibIAU
272=0FJ8gBRQgoyAFVAilIAXBAXREqSAFsiUEEK8gBQQQsSQFZVANdVy1IAWiFAQUEAC7IAQEG
273=BAAvyQEHbYkzjYkIbImqAQkEQjgzACWpMTNNBVKxCTTIAVWGNUgBJdUxNsgBVQI3SAEnLh
274=EzAMV2OVQCyQE6KCkAOygpADwoKQA9KCkAPigpAD8oKQBASAHZdEFJATJnEwMAQkkBK6kB
275=QygpAEQoKQBFSQEzoQRGSAHRFEdJAXJMJ0ElSCgpAEkoKQBKKCkASygpAEwoKQBNKCkATi
276=gpAE8oKQBQSAElMSJRSAF4igEEBABSyAEBBQAAU0gBImAoURNUyAFdQVVJAXtIAkkAVsgB
277=VQJXSAHdYlhIAXBAVRdZyAFFP1pIAdlIW8gBVQJcSAHNBV3IAV0KXsgBXQpfSAF4BlUCYE
278=gBJy4RMwBka1UCYlQCaAFNBWNIAc0QZMgBSQxlSAFgBFkRZsgBVQJnSAFgD0kBaEgBeF5B
279=BGnIAVUCakgB1Q1rSAFgBEkMbEgB2RFtyAFVAm7IAVsGCQA0hBNRCQpIAc0FC0gBZAhVAg
280=zIAU0FDUgB3RUOSAHBBA9IAXQCTRsQyAFJDBFIAXwVRQgSSAHFExNIAXzmTQUUSQGRXABJ
281=ABXIAVkGFkgBRAJpABdIAXiKQQ8YyAFJ8xnIAQEFAQAaSAFkjAEDAQAbyAFBBBxIAXgHTQ
282=AdKCkAHigpAB9JAXBUA0kAIMgBQQ8hSAEnjjM0AGgBVQIjVALZHCTIAVkRJUkBUFQDTRsm
283=yAFVAidIAXgnVQIoyAFVAilIAd0gKkkBh1QOSQAryAFRCCxJAV9IAkFnLUgBZAFJAS5JAT
284=VECUkBL8gBUYIwyQECZow0ACVaMjIAJykAMygpADQoKQA1KCkANigpADdIAcV2OCgpADko
285=KQA6KCkAOygpADwoKQA9KCkAPigpAD8oKQBASAEnhxE0ACpwG2eMNAAhbxsDAENBBBmpAU
286=RJARupAUVJASitBUZJAX93AgQAR0gB3RVIKCkASSgpAEooKQBLKCkATCgpAE0oKQBOKCkA
287=TygpAFBJAXm1DVFJAZZYM1UuUsgBQQNTSAFkjEkBVMgBTTxVSAFkjFUCVsgBVQJXSAHdeF
288=jIAVUCWUgB3UFaSAFwS0UdW8gBQQ5cSAFgBFUCXcgBXQpeyAFFCF9IAd1MYEkBVUwGTQVh
289=SAHVDWLIAU0FY8gBRQhkyAFVAmVIAWQIWQZmyAFRCGcoKQBoSAFwCUEEacgBQQRqSAF8FU
290=kBa0gB0RRsyAFVAm1IAXwKSQxuSAHNBW9IAXAJQwQIADUjEDRJAQlIAWAESQwKSAF4BlEU
291=C8gBRQgMSAHRbA1IAdkcDkgBdAJZBg/IAVkGEMgBWQYRSQGCVANJABLIAVUNE0gBfI5JAR
292=RIAXyOWQYVyAFZBhZIAUgGaQAXSAF8jlH7GMgBAQcDABnKAQgCXo41AH6OBgJdjjVoBm0A
293=HEAEfABNAB0oKQAeSQFzSAJJAB9JAXBcAEEPIMgBQQ8hSQFyVAJJACLIAVEUI0gBfCtNBS
294=TIAU0FJcgBTQUmyAFNBSdIAcUpKMgBVQIpSAEl2SEqKCkAKygpACxIAXyOQVwtSAEltUMu
295=SQF1VA6djjVADUgAImQjJykAMUAEyf4ySAHBcjMoKQA0KCkANSgpADYoKQA3KCkAOCgpAD
296=koKQA6KCkAOygpADwoKQA9KCkAPigpAD9IASU9NEBIAd14QUgBJ98RNQAgbBt/jjUAF6kB
297=REEEGqkBRUkBL0AeAQADAEZIASWRI0dIAcmQSEgBxR5JKCkASigpAEsoKQBMKCkATSgpAE
298=4oKQBPSQF1Yw8EAFBIAXCNAQQDAFHIAQEFAwBSyQEGImYjNQBhBAci7VU1aBRtAFVABGDV
299=TQFWSAFgXEkBV0gBdJFJAVjIAV1BWUkBUFwAVQJaSAFgRk0PW8gBUUtcSAHJTl3IAVUCXk
300=gByW9fKCkAYEgBbAVRCWHIAUkLYigpAGNIAcl6ZMgBUQllyAFBD2bIAVUCZygpAGhIAWiF
301=QQRpyAFBBGpIAXwVSQFrSAFgD0EEbMgBVQJtSAHRFG5IAWQIRRNvSAFsBUkBcMgBUxQHAD
302=aIkEUICMgBRQgJSAFoDFUCCkgB0QkLKCkADCgpAA0oKQAOSAFwKlkGD8gBUQkQSAHRHxFI
303=AXSRQQQSyAFBBBNIAVQSaQAUKCkAFUkBVm8CBAAWyAFNcxdIAd14GEgBYZMKdpE2AGoBCw
304=NVkTaWkQkDVZE2UEZLCAQAHEwFIqgxRQgdSAEi4E5RHx5IAXSRWREfSQFwigUAIMgBAQUA
305=ACFIAXSRQQQiyAFdFSNIAWAaWQUkyAFRCSVIAXwrTQUmyAFNBSdIAcUpKEgBzVIpSQFgWA
306=dZiipIAdGNK0gBJQ0jLCgpAC1IAdFsLigpAC9IAc0FMCgpADFIAc0FMigpADMoKQA0KCkA
307=NSgpADYoKQA3KCkAOCgpADkoKQA6KCkAOygpADwoKQA9KCkAPkkBdVwhWRw/SQEyZx4DAE
308=BIASVFNUFJAS61AkJJASBsBXWRNig0EicpAEVABCVBJEZIAcGTR0gBwZNISAHBk0lJAXJz
309=CQQASigpAEsoKQBMKCkATSgpAE4oKQBPSAHJF1BIAXGNCHWRNp6OCQJAS6gBAQoBAFPBBA
310=t1kTZ4GW0AVVQCfABNAFZIAWQ/VURXSAF0kVETWMgBVURZSQFQVANVAlrIAVUCW0gByW9c
311=SAHBBF3IAUEEXkgB0UtfyAFVAmBIAcFRYcgBVQJiKCkAY0gB3VdkyAFND2XIAV0VZsgBVQ
312=JnSAHNEGhIAWwQVQJpSAFoDE0FasgBVQJrSAHRjWzIAVUCbUgBxQhuSAFgBFkcb0gBZAhJ
313=AXDIAVEUcUgBwAQBBgA3AGwbSQwHSAHdFQjIAV0KCUgBeBFBBApIAckMC0gBfApVAgzIAU
314=0FDUgBwQQOSAHdCg/IAUEEEEgB2QYRSAHNBRJIAUAJaQATKCkAFEkBV0wCTYkVSAFtlAJt
315=lDdMAksABAAXVAJBAQBZXhgoKQAZKCkAGigpABsoKQAcKCkAHUgBbJQBBAQAHsgBVZEfSA
316=HdICDIAUkXIUgBwRoiSAHJFyNIAWwFXSskyAFdKyVIAWwmVQImSAEl9TUnyAFRCShIAcVV
317=KUkBYFgYWRwqSAElkSMrSAHFaywoKQAtSQF3UApFHi4oKQAvKCkAMCgpADEoKQAyKCkAM0
318=gB3Qo0KCkANSgpADYoKQA3KCkAOCgpADkoKQA6KCkAOygpADwoKQA9KCkAPkgBwX0/SQEq
319=RR4AbZQ3Jk02QVQCJU02QkkBF3gcbZQ3KIwSBTcAFwIAAAADEQAAvw8AIAoARQA3ABcCAA
320=AAAwBGSgEbAokBR0kBL0QBVQJISQEzqQFJSQF/YwQEAEpJAXKpAUsoKQBMKCkATSgpAE4o
321=KQBPSQF1uQZQSgGVAUMLAwBRyAEBAQIAUsgBAQIBAFPIAQEDAABUSAFEBWkAVSgpAFYoKQ
322=BXSQF3ewMAAFjIAUkLWUkBUFwAQQ5ayAFRCVtJAVVUAlkFXEkBTakBXcgBVQFeSQFPXABB
323=BF/IAVUBYEkBTlwAVQJhyAFVAWJJAYNIAkkAY8gBVQJkSQF9SAJJAGXIAVUCZkkBfEgCSQ
324=BnyAFVAmhIAc0FacgBVQJqyAFNBWvIAVUCbEkBf0gCSQBtKCkAbkgBwRpvSAFkHkEEcMgB
325=WQZxSAHBGnLIAVQCAgUAOABRXABNBQbIAVUBB0gBaCJNJghIAd0KCSgpAAooKQALKCkADE
326=gBdCNdKw1IAcUIDkgB1SMPyAFJDBBIAd0gEcgBVQISSAFIEWkAE0kBV0ABAQIEABTIAQED
327=BAAVSAFQAgIAAAQAFigpABcoKQAYKCkAGSgpABooKQAbKCkAHCgpAB1JAbtjCwQAHsgBWR
328=EfSAHVGCBIAWwbTQQhyAFBBCJIAWAEVQIjSAHFKSTIAUEEJUgBzTEmyAFVAidJAVZMBlUY
329=KMgBAQEEAClJAWG1AipJAXtUL0EEK0gB0WwsSAHBZy1JASytBS5JASmpAS8oKQAwKCkAMS
330=gpADJJAS2tBTNIAd14NEgByQw1KCkANigpADcoKQA4KCkAOSgpADooKQA7KCkAPCgpAD0o
331=KQA+SAHVGD9JASp7EQMAQEkBIGceAwBBSQEXqQFCKCkAQygpAEQoKQBFKCkARigpAEdIAd
332=GYSEgB0ZhJSAHRmEpIAd0rS0gB0R9MKCkATSgpAE4oKQBPSAHJF1BIAWWXBGaXOABqAQUD
333=RJeqAQYARZc4ZBttAFRMBXwATQBVKCkAVigpAFdIASfmEjgAaAFVRFlUAsVKWsgBVQJbSA
334=HBclwoKQBdKCkAXigpAF9IAWx+QXJgSAF8V10qYcgBVQJiSQGDWBJVAmPIAVUCZEgBdJFV
335=AmXIAVUCZkgBZHZVAmfIAVUCaEgBzQVpyAFVAmrIAU0Fa8gBVQJsSAFkl1UYbSgpAG5IAX
336=wKWRBvyAFBBHBJAXpIAkkAccgBVQJySAHJInPIAVQCAQQAOQDRbAVIAWAEQQ8GyAFBDwdI
337=AXwgVQIISAHZJwlIAWwFSQwKyAFRCQtIAdEJDMgBVQINSAHNBQ5IAc0mD8gBSQwQSAF0GE
338=kMEcgBVQISSQFaXAtdeBPIAUF9FEgBcAJVAhUoKQAWKCkAFygpABgoKQAZKCkAGigpABso
339=KQAcKCkAHSgpAB5IAWibAQQEAB/IAQEFAAAgSAHdQSHIAV0VIkgBfJlVGCNIAWQeSQEkyA
340=FBBCVIAXQjVQImyAFVAidIAXyZTbUoSQF8VANNGylJAXSpASpIAdFsKygpACxIAdlpLUkB
341=KG8iBAAuSQGgawEFAC9JAZipATAoKQAxSQGatQIySQExawEEADNIAcmbNEgByZs1SQF3rR
342=A2KCkANygpADhIAcUTOSgpADooKQA7KCkAPCgpAD0oKQA+SAHVGD9IASc+EzkAJz4TOQAn
343=PBMnKQBDTAXVAkQoKQBFKCkARigpAEcoKQBISAHJm0lIAY8mAwBKSAHFHktIAcEaTCgpAE
344=0oKQBOKCkATygpAFBJAXahJVFIAX6ZCQRdmTmJmwp/mTkAb2gtIicmOQBsqQFVTAVoAUlk
345=VkgBwQRXSQFzoQRYyAFBBFlIAcVKWsgBTUdbSAHBclxJAVR7BgQAXcgBVWVeSQFStQJfyA
346=FVAmBIAc0FYcgBVQJiSQFTrQVjyAFVAmRJAVC1AmXIAVkRZkgBcAJNAGcoKQBoKCkAaSgp
347=AGooKQBrKCkAbCgpAG0oKQBuSAHFgW/IAVkccEgBfJlJLHHIAVUCckgBySJzyAFVAnRIAd
348=dwAwA6iJtVAgRIAWR2XRUFSAFgBEkBBsgBQRoHSAHBBAhIAdEqCUgByQwKyAFRCQtIAd14
349=DMgBVQINSAHNBQ5JAYdcC0kAD8gBSQwQSAFEAmkAEUgBbH5BfRLIAUktE0gBdANVAhQoKQ
350=AVKCkAFigpABcoKQAYKCkAGSgpABooKQAbKCkAHCgpAB0oKQAeSQG3ZA92nDoAaAFdFSBU
351=AskiIcgBVQIiyAFZBSNJAU9IAkkBJMgBVQElSAHdKybIAVUCJ0kBXkAFTRsoSAEl/SApSA
352=HdbSooKQArKCkALEkBeVg+WQYtSAGEdnecOgCfcAl3nDoAlqkBMEAEyQExKCkAMkgBwZ4z
353=SAGHjAQANEgBJd0nNSgpADYoKQA3SAHFojhIAd0VOUgB3RU6KCkAOygpADwoKQA9KCkAPk
354=gBJ5YTOgCMECLVJjoolRM6KJQTJykAQ1gGJ5QTJ1UARShVAEYoKQBHKCkASEkBGm8mAwBJ
355=SAElASdKSAElASdLSAHBGkxIAcEaTSgpAE4oKQBPKCkAUEgB1RhRSAF0RFkyUsgBTTxTSQ
356=FvTDFJAVRIAWibWRBVyAFJZFZIAcEEV0gBdJxBBFjIAUEEWUkBT1gHVQJayAFVAltIAcFy
357=XEgB2UhdSAFQDSI1M14oKQBfKCkAYCgpAGEoKQBiKCkAYygpAGQoKQBlSAFgnkn+ZsgBSf
358=5nSAGXDQAAaCgpAGkoKQBqKCkAaygpAGwoKQBtKCkAbigpAG8oKQBwSQF1rQxxyAFJIXJI
359=AXiKSQFzSAF0I00EdMgBVQJ1SAF0kUsBAgA7JkE6A8gBVQIESAF8eFEqBUgBbHNJAQbIAV
360=0rB0kBVUAFXQoISAFsBUkBCUgBfApJAQrIAU0EC0gBeBFVAgzIAVUCDcgBXQoOSAEn7hM7
361=AGgBQQQQVQJXTAZVnBFJAVZIAQECBAASSAFEAWk4EygpABQoKQAVKCkAFigpABcoKQAYKC
362=kAGSgpABooKQAbKCkAHCgpAB0oKQAeSAFoWVkRH8gBSSIgSAF8IEEaIcgBVQIiyAFVAiNI
363=AWwxSQEkyAFBBCVIAd0rJsgBVQInSQFeXBxRHyhIASWtISlIAclvKigpACtIAdFsLEgBVA
364=Z1Iy1IASfvEzsAo3gCbZ87KOwTJykAMUwF2aAySQGZrQUzSAElsSc0SAEljSg1SAEljSg2
365=SAHdpDdIAY+UBAA4SAHJhTlIAd0VOigpADsoKQA8KCkAPSgpAD5IAcEaP0gBnAptnzso7R
366=M7KOwTJykAQ00FF1ArAQADAEQoKQBFKCkARigpAEcoKQBISQEeuQZJSAFsH0UISkgBmycD
367=AEtIAcEaTEgBwRpNKCkATigpAE8oKQBQSAHVGFFIAcFGUsgBTTxTSQFNQF1FDlRJAU6pAV
368=XIAVUBVsgBQQRXSQFRSAJdFFhIAdkGWcgBQQNayAFNBVtIAc1zXEkBXkgCWUhdSAFEAWlD
369=XigpAF8oKQBgKCkAYSgpAGIoKQBjKCkAZCgpAGVJAU9jCwQAZsgBWRFnSAFwAk0AaCgpAG
370=koKQBqKCkAaygpAGwoKQBtKCkAbigpAG8oKQBwSQF1XAtJInHIAVEqckgBYCVJAXNJAU9M
371=EUEEdMgBVQJ1SQFQVAJJAXZIAdQuAQEAPADJAQJIAWQIWQYDyAFNBQRIAXAJQQ4FyAFRCA
372=ZIAXAJVQIHSQFVSAJJAQhIAXAJRQgJSAFgBEkBCsgBUQkLSAHJDAzIAVUCDUgBxQgOKCkA
373=D0kBWVAKAQAEABBJAVdIAQEDBAARSAFEAXU5EigpABMoKQAUKCkAFSgpABYoKQAXKCkAGC
374=gpABkoKQAaKCkAGygpABwoKQAdKCkAHkkBKXAfIjYoPABoAVUBINQCUR8hSAF8IE0WIsgB
375=QQQjSAFgJVUCJMgBVQIlSAF0I0kiJkkBKkgCQQQnyAFJWShIAUQCcR8pSAHRoypIAc1zKy
376=gpACxIASWdNS1IASNkIyI2KDwAI2cjBAAvVALRozBJAZZjCwUAMSgpADIoKQAzSQGYoQQ0
377=SAHNBTUoKQA2SQGZoQQ3SAGEl2aiPADRFDlVAndcIVU5OigpADtIAckXPCgpAD0oKQA+SA
378=HNiT9IAZwKZ6I8ACRwCSINTzwoRBQnKQBDTQUXoQREKCkARSgpAEYoKQBHSQEarQVISAEj
379=sFMiNChUOWMaAwBKVQIwqQFLSAEnRhQ8AMkXTVQCyQFOKCkATygpAFBIAdUYUUkBunAJIs
380=47PABoAVk8U1QCaJtZEFRIAWhDSQFVyAFdQVbIAVUCV0gBwXJYSAHZBlnIAU0FWsgBTQVb
381=SAHFa1xJAWChD11IAWQBTTFeKCkAXygpAGAoKQBhKCkAYigpAGMoKQBkKCkAZSgpAGZIAX
382=CjAQQEAGfJAQUiNSg8nA5RAGlUAlgAaQBqKCkAaygpAGwoKQBtKCkAbigpAG8oKQBwSQF1
383=awkAAHHIAVEqckgBYCVJAXNIAWRrTQR0yAFVAnVIAcEEdsgBQQR3SQFVVANLAQIAPZCjUS
384=oDSAFsBVEqBCgpAAXIAUEEBkgBYH1BBAdIAcUICEgBeAZRCQlIAWA7SQEKyAFVDAtIAcEE
385=DMgBVQINSAHBOw7IAUkMD0gBcNpdNhBIAUAJZYERKCkAEigpABMoKQAUKCkAFSgpABYoKQ
386=AXKCkAGCgpABkoKQAaKCkAGygpABwoKQAdSQE0RB9FEx5IAXigTbUfyAFRQCDIAVFAIUgB
387=wSUiyAFNGyNIAXQjUQgkyAFVAiVIAXwgSSImSAFkogECBAAnyAFJDChJATJMBkEPKUgByS
388=IqSAHZdCtIAc1zLCgpAC1IAdGjLkgB0aMvSAHRozBJAZ90CWWiPSblKDJUAs2fMygpADQo
389=KQA1KCkANkgBJ0UUPVyqVAlmoj0AJS09OUAEyQE6SAElAT07SAHJpjxIAckXPSgpAD5IAc
390=2JP0gBI5wqZqI9AIQIZaI98aNCQQQcdyMDAEMoKQBEKCkARUgB3aRGKCkAR0gBJ0YUPQAl
391=NShJVQJ8cQkERqI9ACXBVUtUAtEUTCgpAE0oKQBOKCkATygpAFBIAdUYUUkBMlEjACJVYz
392=2EokFGU1QCcKNBRlRIAWBGTQRVSAHVZVbIAUlDV8gBURNYSAHNBVnIAUEEWkgB2X9bSAHN
393=c1xJAWBQCkHrXUgBRAF5aV4oKQBfKCkAYCgpAGEoKQBiKCkAYygpAGQoKQBlKCkAZkkBTm
394=wMZKJESlgSQQ9oVQKWSAFJF2lIAXwDTQBqKCkAaygpAGwoKQBtKCkAbigpAG8oKQBwSQF1
395=RAldCnHIAVlpckgBeCdJAXNIAWgiQQR0yAFVAnVIAXRwRQd2yAFRE3dJAVVcAFQCAQMAPg
396=DBcgRIAcktBUgBwQQGKCkABygoAAQIAD4ATwEAEQAA2w8AIAgAAgAACQA+AE4BAGgBAQoA
397=PgBoAQEDAAALSQFPtQIMyAFVAg1JAVBUAgEAAAAOyAFVAQ9JAT1IAgEABAAQSAFkAUkBES
398=gpABIoKQATKCkAFCgpABUoKQAWKCkAFygpABgoKQAZKCkAGigpABsoKQAcKCkAHUkBNEwc
399=AQEEAB5JASlQFQEGBAAfyAEBBwQAIMgBAQgAACFJAU1ABFkXIsgBVQEjSAFoIlUCJMgBVQ
400=IlSAFsBUkiJkkBKkgCAQQEACfIAQEFBAAoSQEyoQ8pSAFVBwBJIipJAXtUAkkBK0kBcqkB
401=LCgpAC1JAXW1Ai5IAdkGL0kBKG8BBAAwSQGfawEFADFJAZapATIoKQAzKCkANCgpADUoKQ
402=A2KCkAN0kBmKUIOCgpADlJAZq1AjpJATFrAQQAO0kBLakBPEkBf7EUPUgB1Rg+KCkAP0kB
403=dqEEQEkBKnsGAwBBSAFkAQEAAwBCSQEsbwEDAENJASmpAURIAYsMAwBFSQEkZwgDAEZJAR
404=epAUdJARqpAUhIAYsiAwBJSAHZEUpIAdkRSygpAEwoKQBNKCkATigpAE8oKQBQKCkAUUgB
405=1RhSSQG4cxQEAFPIAUU+VEgBcGFFElVIAdVlVsgBSUNXSQFRQAVFB1hIAc0FWcgBQQRaSA
406=FgBEUIW8gBVQJcSQFYTAZVRF1IAWQBSQFeKCkAXygpAGAoKQBhKCkAYigpAGMoKQBkKCkA
407=ZSgpAGZJAZZQFAEEAwBnyAEBBQMAaMgBAQYAAGnIAQEHAABqSAGbEQAAaygpAGwoKQBtKC
408=kAbigpAG8oKQBwSQF3qQhxyAFND3JIAXQjSQFzSAFoIk0EdMgBVQJ1KCkAdkgBYHJAJQEE
409=AD8AeAZZJwXIAVUCBkgBYARVAgdJAVVYB1EJCCgpAAlIAXB3VQIKyAFNBAvIAVUCDMgBVQ
410=INSAHJDA7IAUkMD0gBYJ5BBBBJAWBMBkU0EUgBZAFJARIoKQATKCkAFCgpABUoKQAWKCkA
411=FygpABgoKQAZKCkAGigpABsoKQAcKCkAHUgBYZ4CYp4/AGGeCWCeqQEKYJ6pAQtinj8AfC
412=BBJSJYBmgBTRsjSAHZJyTIAVUCJUgBfCBFHiZIAWCeQaknyAFBqShIAWCeQQ8pSAHdICpI
413=ASfCEz8AzXMsVALJAS1IASfBEz+UBlknL1QClHtjnj8Ao3wCY54/AJupATJABM2fMygpAD
414=QoKQA1KCkANigpADcoKQA4KCkAOSgpADpIAc2fO0gBzZ88SAGDkwQAPUkBf0AmURQ+SAHV
415=GD9IAdUYQEgBmAZgnkgtfBVhnj9It0wBYZ4/XABLAAQARCitAEVIAYgMY54/ACBrDAMAR1
416=QCJ8MTPwAvVQYAY54/ADOpAUpABN0rS0gB2RFMKCkATSgpAE4oKQBPKCkAUEkBd3cNBABR
417=SAHVGFJIAWxHWRxTyAFFP1TIAVkFVUgB2XRWyAFBBFfIAUEEWMgBTUdZSAFsR1UCWsgBVQ
418=JbSAF4SEEZXMgBVfRdSAFEAnHlXigpAF8oKQBgKCkAYSgpAGIoKQBjKCkAZCgpAGUoKQBm
419=SAFhnghinj8AagEJAkCeqgEKAUCeqAFJZGpMBZgRYJ7fNgAAbChVAG0oKQBuKCkAbygpAH
420=BJAXKpCHHIAUElckgBaCJdIHNIAWQpVSN0yAFVAnUoKwAFAEAjUCZZBgbIAV0JB8gBVQII
421=yAFFCAlIAXx4SQEKyAFRCQvIAVUCDMgBVQINSAHRow4oKQAPSAFk2V0KEEkBYEgNWTIRSA
422=FEAXkyEigpABMoKQAUKCkAFSgpABYoKQAXKCkAGCgpABkoKQAaKCkAGygpABwoKQAdKCkA
423=HkgBeVMMaZtAlJwBDQAAINUCDmmbQIibTRYiVAJoIkEaI0gBbBtVAiTIAVUCJUgBzTEmSA
424=FsUgEIAAAnyAFVpyhIAdFsKUkBdFgoXWIqSAHdbSsoKQAsSAHZaS1IAcEELkgBJSkhL0gB
425=nHhrm0AAK0wRUQkxVAKLegQAMkgBwZ4zSAHBnjQoKQA1SAHNnzYoKQA3KCkAOCgpADkoKQ
426=A6KCkAO0gB1Zw8SAGYlWqbQACJkARG7EAAxR4/QATVGEBIAdEfQSgpAEIoKQBDKCkAREgB
427=xR5FSQEqeBxrm0AAJHgna5tAAB6pAUhABH0DAGqbQACDvwMASlUCf2MEBABLSAHNEEwoKQ
428=BNKCkATigpAE9IAdGYUEgBnApqm0AAeOJJLVJUAm1HAyIsJ6xHAQQEAFTUAgEFAABVSAFg
429=ckkHVsgBVURXSAF0RFUCWMgBVQJZyAFVAlrIAVUCW0gBeEhN4VzIAVUNXUkBMqEaXkgBSA
430=Z5aV8oKQBgKCkAYSgpAGIoKQBjKCkAZCgpAGUoKQBmSQGVQBBFKWfJAQFqm0AAdQICaJuo
431=AVl/akAEjxAAAGsoKQBsKCkAbSgpAG4oKQBvSAElASdwyAFBDnFJAXJUCV0KckgBIvwgVQ
432=JzSAHNJnTIAVcCBgBBnJlJIQfIAVkGCEgBzQUJSAHBkwooKQALKCkADCgpAA1IAWh6RQgO
433=yAFdCg/IAVUCEEkBYEQTRT8RSAFkAUkBEigpABMoKQAUKCkAFSgpABYoKQAXKCkAGCgpAB
434=koKQAaKCkAGygpABwoKQAdKCkAHkkBt3wRcphBAGgBVSMgVAJgGkEDIUkBglwASQAiyAFB
435=BCNJAX5IAkkAJMgBVQIlSQGHSAJJACbIAVUCJ0kBX0gCRR4oSAHJeilIAdlpKigpACtIAc
436=FnLEgBdAZZBi1IAdVwLkgByZsvSAHFgTBIAcF9MUgByZsySAHJmzMoKQA0SAHVnDVIAdWc
437=NkgB3Zk3KCkAOCgpADkoKQA6KCkAOygpADxIAd2ZPUgBkI1xmEEoEhNBAMUeQEAEyQFBKC
438=kAQigpAEMoKQBESAHJIkVIAZykcphBACXFOkdUAskBSEgBlKdxmEEmqSZKVAKFHgNQmCc5
439=AkxUAs0QTSgpAE4oKQBPSAHBD1BIAc0xUUgBcJhd8VJIAXGYBnCYWBFNPQdwmKgBWddVQA
440=RwmFFhVsgBUWFXSAFwbFUCWMgBVQJZyAFVAlrIAVUCW0gBcJhRo1zIAQEFBABdSQEyQAVN
441=EF5IAcUTXygpAGAoKQBhKCkAYigpAGMoKQBkKCkAZSgpAGZIAXmVBCJ9JkGElyNAOqgBI0
442=A6qAEjQTpBiBBRAGtYBlgAaQBsKCkAbUkBcW8CAABuyAFNJW9JAXO1AnDIAVUCcUgBZJdZ
443=G3LIAV0gc0gBzyYHAEIjvDlVAgjIAU0FCcgBVQIKSAHFCAtIAdGYDEgByXoNyAFVDQ5IAX
444=wKWRAPyAFVAhBIAXiVXSsRSAFQA3HEEigpABMoKQAUKCkAFSgpABYoKQAXKCkAGCgpABko
445=KQAaKCkAGygpABwoKQAdKCkAHkgBbZQCeZVCmJVFHiBVAoKWFAAhyAFJIiLIAUEEI0gBeJ
446=VVAiTIAVUCJUkBmlgdSQAmyQECIv5MQgB4lVEfKFQCJ7kSQvF3KlQCwWcrSAHJZCxJATJv
447=EAMALUgBn44DAC5IAclvL0gB0ZgwSQFyTBFJmzFIAdGYMigpADNIAd2ZNEgB3Zk1SAGTCQ
448=QANkgBxZc3SAElfSY4KCkAOSgpADpIAcmbOygpADxJAZl/FQUAPUgBJ7kSQii4EifFA0BA
449=BN0VQSgpAEIoKQBDKCkARCgpAEVIAc0bRigpAEdIAc0bSEgBgA95lUJyEQAAIs0lQib5JU
450=tABMEwTEgBzRBNKCkATigpAE9IAc0xUEgBlwkEAFFIAXiVQTtSSAF5lQl5lUIjvS4KeJWp
451=AQsizCWka0kHVkwFfGJJQ1dIAdlpWMgBTUdZSAEiQC9VOFrIAVUCW0gBeJVFolzIAUWiXU
452=gBeJVNEF5IAVgLeWlfKCkAYCgpAGEoKQBiKCkAYygpAGQoKQBlKCkAZigpAGdIAWSXWRxo
453=yQEKIvxM3ysAAGpUAowQIs8lQgCMrQFsVAJoAUUebUgBeJVNG27IAU0bb0gBeJVVAnDIAV
454=UCcUgBwSVySAFoIkQIAggAQwBRXABJCwnIAVUBCsgBVQILyAFVAgxIAWCTXQoNyAFdCg5I
455=AXwKVQIPyAFVAhBJAahYB0FnEUkBqqkBEkgBZAFVAhMoKQAUKCkAFSgpABYoKQAXKCkAGC
456=gpABkoKQAaKCkAGygpABwoKQAdSQGvZA8inktDAGgBQRofVAJgRkEDIEkBglwAVRghyAFV
457=GCJIAVACaQAjKCkAJEgBdJEBBAAAJcgBAQUAACbIAQEGAwAnygEHA1ljQ/l0KVQC3WIqKC
458=kAK0kBeVQOSSIsSAHRbC1IAXQOUWwuSAEljTMvSAGUAiIyOEMAzZQxVALdCjIoKQAzKCkA
459=NEgB3Xg1SAHNlDZIAY+fBAA3KCkAOCgpADlIAdGYOkgBJRlhO0gBzZQ8SAEnYhJDAIgXIh
460=wlJ8UDP0AExRNAKCkAQSgpAEIoKQBDKCkARCgpAEUoKQBGKCkAR0gBwYhISAEloSVJSAEl
461=dSVKSQEwZCUiHCUnOQJMVALZEU0oKQBOKCkATygpAFBIAcWiUUgB1Q1SSAFgkwEMBABTyA
462=EBDQAAVMkBDmKTQwDZ+FZUAskBV0gBaGRFEljIAVVPWUgByW9ayAFVAltJASpcAAEIAABc
463=yAFdg11IAVQHdZFeKCkAXygpAGAoKQBhKCkAYigpAGMoKQBkKCkAZSgpAGZJAUZvDAQAZ8
464=gBWRBoSAFwAk0AaSgpAGooKQBrSQGMVANJWGzIAUFnbUkBcVQCSWRuyAFJZG9IAWCIXQpw
465=SAHJkHFIAXQjWwYJAESUkUkBCsgBXQoLyAFVAgxIAcV2DcgBUQkOSAF8CkEOD8gBVQIQSA
466=FokEkBEUgBaJBRCRLIAQEDBAATSQGpTAZJbxRIAWQBSQEVKCkAFigpABcoKQAYKCkAGSgp
467=ABooKQAbKCkAHCgpAB1IAXyOTRAeSAHdFR/IAVEUIEkBhpIQACHIAVUCIkgBsgIAIygpAC
468=RIAWiQVUQlygEJAUqQRAB2AgoCSJCpAQtpkEQoCRJEKG4kRADVWitFCDJvDAMALEkBLqkB
469=LUgBZAGJkEQmhTIvVAKXhgMAMEgBn4MDADFIAdWRMkkBckwcRSkzKCkANCgpADVIAcVrNi
470=gpADcoKQA4SAHZlTlIAY+fBAA6SAElHSU7SAElHSU8SQGddBQibSREKAgSJ8UDP0AE2RFA
471=KCkAQSgpAEIoKQBDKCkARCgpAEUoKQBGKCkARygpAEhIAcEaSSgpAEooKQBLSAHNEEwoKQ
472=BNKCkATigpAE8oKQBQKCkAUUgB0cRSSQG1RR4CapBEAGgBXWJUVAJ4aUEDVcgBTUdWSAFk
473=a1UCV8gBRTNYyAFZBllJAVFABVUCWkkBikAFSQBbyAFBA1xIAQheAAAAAQQAXQBEABEAAA
474=oQACAHAAAAAAAEAF4ARFwASwAEAF8oKQBgKCkAYSgpAGIoKQBjKCkAZCgpAGVJAUZMCQEA
475=BABmyAEBAgAAZ0gBcAJNAGgoKQBpKCkAaigpAGtJAXJABUkAbMgBAQEAAG1JAU1cAAEDAA
476=BuSQFPSAFdCm/IAVUCcEgBwAQCCgBFAFFABFUCC0gBdAJNBQxJAU5UAkkBDcgBQQQOSAHR
477=CQ/IAVUCEEkBUEwFTRARyAFVARJJAapIAgEFAAATSQGpSAFRCRTIAQEDBAAVSQGnVAJRHx
478=ZIAWQBSQEXKCkAGCgpABkoKQAaKCkAG0kBsX8GBAAcyAFBDx1IAXQYQQMeyAFVAh9IAXgc
479=VQIgSQGGXABZESHIAVUYIkgBUAJpACMoKQAkSQGbWAdZAiXIAQEBAQAmyAEBAgIAJ8gBAQ
480=MDAChJAXtQClUYKUkBcqkBKkkBdakBK0kBKkQJAQADACxIAWQBSQEtKCkALkkBIW8FAwAv
481=SQEbqQEwSQEocwUDADFIAWQBSQwySAHVDTNIAdUNNCgpADUoKQA2KCkANygpADhIAcUTOU
482=kBL2MLBAA6SQErqQE7KCkAPCgpAD1JAS6hBD5IAc0QP0gBzRBAKCkAQSgpAEIoKQBDKCkA
483=RCgpAEUoKQBGKCkARygpAEgoKQBJKCkASigpAEsoKQBMKCkATSgpAE4oKQBPKCkAUEgB3S
484=BRSAHFSlLIAVE/U0gBzUdUyAFVAlXIAUkhVsgBVQJXSQFVXABVAlhIAXRlSQFZyAFBA1pJ
485=AYpIAk07W8gBVU9cSQFfVAJBO11IAWQBSQFeKCkAXygpAGAoKQBhKCkAYigpAGNJAUBrCA
486=QAZMgBAQEEAGVIAXCNQQ9mSAF8A00AZygpAGgoKQBpKCkAakkBd0AFSQBryAFVGGxIAXyO
487=SRdtSAF8bVUCbsgBTQVvyAFXAgsARuWMDEgBaIVNEA3IAUUIDkgBYCVVAg/IAVUCEEgBzQ
488=URyAFVAhJIAXQNSQwTyAFJDBRIAWSMUY0VSAF4ilEJFsgBUY0XSQGtTAZRKhjIAUkiGUkB
489=rLUCGsgBVQIbSAFwQEUIHEgBeKBNBB3IAVUNHkgBZBNVAh/IAVUCIEkBh0gCSQAhyAFVAi
490=JIAUQCaQAjKCkAJEgBeIoBBAAAJcgBSRcmSAFgBU0AJ0kBXlwAXRUoSAHRbClIAdFsKkgB
491=0VYrSQExbAV7ikYAKakBLVUCLakBLkkBIFUZAHuKRgAaqQEwVAKMfnuKRgAzrQUyVQJ/YQ
492=QERwJGAHepATRUAsEPNSgpADYoKQA3KCkAOCgpADlJAXSlCDooKQA7KCkAPCgpAD0oKQA+
493=SAHVDT8oKQBAKCkAQSgpAEIoKQBDKCkARCgpAEUoKQBGKCkARygpAEgoKQBJKCkASigpAE
494=soKQBMKCkATSgpAE4oKQBPKCkAUEkBebEfUUgBxUpSSAHdV1PIAVVEVEgB3UxVyAFVAlZI
495=AXyOWV5XSAEnWhFGANVlWVQCaAFBBFpIAWxSQQ5byAFVAlxJAT9jOwQAXUgBZAFFSl4oKQ
496=BfKCkAYCgpAGFIASObIwQAYsgBWRFjSAF4ikkMZMgBSQxlSAGfCgAAZigpAGdJAYy5AmjI
497=AUUIaUkBb7UCakkBc6kBa8gBQQRsSAF0I0kMbcgBSQxuyAFUAgEMAEcAYARFBw3IAVkGDk
498=gBYCVVAg/IAVUCEMgBVQIRyAFVAhJIAWQIUQkTyAFJDBRJAU9UA00FFcgBVQEWSAFsiU1z
499=F0gBYIhZBhjIAVkGGUgBYIhVAhrIAVUCG0gB2REcyAFRCR1IAckMHsgBVQIfSAF8NlkGIE
500=kBi0AQSQAhyAFBBCJJAZNIAkkAI8gBVQIkSAFEAmkAJUgBbIkBCQAAJkgBaAJNACdJAWBc
501=AFk9KEkBf0QUSQEpSAHFayooKQArSAHZdCxJAXatBS1IASW1Ii5JASR0AmOIRwAXqQEwVA
502=IliSIxSAHNiTJIASP9IANBiEdMAFMQAwA0VALNEDVIAdmKNkgB2RE3KCkAOCgpADkoKQA6
503=KCkAOygpADwoKQA9KCkAPigpAD8oKQBAKCkAQSgpAEIoKQBDKCkARCgpAEUoKQBGKCkARy
504=gpAEgoKQBJKCkASigpAEsoKQBMKCkATSgpAE5IAckiT0gB1YZQSQGyVCdJAFFIAXBWSQFS
505=yAFRQFNIAcVKVMgBVQJVSAFsiUVKVkgB2QZXyAFBBFhIAdlTWcgBVQJaSAHNBVvIAVUCXE
506=kBP1QORT5dyAFV6V5JAUNUAkVKX0kBQakBYMgBSehhSAFgiFkGYkgBfANNAGMoKQBkKCkA
507=ZSgpAGYoKQBnSAFgiEUIaMgBQRppSQFvRAlFE2pIAWCIQQRryAFBBGxIAdUYbcgBTwUNAE
508=iUhkEEDkgBcB9ZBg/IAVUCEMgBVQIRyAFVAhLIAUEOE8gBUQkUSQFPXABNBRXIAU0FFkgB
509=YA9BAxdIAWgMWQYYyAFVAhkoKQAaSAFsBUEEG8gBQQQcSAF4BlEJHUgByQweyAFVAh9IAW
510=A7WQYgSAFohU0QIcgBQQQiSAFohVUCI8gBVQIkSAFIBmkAJSgpACYoKQAnSAFohV02KEkB
511=MmcFAwApSAEl2SEqSQFyUApZPSsoKQAsSAElBSItSAElBSIuSAEl2SEvSQEgewYDADBIAd
512=WGMUkBGbUCMkgBwYgzSAHBiDRIAcGINUgBJV0iNkkBf3sGBAA3SAHVZTgoKQA5KCkAOkgB
513=3RU7KCkAPCgpAD0oKQA+KCkAPygpAEAoKQBBKCkAQigpAEMoKQBEKCkARSgpAEYoKQBHKC
514=kASCgpAEkoKQBKKCkASygpAEwoKQBNSAHJLU5JAbBnNAQAT8gBTUdQSAHJQ1HIAVUCUkgB
515=bMtZBVMoKQBUyAFBBFVIAWhOQQRWSAFsUkksV8gBTUdYSAFgBFUCWcgBVQJaSAHNBVtJAY
516=VYB0kAXMgBXQpdSQE/SAJd5l5IAWiFVQJfSAFohVEJYMgBUQlhSAFIBWkAYigpAGNJAY1v
517=AgAAZMgBRQhlSQFutQJmyAFVAmdIAWSBQQNoyAFVAmlIAXAfSQxqSAHVGGtIAXQCTQVsSA
518=HXGA4ASSOEMlUCD8gBRQgQSAFsBV0VEcgBUQkSSAHRCRPIAVUCFEkBTkwGRQgVyAFVARZI
519=AWgMQQQXSAHZBhjIAVUCGSgpABpIAWwFVQ0byAFBBBxIAWSBUQkdSAFgBEkMHsgBVQIfSA
520=FgD1kGIMgBWQYhSAHJFyJIAWiFWQYjyAFZBiRJAW9IAkkAJUkBbFwASQAmyAFBBCdIASJE
521=NV0KKMgBQb8pSQF/SAJFgSpIAdVwKygpACxIAclvLUgBJSkhLkgBJSkhL0gBJSkhMEkBHH
522=AJIgIySQDJATJUAsmFM0gByYU0SAHJhTVIAcmFNkgByYU3KCkAOCgpADlIAcGIOkgB3Zk7
523=SAHRFDwoKQA9KCkAPigpAD8oKQBAKCkAQSgpAEIoKQBDKCkARCgpAEUoKQBGKCkARygpAE
524=goKQBJKCkASigpAEsoKQBMKCkATUgBJaUgTkgBcIJRKU/IAVFAUEgByUNRyAFVAlJIAclD
525=UygpAFTIAUEEVUgBxVVWyAFJQ1fIAUlDWMgBVQJZyAFVAlpIASWFMltIAXCCWRFcyAFdCl
526=1IAUgGaQBeKCkAXygpAGAoKQBhKCkAYigpAGNIAXCCXQpkyAFdCmVJAW5UClUCZsgBVQJn
527=SAFwglUCaMgBVQJpSAFsG10VakkBTlwARQdrSAHLIg8ASoSBTQUQSAF8bUUIEcgBVQISSA
528=F4BlUCE8gBVQIUyAFVAhXIAVUCFkgBfApVDBdIAWAPVQ0YyAFVAhlJAU9cAEkAGkgBwQQb
529=yAFVAhxIAWAEUQkdSAHZER7IAVUCH8gBXQogyAFZBiHIAVUCIkgBeH9FEyPIAVkGJEkBb1
530=QDTQUlSAF4f0EEJsgBQQQnSQFPVANJAChIAWSBUbkpyAFFgSpIASJ4V0WBK0kBMlEJACL+
531=QUoA3YMtVALZUy5IASV5IC9IASWBQjAoKQAxSAEl0SAySQEgTREAIvkwSiapMTRUAtGCNU
532=gB0YI2KCkANygpADhIAcmFOUgBJeVUOkgBJ/sPSgByawwEADxUAskBPSgpAD4oKQA/KCkA
533=QCgpAEEoKQBCKCkAQygpAEQoKQBFKCkARigpAEcoKQBIKCkASSgpAEooKQBLKCkATEgBJS
534=EgTUkBtncuBABOyAFRNU9IAXREQQNQyAFVAlFIAXQ5VQJSyAFVAlNIAclOVMgBVQJVSAHF
535=CFZIAWAETSVXyAFJQ1jIAVUCWcgBVQJaSAHdYltIASKEU1UNXMgBXQpdSQFuSAJJAF7IAV
536=UCX8gBVQJgyAFVAmFIAWxSVQJiyAFVAmNIAWh6VQJkyAFVAmVIAXBsTRBmSAFoF0UTZ8gB
537=VQJoyAFNBWlIAWAaVQJqSAHLIhAAS+1+EUkBTkAFRQgSyAFNBRNIAWgMQQMUSAHVnBVIAX
538=QCTQUWyAFNBRdIAWgMVQIYyAFVAhlIAXQNSQEaSAHBBBtIAXQCQRocyAFJDB1IAXwKVQIe
539=SAF4EUkBH8gBQQQgSAHZBiHIAVUCIkgBcB9JDCNIAdEUJCgpACVIAXgGRRMmyAFNBScoKQ
540=AoSAFgD1EJKUgBzX4qSAFgfVkGK8gBWX8sSAEiZERZfy1JATJEFEV2LkgBZAFVAi8oKQAw
541=KCkAMUgBJSEgMkgBJSEgM0gB1f80KCkANSgpADYoKQA3KCkAOEkBHlgSQQ85SAEnog9LAC
542=ehD0sooA8nKQA9TQVyewYEAD4oKQA/KCkAQCgpAEEoKQBCKCkAQygpAEQoKQBFKCkARigp
543=AEcoKQBIKCkASSgpAEooKQBLKCkATEgBJ6IPSwBhfQJgfagBXTZPQAR4PUEZUMgBVQJRSA
544=HNPFLIAVUCU0gByU5UyAFVAlVIAcUIVkgBYARNN1fIAVFAWEgB1U9ZyAFVAlpIAXRETQVb
545=SAFgfU0QXMgBXQpdSQFuVANVAl7IAVUCX8gBVQJgyAFVAmFIAWB9VQJiyAFVAmNIAWB9VQ
546=JkyAFVAmVJAU5AEEkLZsgBVQFnSAF0GEkBaMgBTQVpSAFgGlQCAREATAB4BlUCEkgBaBdd
547=ChPIAVUCFEgB1WUVKCkAFigpABcoKQAYSAF0DVkGGUgByS0ayAFVAhvIAUkMHMgBVQIdSA
548=HBDx5IAXgRQQQfyAFBBCBIAdEJIcgBVQIiSAF4BkUeI8gBQRokSAFkCFUCJcgBVQImSAHN
549=BSfIAVUCKMgBUQkpyAFZBirIAUEEK0gBdHtR+yxIAWh6RRMtyAFBfS5JAahMBop6TABsBU
550=kBMFQCcAJJATFIAdH7MkgB0fszKCkANCgpADVIAd38NkgBhwgDADdJASxvAQMAOEgBxQg5
551=SQEwtQI6SAEnSQ9MKEgPJykAPUAEJ0gPJ1UAPyhVAEAoKQBBKCkAQigpAEMoKQBEKCgACU
552=UATAByAgAAAAQARhEAANcQACAIAEwAcgIAAAAEAEcoKQBIKCkASSgpAEooKQBLKCkATEsB
553=dQIAZQhNSQG1RAFRCU7IAQEBAABPSQFNXABBA1DIAVUBUUkBUFwAVQJSyAFVAVNJAU9cAF
554=UCVMgBVQFVSAHNBVZJAVFIAkEOV8gBAQMAAFhJAU61AlnIAVUCWkkBVVQCUQlbKCkAXEgB
555=zQVdyAFNBV5IAWAPXQpfSAHZBmBIAdUCYcgBTQViSAHFCGPIAVUCZEgBeBxJAWVIAcEEZs
556=gBVQJnSAHBBGhIAWAEUBMBEgBNAGwbQQQTyAFNEBTIAVUCFUgBxR4WyAFVAhdIAXgGTRsY
557=yAFRCRnIAVUCGsgBVQIbSAFgD1UCHMgBVQIdSAFsEFUCHkgBaAxJAR/IAUEEIEgBwQQhyA
558=FVAiJIAWAPURQjyAFZESRIAWwFVQIlyAFVAiZIAc0FJ8gBVQIoSAF0DVEJKUgBYARBDyrI
559=AVUCK8gBVQIsyAFVAi1JAadIAgEFAAAuSQGoSAFVAi9JAapIAUEPMMgBAQMEADFJAalUAk
560=FRMkgBZAFJATMoKQA0KCkANUkBMWcEAwA2SQEpqQE3SQEwqQE4SQGAXAtFCDlJAXipATpJ
561=AXKpATsoKQA8KCkAPSgpAD5JAXetBT8oKQBAKCkAQUgB0QlCKCkAQygpAEQoKQBFKCkARi
562=gpAEcoKQBIKCkASUgBwQ9KKCkASygpAExJAXmlE01IAXB3AQIEAE7IAVE1T0gB0WFQKCkA
563=USgpAFIoKQBTSAHVZVTIAUUIVUgBbDxVDFbIAVUCV0gBzQVYyAFVLVnIAUE7WkgB0VZbSA
564=HNEFxIAXAJTQVdyAFNBV7IAVUCX0gBzQVgSAHNBWHIAU0FYkgBYA9NBWPIAVUCZEgBbFJV
565=AmXIAVUCZigpAGdIAcFcE1wjyQEUyAFBGhXIAUUIFsgBRQgXSAFsEFEfGMgBTQUZyAFVAh
566=rIAVUCG0gBZB5VAhzIAVUCHUgB1Q0eSAFwFEEEH8gBQQQgSAHBBCHIAVUCIkgBbAVNECNI
567=AXwKRRMkyAFVAiUoKQAmSAFkCFkGJ0gBeAZJDCjIAVUCKUgB1RgqyAFVAivIAU0FLEgB0S
568=otyAFJDC5IAXwKQQ8vyAFVAjBIAWR2XXgxSAF4dEUIMsgBUXczSAFgfV1tNEgBVAdtyzUo
569=KQA2SQGTRAkBAQMAN8gBAQIDADhJAZRUAgEAAwA5yAFBBDpJAX9cC1EJO0gB0WE8KCkAPU
570=gB2dc+SAHVDT8oKQBAKCkAQUgB0QlCSAHFdkMoKQBEKCkARSgpAEYoKQBHKCkASEgByW9J
571=SAHBD0pJAatvAQQAS0kBrKkBTMoBAQR6UACydQIATgJOAHA1VQFPUAFoAV0fUEgB1S5RyA
572=FVAlJIAd1iU0gBbAVVIlTIAVU5VUgB1URWyAFZBldIAWQ/SQxYSAFsPFkGWcgBWQZaSAF4
573=BlUCW8gBVQJcSAF4BlUCXcgBVQJeyAFVAl/IAVUCYMgBVQJhyAFVAmJIAdUNY8gBVQJkSA
574=HJF2XIAVUCZigoAAEUAE8AeAZVAhVIAXwgXQoWyAFVAhdIAcEEGEgBcBRNGxnIAUUeGkgB
575=aAxVAhvIAVUCHEgBeBxVAh1IAXgGXQoeyAFdCh9IAXQNQQQgyAFZBiFIAdkGIsgBVQIjSA
576=FkCEkBJEgBYARFCCUoKQAmSAFgBFEJJ8gBVQ0oyAFNBSlIAXQYQQQqyAFRCStIAXAJVQIs
577=SAFgBFkGLcgBWQYuSAHNGy/IAVkGMEgB2QYxyAFVAjJIAWxzWXQzSAFgclEJNMgBWXQ1SA
578=F0cEkBNskBBGJyTwB2AgUCQnJPAGJyAwJAcqgBQQQ6TAV0AgEFBAA7SQGtUBVNczzIAUFc
579=PUgB0Ww+SQEzVA5BBD/IAUEEQMgBQdVBSAFgCEEEQkgB2QZDSAHBfUQoKQBFSAHFdkYoKQ
580=BHSAHZf0hJATJ3CQMASUkBtGsBAABKSAFgclkQS0gBYHJJAUzIAVEqTUgB2SdOyAFYJ1hQ
581=7XNQVAJ0LlUCUUgB1XBSSAHFNFPIAUEOVMgBTQVVSAF8ClUNVsgBQQRXSAFoQ1UCWEgBYA
582=RVAlnIAVkGWkgBwVFbSAFoDEEEXMgBQQRdSAF4EVUCXigpAF/IAUEEYEgBaAxBBGHIAVUC
583=YkgB2QZjyAFVAmRIAckMZcgBVwIVAFAjTCtJARZIAdkGF8gBVQIYSAFoDFUYGcgBRSkaSA
584=FsBVUCG8gBVQIcSAF4HFUCHUgBeAZFEx7IAVEJH0gBZB5BBCDIAVkGIUgB2QYiyAFVAiNI
585=AWQIWQYkSAFoF0kBJUgB1QImyAFRCSfIAVkGKEgBxRMpSAF4BkEEKsgBQQQrSAHBOywoKQ
586=AtSAFsBUkMLkgBxQgvyAFZBjBIAWAEQRoxyAFNBTJIAWgXVQIzyAFVAjRIAXRwQXI1SAFw
587=bAEGAAA2ygEHAE3hUIpvCAFJb1CKbwYBSG+oAUEEOk0FlEYJCABKb1AAaG9VGDxUAmgBWR
588=E9SQEsQARZaT7IAV1tP8gBXW1AyAFNfkHIAQEEBABCSAFkCFkGQ8gBWQZESAFgiFUCRUgB
589=zXNGSAHNc0dIAcHgSEgB0dpJSAF0OVEfSsgBRRJLSAHJIkzIAVUCTUgB3TZOSAFgBFUYT0
590=gByC1YUJRwVQJRVALFNFJIAWAESQxTSAFgMF0gVMgBTQVVSAFsEFUCVkgBfApJAVdIAXQC
591=WQZYSAHVAlnIAVkGWkgBYARNBVtIAd0KXMgBQQRdSAFgD0EEXigpAF/IAUEEYEgBYBpBBG
592=HIAVUCYkgBdA1FHmNIAWQIVQJkSAHLDBYAUZgcWQYXyAFBBBhIAXgRWQYZSAHdChpIAWQI
593=VRgbyAFBBBxIAWgMVQIdSAHNBR7IAVEJH0gBcAlBBCDIAVkGIUgB2QYiyAFVAiNIAWQIWQ
594=YkSAFwFEkBJUgB1QImSAF0Al0VJ0gB2TIoKCkAKSgpACpIAWwFQQ8ryAFJDCzIAVUCLcgB
595=VQIuSAHRFC/IAVUCMEgBZAhVDTHIAVkRMkgBaBdVAjNIAWQTUQk0SQGEXABJADXIAUUINk
596=gBfW0KcWxRkmwLAFFsUZJsCQBQbKgBQQQ6TQV1WAdJADvIAUUIPEgBbBBJAT1IAXBsXXg+
597=yAEBBgQAP8gBAQcEAEDIAQEIBABByAFJDEJIAXBsXRVDyAFVGERIAXBsVQJFyAFNc0ZIAW
598=DVVXBHSQGzTBFJAEhIAWQeSQFJyAFZEUpIAWQTVQJLyAFVAkxIAWwFSQxNSAF0I0kBTkgB
599=bAVBBE9IAWAEWQZQyAFUAlhQI/glVQJSVAJ8TEUTU8gBRQhUyAFVAlVIAXAJTQVWSAHRCV
600=dIAWg4QQRYyAFZBllIAdEJWkkBVUgNWQZbSAHZBlzIAUEDXUgBfBVBBF7IAVUCX0gBzQVg
601=yAFVAmFIAWwQSQFiSAFgBFUNY0gBdAJMEAEXAFIA2REYyAFBBBlIAWwFSQwaSAHFExvIAU
602=EEHEgBYARFCB1IAdkRHsgBVQ0fSAHdCiDIAVkGIUgB2QYiyAFVAiNIAXgRSQEkyAFdCiXI
603=AVUCJkgBzRAnSAHVIyhIAcEPKcgBQQ8qSAFwCUUIK8gBRQgsyAFVAi3IAVUCLkgB0RQvyA
604=FVAjDIAVEfMcgBXQoySAFoF1UCM0gBYA9RCTRIAXhpSQE1yAFFCDZIAVwEaQA3KCkAOCgp
605=ADkoKQA6SQF1RAVFCDvIAUUIPEgBdBhJAT1IAXhpSW8+yAFNcz/KAQwAW2lSACxGFA0AWW
606=lS+VNCQARkCEEDQ0gBeBxVDETIAVUCRUgBZGtZdEZIAXhpVQ1HSAFsG00FSEgBZB5FE0nI
607=AUEESkgBfApVAkvIAVUCTEgB2QZNyAFJDE5IAWQIUQlPyAFVAlBIAdkRUcgBVQJSSAHdCl
608=PIAV0KVMgBVQ1VKCkAVkgBfApVAlfIAU0FWMgBVQJZyAFVAlpIAc1HW0gB2QZcyAFBBF1I
609=AWgXWQZeyAFVAl9IAc0FYMgBVQJhSAFwFEkBYkgBYARKFxgAVOxcAFUCGUgBdAJRCRpIAW
610=wFUR8byAFNBBxIAdEfHUgBwQ8eyAFFCB9IAWAERQggyAFVAiFIAWwFRQgiSAFoDEkBI0gB
611=1QIkSAF0DVkGJcgBWQYmSQFVQAVNECdIAWAEVQIoSAF4Bk0FKcgBVQIqSAF8Ck0FK8gBRQ
612=csSAF4J1UCLcgBVQIuKCkAL0gBfApBBDBIAXwKSQExyAFNBTJIAd0KM8gBVQI0SQGLQAVJ
613=ADXIAVUCNkgBRAJpADcoKQA4KCkAOSgpADpJAXdkBSKyJ1MAaAFFCDxUAnwVSQE9SAHRHz
614=5IAXAqWQU/yAFBBEBIAd0VQcgBVQJCSAFgGkkiQ0gBeAZBJURIAc0FRcgBTQVGSAHNG0dI
615=AWAETQVISAFkCFUNScgBTQVKSAFkE1UCS0gBxRNMSAHZBk3IAUEPTkgBfApRCU/IAVUCUE
616=gB2RFRyAFVAlJIAc0FU8gBVQJUSAHJDFUoKQBWSAHNBVfIAU0FWEgBxRNZyAFdFVpIAdUY
617=W8gBVQJcyAFFE13IAUUIXkgBZAhVAl/IAVUCYEgBdA1ZBmEoKwAZAFQj7DRNBRpIAWgMSQ
618=EbyAFZBhxIAdkcHUgBdCNNJh7IAVEJH0gBYARVAiDIAVUCIUgBzQUiyAFVAiNIAd0gJEgB
619=cBRZBiXIAUEEJkgBwQQnSAF8ClUCKEgBZBNNBSnIAVUCKkgBYBpdFSvIAV0VLEgBfApVAi
620=3IAVUCLigpAC9IAXAJQQQwSAFwFEkBMcgBTQUySAHdCjNIAdkRNEgBaGRNBTVJAYpMEUkA
621=NsgBWRE3SQFuSAJJADjIAVUCOUkBb0gCSQA6SQFzXABJADvIAUEEPEgBfBVBDz1IAdUNPk
622=kBTlQDVQ0/yAFBBEBIAd0VQcgBVQJCSQFPTAVJAENIAXAJSQxESAHNBUXIAU0FRkgBfApB
623=BEdIAc0FSEgBZAhVDUnIAU0FSkgBYARVAktIAcUTTEgBbAVFCE3IAUEPTkgB3QpPyAFVAl
624=BIAc0FUcgBVQJSyAFFCFPIAVUCVEgBdA1VAlXIAVUCVsgBVQJXyAFVAljIAUUTWcgBXRVa
625=SAF0DVUCW8gBVQJcSAF8ClkGXUgBYARRCV7IAVUCX0gBwQRgSAFkP1sGGgBVI4wzQQQbSA
626=FkKVkGHMgBVQIdyAFVDR7IAVkGH0gBfCBVAiDIAVUCIUgBZAhVAiLIAVUCI0gBwQ8kyAFB
627=BCXIAUEEJkgB1S4nSAFkCE0QKEgBdBhNBSnIAU0FKkgBaBdVAivIAVUCLEgBxQgtSAF4Bl
628=UCLkgB0RQvSAHBBDBIAXgRSQwxyAFZHDJIAcEPM0gBeAZBBDTIAUEENUgBcGFBDzbIAUkM
629=N0kBbkAFVQI4yAFVAjlJAW9UAlkGOkgBcGFBBDvIAUEEPEkBT1QDSQE9SAHFEz5IAXQCRQ
630=c/yAFNBEDIAVUCQcgBVQJCyAFFCENIAWAaSQxESQFOVANNBUXIAVUBRsgBQQRHSAHNBUjI
631=AUUISUgBzRBKSAFgBEUIS8gBRQhMSAFkE0UITcgBWQZOSAF0DVUCT8gBVQJQSAHNBVHIAV
632=UCUsgBTQVTyAFVAlRIAXQNVQJVyAFVAlbIAVUCV8gBVQJYyAFVAlnIAVUCWigpAFvIAUEE
633=XMgBQQRdSAHZEV7IAVUCX0gBYA9LARsAVuXDHMgBVQIdSAF4Bl0gHsgBXSAfSAF0T1UCIM
634=gBVQIhSAFwCQkAAAAiAFYAUQEAAAERAAAVEAAgAAcAACMAVgBRAQAAAwAAJABWAE4BAAAC
635=AAAlyAFVAiZJAVBUAkkBJ8gBQQQoyAFVAilIAdkGKsgBVQIrSQFVWAYBAAAALEkBUakBLc
636=gBVQEuSAF4BkEEL0gBzQUwSQFPVANVAjFIAWAPSQEyyAFBAzNIAXgGTRA0yAFVDTVIAWwF
637=VQI2yAFZBjfIAVkGOEgByQw5KCkAOigpADsoKQA8KCkAPUkBf0QJSQA+SQF8XABJAD/IAV
638=0KQEkBfUgCSQBByAFVAkJJAXpIAkkAQ8gBVQJESAHJF0XIAUkXRsgBTQVHyAFNBUjIAVUC
639=SSgpAEpIAWQpWRxLyAFFCEzIAVUCTUgB3SBOyAFBBE9IAcEPUCgpAFHIAUEEUkgBdC5FCF
640=PIAVUCVMgBTRBVyAFFE1ZIAWgMVQJXyAFVAlhJAU1cAEkAWUgBwQRayAFVAlvIAVkGXMgB
641=VQJdSAFkE1UCXsgBVAIBHABXAHgcTRAdSAHFEx7IAVUCH0gBdA1dFSDIAVUCIUgBeAZVAi
642=LIAVUCI0gBZAhdCiTIAVUNJcgBVQImSAF8FUkBJ0gBfApBBCjIAVUCKcgBVQIqyAFVAivI
643=AUkMLEgBwQ8tSAF0DU0FLsgBTQUvyAFVAjDIAVEUMUgBYA9JATLIAVEJM0gBzRA0yAFFCD
644=VIAWgMRQg2SAHZBjfIAVkGOEgBYA9RCTnIAU0FOsgBRQg7SAHdCjzIAVUCPUgBYFxJAT5I
645=AWBcRQg/yAFdCkBIAWBcVQJByAFVAkJIAWBcVQJDyAFVAkRIAXQ5VQJFyAFVAkbIAVUCR8
646=gBVQJIyAFVAkkoKQBKyAFJF0vIAUUTTEgB0R9NSAFwH0EETsgBQQRPyAFVAlBIAWwFXQpR
647=KCkAUsgBQQ9TSAF8IEEEVEgBzSZVyAFBBFZIAWgMQQRXyAFVAljIAVUNWcgBQQRayAFBBF
648=vIAVUCXMgBVQJdSAHIIgEdAFgAdA1VAh5IAdUCH8gBVQIgSAFoF0kMIUgB2ZUiSAF4Bl0K
649=I8gBTQUkyAFVAiXIAVUCJkgB2QYnSAHZHCjIAUEEKcgBWQYqyAFVAivIAUEPLEgBcB9FKS
650=3IAVUCLkgBbBBNBS/IAUUIMEgBdBhNBTFIAXQNSQEySAFsBUkBM8gBRQg0SAFsG1UCNcgB
651=VQI2SAHFCDfIAVUCOMgBTQU5SAFwCVUNOsgBTRA7SAF0DVUCPMgBVQI9SQEtWAdZBj7IAQ
652=EBBAA/yAEBAgQAQMgBAQMEAEHIAQEEAABCSQF3TAZJAEPIAVEIREgBfCBdCkXIAVUNRsgB
653=TQVHyAFNBUhIAXgRVQJJKCkASkgBbBtZBkvIAVEJTEgBfCBVAk1IAWgMSQFOyAFBBE/IAV
654=UCUMgBVQJRSAHBO1IoKQBTKCkAVEgBcAlNEFXIAUUTVkgBxRNXKCkAWMgBQQRZSAF4EVkG
655=WsgBVQJbSAHRCVzIAVcCHgBZI3ggWREfSAF4BlEUIMgBVQIhSAHRFCIoKQAjKCkAJCgpAC
656=UoKQAmSAFwCUkMJ0gB3RUoKCkAKcgBVQ0qKCkAK8gBQQ8sSAF8FUEELcgBVQIuSAFgMF0K
657=L0gB3QowSAF0Ak0FMUgBdAJJATJIAd1MM8gBRQg0SAFkE0EENcgBVQI2SQF+QCZJADfIAU
658=kMOEgBYKlVAjlIAWgMTQU6SQFWSAIBAAQAO8gBTVI8SQFVtQI9SAFwVgEFBAA+yQEGclZZ
659=AHUCB3BWqQEIcFaqAQkEU1ZZAFRECFEJQ1gG0QlESQG7VAJVDUXIAUUTRkgB1SNHyAFFE0
660=hIAdEfSSgpAErIAUEES0gB0R9MyAFVAk1IAWAlSQFOSAF4HFUjT0gBcAlND1DIAUEPUUgB
661=YARVAlLIAVUCU0gBeBFFCFTIAUUIVcgBVQJWSAFwCVUCVygpAFhIAdEJWcgBUQlayAFJDF
662=vIAVQCAR8AWgDJDCBIAdEJIcgBSQwiSAFgBEkMI8gBVQIkSAFkHlEJJcgBUQkmyAFBBCdI
663=AdEJKCgpACnIAVkGKkgBxQgryAFFCCzIAUEELcgBVQIuSAFgGl0KL0gB3QowyAFVAjFIAd
664=lpMkgBfBVFCDPIAUUINEgB1Q01yAFVAjZIAXhTTRs3yAFRCThIAXhTQQQ5SQFXRAlNRzpI
665=AXhTUaM7SAFRAgBNRzwoKQA9KCkAPkkBNVAKQQQ/yAFFCEDIAUUIQUgBxQhCKCkAQygpAE
666=QoKQBFSAFkVQEEBABGyAEBBQAAR0gBcEtVCEjIAV0VSUgBdCNVAkpIAcEES8gBQQRMSAHd
667=IE3IAVUCTkgBzSZPSAFkCFUXUMgBSSJRSAFgMFUCUsgBVQJTSAHJDFTIAVEJVcgBTRBWyA
668=FVAlcoKQBYSAHRCVnIAVEJWsgBSwwgAFsjTCtJASHIAUEEIsgBXQojyAFdCiTIAU0FJcgB
669=TQUmSAFoDEEEJ0gB0RQoSAHRHylIAdkcKkgBdAJFCCvIAUUILMgBVQItyAFVAi7IAU0QL8
670=gBSQwwyAFVAjFJAVVIAkkBMkgB0SozyAFBAzRIAWQTQQQ1SQGEXABJADbIAUEEN0gBRAJp
671=ADhIAXRPQUY5yAFd8TpIAXQDUUs7KCkAPCgpAD0oKQA+KCkAPygpAEAoKQBBKCkAQigpAE
672=MoKQBEKCkARUkBumQPYlFbAGgBXRVHVAJ8K0ElSEgB0R9JKCkASkgBwQRLyAFFKUxIAdUu
673=TcgBVQJOSAFsJlEJT0gBeAZBDlDIAVUNUUgBeAZVAlLIAVUCU0gBbAVZBlTIAVEJVcgBVQ
674=JWyAFVAlcoKQBYSAFwQEUIWUgBZAhLASEAXO33IkgBdA1FCCPIAUUIJEgBcBRNECXIAVkG
675=JkgB0R8nKCkAKCgpAClIAdkGKkgBYA9dCivIAV0KLEgB1Q0tyAFVAi7IAU0FL8gBVQIwyA
676=FVAjFIAcEPMkgBaAxVAjPIAU0FNEgBaE5VAjVIAWhOSQE2yAFBBDdJAVpUGUVKOMgBWZU5
677=SAFwAlUCOigpADsoKQA8KCkAPSgpAD4oKQA/KCkAQCgpAEEoKQBCKCkAQygpAEQoKQBFSQ
678=EycRADTZ9cik4EBEyfqAFZoEhABGQpTQRJyAFNMUpIAckiSygpAExIAWw8TQVNyAFNBU5I
679=AXQjVQJPSAFgBFUjUMgBVSNRSAHZMlLIAVUCU0gB2QZUyAFRCVVIAWQIUQlWyAFVAldIAW
680=QISQFYSAF8FUcIIgBd9ZwjyAFVAiRIAck4JcgBVQImyAFFCCdIAWAPSQEoSAHVDSlIAdkG
681=KsgBWQYrSAF0DUEaLEgBySItKCkALigpAC8oKQAwSAFwCVUYMcgBVQ0ySAFgD1UCM8gBVQ
682=I0SAFsG1UCNUkBh1wASQA2yAFBBDdIAXBLUZg4SAFQA33mOSgpADooKQA7KCkAPCgpAD0o
683=KQA+KCkAPygpAEAoKQBBKCkAQigpAEMoKQBEKCkARSgpAEZJAbhoE3JLXQBoAUkXSFQC2S
684=dJyAFRKkpIAXQjUSpLyAFVAkxIAWwxVQJNyAFVAk5IAWwmVQJPyAFVAlBIAWwmSQFRSAHR
685=CVLIAVUCU0gBYA9FElTIAVkRVUgByQxWyAFNBVdIAdMJIwBeI9Q8TQUkSAHFCCXIAVUCJk
686=gBdA1ZBifIAVUCKEgBZAhVDSnIAVUCKkgBxQgryAFVAixIAc0FLcgBVQIuKCkAL0gBZB5R
687=CTBIAXQNUR8xyAFBDzJIAWAEVQIzyAFVAjTIAVEJNUgBeAZFCDbIAVUCN0kBX0gCVZE4SA
688=FkAUkBOSgpADooKQA7KCkAPCgpAD0oKQA+KCkAPygpAEAoKQBBKCkAQigpAEMoKQBEKCkA
689=RSgpAEZJAbdoE3pIXgBoAUkXSFQCfDZBA0lIAdEqSsgBQQRLSAHRKkwoKQBNyAFBBE5IAc
690=kiT8gBVQJQKCkAUUgBxQhSyAFBBFNIAXQNSS1UyAFJLVVIAWwFSQFWSAFsMUgBASQAXwDN
691=BSXIAVUCJkgBYA9RCSfIAVUCKEgBYBpVAilIAdEJKkgBxQgryAFNBSxIAWAETRAtyAFVAi
692=4oKQAvSAFsEEEEMEgBZAhBJTHIAUkMMkgBdA1VAjPIAVUCNEgBeAZRCTVIAXAURQg2yAFV
693=AjdIAWBGRdk4SAFUB7yObAJTAQQAOihVADsoKQA8KCkAPSgpAD4oKQA/KCkAQCgpAEEoKQ
694=BCKCkAQygpAEQoKQBFKCkARkgBdERRo0fIAUkXSEgBbBtZFEnIAUUeSkgB3SBLyAFVAkxI
695=Ad0rTcgBRQhOSAHJIk/IAVUCUCgpAFFIAWgMRQhSyAFVDVPIAVUCVEgBbDFJAVVIAcsMJQ
696=BgI7Q4SS0myAFdCidIAWQTTQUoyAFVAilIAXgGVQIqSAFwCUkMK8gBVQIsSAFgBFUCLcgB
697=VQIuSAFoF0kBL8gBQQQwyAFVAjFIAdkGMsgBVQIzSAF4Bk0FNMgBVQI1SAF4HFUCNsgBVQ
698=I3SAGbQAQAOEgBUAOpQ2CEAVmKOihVADsoKQA8KCkAPSgpAD4oKQA/KCkAQCgpAEEoKQBC
699=KCkAQygpAEQoKQBFSQGxdBAiii1gAGgBXRVHVALFHkjIAVUCSUgBxR5KyAFVAktIAWQeSQ
700=FMSAHZMk1IAc0FTsgBQQRPSAHdClDIAVUCUUgBZAhJOFLIAVk9U8gBVQJUSAF0OUsBJgBh
701=hM5BBCfIAVUCKMgBUQkpSAHBDypIAXgGTQUryAFNBSxIAWwQVQItyAFVAi5IAXgGSQEvyA
702=FVIjDIAV0KMUgBcBRVAjLIAVUCM0gBeAZRCTRJAYNUA0kANcgBQQQ2SAEiaD9VAjdIAXBA
703=nYNhQAJLAAQAOVQCQAF9QTooKQA7KCkAPCgpAD0oKQA+KCkAPygpAEAoKQBBKCkAQigpAE
704=MoKQBEKCkARUgBZD9VGEZIAdkcR8gBVRhISAFsJlUjSUgBxR5KyAFVAktIAXgGSQFMSAFw
705=QEkBTUgBzQVOyAFVAk9IAXgyVR5QSAF4BkkBUcgBVQ1SyAFVAlPIAVcCJwBi5T8oyAFRCS
706=lIAckMKsgBVQIrSAFoDEEaLEgBaAxJAS1IAXQCXQouyAFdCi9IAWQIVQIwyAFVAjFIAdkG
707=MsgBXQozSAHFCDRIAXg9XQo1yAFBBDZIAXg9RQg3SAGUPG1+YlQLSAB4PScpADpABEwCZT
708=87KCkAPCgpAD0oKQA+KCkAPygpAEAoKQBBKCkAQigpAEMoKQBESQG5ew0EAEXIAVEURkgB
709=2RxHyAFVGEjIAUEESUgB1SNKyAFVAksoKQBMSAElmS9NSAF0I0EETsgBQQ5PyAFBJVBIAd
710=UNUcgBVQ1SyAFDBCgAYyMkPEkBKUgBwQ8qyAFdCitIAWgMXQosSAHBDy1IAXQCWQYuyAFd
711=Ci9IAWQIVQIwyAFVAjFIAWwFRQgyyAFdCjNIAdEJNEkBhVQDSQA1yAFBBDZIAUQCaQA3SQ
712=GoYAFhO2NgAWk4OVQCjAF8/CdVADsoVQA8KCkAPSgpAD4oKQA/KCgAA0AAYwAAABEAABcK
713=zBIFAAAABABBAGNcAEgAAgQAQgBjXABLAAQAQygpAERJATJQAgEAAwBFSQG5SAEBBAQARs
714=gBAQUAAEdKAVUBWwIAAEgoKQBJKCkASkkBUEAEAQMAAEsoKQBMSQFNVAIBAgAATcgBQQRO
715=yAFVAk9IAXgGRQtQSAFsBUkBUcgBRAcBKQBkAGAETQUqyAFFCCtIAWwFVQIsSAHFEy1IAX
716=QCRQguyAFFCC9JAU9cAFUCMMgBVQExSQFRXABVAjLIAVUBM0gBdA1VAjRJAYVcAEkMNcgB
717=QQ82SAFQAmkAN0kBPWMBBAA4SQE+qQE5SAFkAVUuOigpADsoKQA8KCkAPSgpAD4oKQA/KC
718=kAQCgpAEEoKQBCKCkAQygpAERJAa9lDwRKOGQAaAFBGkZUAtEfR8gBVQJIyAFZBUnIAVUC
719=SkgBxSlLSAF0I1UCTEkBTlwATQVNSAHdK07IAUEDT0gBwQRQyAFUAgEqAGUAbAVZJyvIAV
720=knLEgBbAVVAi1IAcEELsgBQQQvSAHNEDAoKQAxSAF4EVkGMsgBTQUzSAFwNVUCNEkBhEQU
721=SQA1yAFNEDZIAUQCaQA3SAFwNVUCOEgBcDVZBjnIAQEDBAA6SAFgBV02OygpADwoKQA9KC
722=kAPigpAD8oKQBAKCkAQSgpAEIoKQBDSQGubwwEAERIAWQ0TRBFSQGwVAJBGkZIAXA1VQJH
723=yAFVAkjIAVUCScgBVQJKSAFwH0EaS0gBZClRCEzIAVUCTUgBwQROSAF8CkEET8gBQAQBKw
724=BmAHQCSQEsyAFBBC3IAVUCLsgBVQIvyAFVAjBIAWg4VQIxyAFVAjJIAdEJM0gBwQQ0SQGE
725=QAVJFzXIAUkXNkgBUAJpADcoKQA4KCkAOUgBZDRdjjpIAXw2mjJmAHQCSQE8VQKTVA4BAQ
726=MAPcoBAgNTA2YAlFQCUZg/VAJoAUEEQEgBaA1ZBkFIAXQuSQFCyAFZBUNIAXgySQFESAF0
727=GF0FRcgBVQJGSAHBGkfIAVUCSEgBfCtNBUnIAVUCSkgBZFVVAkvIAVUCTEgBZDRRH01IAd
728=EJTsgBQwQsAGeMMUElLcgBTQUuyAFVAi/IAVUCMEgBZAhVAjFIAdVlMigpADMoKQA0SQGF
729=TBFJADXIAVUNNkgBRAJpADcoKQA4KCkAOSgpADpIAWAwWQY7SAF0LlVlPMkBBGIwZwB2Ag
730=UCQTBngDABAwIAP0AEYDBBBEDIAQEFBABBSQHBeQ4AXtBnANleQ1QCYBpBA0TIAVUNRUgB
731=zTFGyAFVAkdIAWwFXSBISAFgMF0gScgBVQJKSAFgME0FS0gBYARJAUxIAdUCTUgBZAhbBi
732=0AaO2ULkgBdAJNEC/IAVkGMEgBfDZVAjFIAWQISQEyyAFBBDNIAWgMVQI0SQGFXABdCjXI
733=AVkRNkgBUAJpADcoKQA4KCkAOSgpADooKQA7SAFwKgEGAAA8ygEHAE1daIotCAFJLWiKLQ
734=YBSC2oAUEEQEwFdi4IAEotaABoLVEUQlQC0RRDyAFVAkTIAUkTRcgBVQJGSAF0LkkXR0gB
735=aCJVAkhIAdUCSUgBfCBZHErIAU0FS0gBaAxJAUxIAWAESAEBLgBpAGQITQUvyAFVAjBIAX
736=AqVQIxSAFsBUkBMsgBQQQzSAFwCVUCNEkBhkQUSQA1yAFZETZIAUQCaQA3KCkAOCgpADko
737=KQA6KCkAOygpADxIAX0rCnEqaZIqCwBRKmmSKgkAUCqoAUEEQEwFaA1NAEFJAXVcAEkAQs
738=gBWRFDSAF8FUkXRMgBSRdFyAFVAkZIAXgcTQVHSAFoIlUCSEgBfCBVAklIAXwrXQpKyAFV
739=AktIAdsGLwBqhFVVAjBIAXQCTQUxSAHZBjLIAUEEM0gBfApBBDRIAXgnWRE1yAFBDzZIAV
740=ADaQA3KCkAOCgpADkoKQA6KCkAOygpADwoKQA9KCkAPigpAD8oKQBAKCkAQUgBeCdZEULI
741=AVkRQ0gBeCdJF0RIAXQjSRNFyAFVAkZIAWQeTQVHSAFsG0UISMgBVQJJyAFZBkrIAVgGAT
742=AAawB4Bk0FMUgBYCVJATLIAVkGM0gB0Qk0SQGIWAdJADXIAUUINsgBWQY3SAFQA2kAOCgp
743=ADkoKQA6KCkAOygpADwoKQA9KCkAPigpAD8oKQBAKCkAQUkBd2wNf6RrAHqpAUNUAmgBRR
744=NESAFgJUUTRcgBQRpGSAF4HFkFR8gBTQVISAHdK0lIAcceMQBshM5BBDJIAXAJWQYzyAFV
745=AjRIAWgiXQo1yAEBBAAANsgBSfM3SAFIBmkAOCgpADkoKQA6KCkAOygpADwoKQA9KCkAPi
746=gpAD8oKQBAKCkAQSgpAEJIAXwgUR9DyAFRFERIAdk9RcgBVQJGSAFoIk0FR8gBVQJISAFo
747=IksBMgBt7ZQzyAFVAjRIAWAEXSA1SQGKcBxyH20AaAFVAjdVAm+1AjhIAaYBADkoKQA6KC
748=kAOygpADwoKQA9KCkAPkkBcakIP8gBSQxASAHJDEEoKQBCSQFzrQVDyAFNBURIAWA7QQNF
749=yAFVAkbIAVUCR8gBVwIzAG4mRTU0yAFFHjVIAWwbQSU2yAFVAjdIAWwQWQY4SAFgBFEJOc
750=gBVQI6SQFsSAJJADvIAVUCPEkBbUgCSQA9yAFVAj5IAXgcSQw/yAFJDEBIAckMQSgpAEJI
751=AXgcTQVDyAFNBURJAU1ECVUCRcgBVQJGyAFUAgE0AG8AwQQ1yAFBBDbIAUEEN8gBVQI4SA
752=FgGlUCOcgBVQI6SAFgGlUCO8gBVQI8SQFtVBlVAj3IAVUCPkgBYBpdYj/IAV1iQEgB2WlB
753=yAFJFkLIAVEIQ8gBVQJESAF8TFUCRcgBVAIBNQBwAGQISQE2SQFPXABBBDfIAVUBOEkBTV
754=wASQA5SQFRXABBBDpIAXQCURQ7yAFRFDxIAXAJVQI9yAFNBT7IAUUHP0gBxQhAyAFVAkFI
755=AXgGRQhCyAFFCEPIAVUCREgBaBdUAgE2AHEAcBRJATfIAUEEOEgBeBFJATlIAWgMQQQ6SA
756=FsBU0QO8gBVQ08SAFwCVUCPUgBYA9NBT7IAUUIP0gBxQhAyAFVAkFIAXAJRQhCSAFgBEUI
757=Q8gBVAIBNwByANUCOMgBVQI5SAFoDE0FOkgBZAhVDTvIAV0KPEgBeBFVAj1IAc0FPsgBRQ
758=g/yAFFCEDIAVUCQUgBcAlJAUJIAWAPRwg4AHOMEF0KOUgBcAlVAjpIAXQjRQg7yAFZBjxI
759=AXgGVQI9SAHNBT7IAUUIP8gBRQhAyAFVAkFIAWAPSwE5AHSMR0kBOkgBaAxNBTvIAVUCPE
760=gBaAxVAj3IAVUCPkkBVUAQQQ8/SAFgBFUBQEgBbBBXAjoAdYRrSQE7yAFBBDxIAWwFVQI9
761=yAFVAj5IAXgRVQI/yAFXAjsAdoQIVQ08SAF4Bo0QdvUjPlQCeAZUAgI8AHcAgFgHSAAIPQ
762=B3AIAAAAABAAARAAA=

[Lighting]
Red=1.000000
Blue=1.000000
Green=1.000000
Level=0.000000
Ground=0.000000
IonRed=1.620000
Ambient=0.600000
IonBlue=0.340000
IonGreen=1.250000
IonLevel=0.000000
IonGround=0.000000
IonAmbient=0.500000

[Map]
Size=0,0,60,60
Theater=TEMPERATE
LocalSize=2,4,56,54

[OverlayDataPack]
1=BQAAIP4AIACAkwAAIP5CAACCBQX+/gEAgwUCBv/+AUUAgwUFB/78AQCCBAT+AwAI/vgBAI
2=cDBAcIAQUH//cBQwCCAQb+AwAHhgMFBwYCAv/1AUkIggcH//UBRwpp+oIBBf/9AUQChQUD
3=BwcE/vwBAIECC/v+/AEAggMB//8BRAD//wFDAIEI//0BRQT/+AFGEv/+AUQCgwAGAf/MAT
4=8MgMUAACD+MgAAhQcIAQYI/vwBAIYFCAgDAQX++gEAhgQHBwYFA//8ATgAhQIHBAEH/voB
5=AIUCAQMGBso5Bv4FAP/+6gEAgwMIAso2AP4GAP/+6wEAgwMHB//9ATkKgwAICM05DIEJ/+
6=4BSgzKOAL/8gFFDoECyjgEMgD/7AFKEMs5Bv/nAUUS2EUM/+UBRgz/7wMsFs42AM5GFIEE
7=DAaEBgYAAf/TATcEhQcEBwUBAATZIByKAgYEBwQDBgEFCAArAg6BBP+zATkGgIMCACD+Fg
8=AAggIF/gMABoYFBAgIBgX+CwAA/gMA/4EJ/gMA//4JAACICAMHBwECBwUAKv4DAAGEAwEJ
9=A/7IAQCBB/4EAAWGAQUGAQMG1iEAkQQAAwUFBwUAAQMDAQQBBgMD/gMACP7IAQCKBAQFBA
10=QCBwMGAckgAhIBUgCCBQQAHoMEBwI0IIkBAQUFAwUIAwP+zQEAgwIEBMtNBMgtBIMHCAgF
11=9YIDB/4HAACBARYuhAYBAQT+zQEAA/3JIADJLAaFBgUBBAMEAxgsgQIYDAYCggEFYhD+1w
12=EAigYBAgAEBwEFAgcF7An9IBSBAiH1hAEDBQEAGv7bAQCDAwgCA+EIF4kGAgQCBAYDCAQh
13=7oIIAQoFEgCEBwUIAf/JAU0C/hMAAIEIAfqCBAgME4QHBgEHAf2DBQICBf4V+SX3Cg2DCA
14=UF/90BUwg4BQHrgQgF7IMCCAMB7gP+ggYDRfiEBggHB/7aAQAH4ckgDsAWAhXuhgUEAgIB
15=BQIEHBSDAgEB1E8MggUG/gMABIEC/7ABTwb+CQD/Id2BBspQEoEC/gMABQHQggUDAgCEBA
16=EEBBIUggYIHAvSAgKCCAcML4EIyiAE/64BexKCBQM1/2oOgQMKCgHZE9iEAwgFAwIdggcF
17=yh8CygoEACgYOf+uAW0S/gwA/wIBzE8QggEDA+6GBAEFCAIGwz8EgwQHBcsrFsgTGIEHBC
18=QCAdVPGP+jAYcWCfTNWBbBHwCDBgIDDhEV+AwIJgfUCBqBCA431k4Y/5kBhxhwCcA1Cs1O
19=BMI+CMI1BAAawEsIxEwEyC0IyBMc/gMAAsM8DP+2AXEYgwAFCCvly1oSQ9AaCgoEBeRwM8
20=9YGIEE/5MBbxqAOgIAIP4kAAD+BQD/hgYHCAcBBv4PAACCBAj+BgAAgwMDBP4DAACDAQgC
21=UC7+BwD/yRkAgggFECT+uQEAiAQDBgAEBgID/g4AAIUIBQICAf4IAACCAggQHmH2zFsAgg
22=QEEh7/uQFxAIECI/yDBQcAyjAChgMCAwMFBf4HAACCBwMUIdRSAAI//rwBAIIBBAHmEcOC
23=BgLJbACGAQYFBQcDVgaCAgUD40H5zFkEgQPKMgb/swF2BBX6FcFECVXzhwIGBAMHBgcgFI
24=IBBigByB4A/gkAAIIGB1gr/rcBAIEDB+cH7IEHEgGCAwhiA4QDBwIDBAGCBwMAF4UFBwQH
25=B/4WAACEBwcIBv++AWoIggcBEdsn64UGBAIHAgHyKBCBBQnXCAKHCAECBggDA9RsAv+/AW
26=kKM+qBBQHFggYGMeKCAQQB8Qn6AAiCBwUACIEGCASBBgID0hQEggUGCjb+wgEAgQUbwoQB
27=BAMDQA/+AwAHgQEF+oQECAgEHAaDBgYDXAjLMgL/xAFmDkIBA82CBAEF7Dn7ggEI/gMABA
28=AGhwUFAQUDBwcGCM4YDIMGBQhEMv7KAQCBCP4DAAaBARQGggQIAf6CBgYEGIYDBAICBQjS
29=TBD+0gEAhAgGAwIn0oIGBv4DAAiBBQX8ggECC/2CBQTGQwL+4gEAF9QECIUFBgIIAQ32hA
30=UBAQb/0gFgEt0MEgv2D/OBBcArAIEELh3+7QEA/gMA/wX5L93APwbPSxL/5AFYGsU4CIIE
31=Bv+6AWoGgDkAACD+OAAA/goA//75AQD//wE7AP4FAP+BCf8BBkAC//4BQgAEAP/9AUEI//
32=wBPwxeAv/6BUMO/sMJAIBnAAAg/jYMAIMFBgL+/QEAgwgBBv79AQCFAQMCBAT//AE7DIUF
33=BAEFCCYK/vUBAIsCBAcCBwUICAcICP/3AUAKgQH+BAADgwUHA//3AUAUgwYCAv4DAAeDCA
34=cH//kBOAyFBAUCBgP+wgUAgAUAACD+ACAAgAUAACD+ACAAgAUAACD+ACAAgAUAACD+ACAA
35=gAUAACD+ACAAgAUAACD+ACAAgAUAACD+ACAAgAUAACD+ACAAgAUAACD+ACAAgAUAACD+AC
36=AAgAUAACD+ACAAgAUAACD+ACAAgAUAACD+ACAAgAUAACD+ACAAgAUAACD+ACAAgAUAACD+
37=ACAAgAUAACD+ACAAgAUAACD+ACAAgAUAACD+ACAAgAUAACD+ACAAgAUAACD+ACAAgAUAAC
38=D+ACAAgAUAACD+ACAAgAUAACD+ACAAgAUAACD+ACAAgA==

[OverlayPack]
1=BQAAIP4AIP+ATwAAIP5CAP+Cf3/+/gH//gMAf/8AAkUA//0BRAL+BQB///0BSgT/+QFEBv
2=4LAH//+ANOAv/5A0YE/wYCOA7/AAJEAP/+Az8U//cDSBT/zAEzHIBuAAAg/jIA//4FAH/+
3=/AH//gYAf//6AzkA/wYEMgL+/QH//wACNgoCAf4QAP+BGf/uBUoM/hEA///uAUkS/uQF/9
4=E4DMtJFIJoaSoKg2h/aP/XAWMGzjcSyi8cjWh/f2xnaGlnZ2huZ2sQM4Fm/rIB/4DTAQAg
5=/hYA//4LAH/+DgD/gRnKCgCRbG9ua39uf2dpf39saWZqf2v+yAH/4RYAgX8AJolvf2r/Zm
6=9vf38B/M8dAv/TAVwA/gkA/4Vnb39taiIA/gQA/wH9hmdnaGZnbv7NAf/ZHASDbmZtAf2C
7=f2n+BwD/iWxof2lqbH9oaP/OAU8EIAP+FQD/gWr+BQB/gW8H8jIkh2Zmf21/b2pSEP7XAf
8=+Nbm1//2dtaGtub29oawPyRCb+BAD/gmlmBA+CaGb+2wH/E+KBbAfpAAOIa29sZml/bG1W
9=JhgDhW1maH9/IBL+1wH/imx/amdmbGduf20F7YVuaX9oZxYgaiaGb21rZmlp/90BUwhr/f
10=4FAH8IA3wq/gQA/4Jtbf/cAU4MgWtN7P4GAP+Cb2oGDIFnyBQEGAMOBdQgCNsaBP6kAf+E
11=b2Z/b8pbEgP/zD0Sgmpp1k4Q3BkE/6QBiA7KKxIED4FnDAHJFASF//9oZmrVTQDdGAT/pA
12=GGEoJ/bP4OAP+Bbc08EIJqa9dMAP/CAWgWgWbNKxjBOwLJZRKFZm1sbW3d/AP+sAH//gYA
13=GMRCBM1PDiIAxT8KAf/ASgDzAgb+pAH/gmh/z04WgWtKEyf+wUcG3E8c/pIB/4DuAQAg/i
14=kA/4ZnZ39ra3/+DwD/gn9/UAgQCYNmb2v+GwD/MCT+uQH/iG9paP9qZ2hqzBsAhGZna2v+
15=CAD/g2tmaf4FAP/+BwAY/80BWwCBajG+g21//8psAoZof2tnbW9SI4Fqzi0AzzQA/rcB/4
16=J/ZwPnJeXKTgSCamz+AwB/gm1mRACDbm9o/9cBUgCC/28V3CIAgn9n/gsA/4FtBhOEf2xs
17=byX5g2xvf1QL0FgG/78BagSCbG5BxYVvam1/bv4IAP+GaWhnaWdvFAKHbmlqbn9mbddRCP
18=++AWoIgm1/E+MhxYNsaGgEBTnrhG1mf38F9ohpf2ttZm1/a2IY/80BWwRJ6gHdU8aDaGtq
19=AfORZmlmbGdubX9nf2ZqZml/f2fSTwj/wgFmCv4GAP8n+XHMg2hrbgP0iX9/Zn9obH9oZw
20=AKgW00E//TAVYMRgMcAnPOhW1pf2duC/+EbG5/bwIFg2Z/bkwHzFgO/8kBYhDKVhIB1sBA
21=AoVuf2dmaAQDhX9oaW5szDAC/tgB/2IAH/yCa3/AKASHb2lrbmZ/ZskzCP/gAVMU/gMA/4
22=JuZwX1g2tqbAn7hmloZmhsbP/rAUsWPhIH/4FsA/qDZm5owCoC/vIB/4JmbC3whWlmaGlv
23=zkwS/uMB/13vgmhuxE0C/rQB/4AQAAAg/j8E/4EZ//8LQAL+wQ//gDEAACD+Ngz//gMAf/
24=8ABDkK//0BNw7+BgB/IAr/+wFBEP/7ATYQ/wAENxT/AgI0EP7HA/+ABQAAIP4AIP+ABQAA
25=IP4AIP+ABQAAIP4AIP+ABQAAIP4AIP+ABQAAIP4AIP+ABQAAIP4AIP+ABQAAIP4AIP+ABQ
26=AAIP4AIP+ABQAAIP4AIP+ABQAAIP4AIP+ABQAAIP4AIP+ABQAAIP4AIP+ABQAAIP4AIP+A
27=BQAAIP4AIP+ABQAAIP4AIP+ABQAAIP4AIP+ABQAAIP4AIP+ABQAAIP4AIP+ABQAAIP4AIP
28=+ABQAAIP4AIP+ABQAAIP4AIP+ABQAAIP4AIP+ABQAAIP4AIP+ABQAAIP4AIP+ABQAAIP4A
29=IP+A

[SpecialFlags]
Inert=no
FogOfWar=no
IonStorms=no
MCVDeploy=no
Meteorites=no
Visceroids=yes
FixedAlliance=no
TiberiumGrows=yes
InitialVeteran=no
HarvesterImmune=no
TiberiumSpreads=yes
TiberiumExplosive=no
DestroyableBridges=yes

[Structures]
0=Neutral,CA0008,256,49,61,64,None,1,0,1,0,0,None,None,None,0,0
1=Neutral,CA0010,256,53,59,64,None,1,0,1,0,0,None,None,None,0,0
2=Neutral,CA0011,256,48,57,64,None,1,0,1,0,0,None,None,None,0,0
3=Neutral,CA0014,256,56,65,64,None,1,0,1,0,0,None,None,None,0,0
4=Neutral,CA0017,256,55,66,64,None,1,0,1,0,0,None,None,None,0,0
5=Neutral,CA0018,256,59,64,64,None,1,0,1,0,0,None,None,None,0,0
6=Neutral,CA0012,256,53,62,64,None,1,0,1,0,0,None,None,None,0,0
7=Neutral,CABHUT,256,81,67,64,None,1,0,1,0,0,None,None,None,0,0
8=Neutral,CABHUT,256,75,45,64,None,1,0,1,0,0,None,None,None,0,0
9=Neutral,CABHUT,256,45,52,64,None,1,0,1,0,0,None,None,None,0,0
10=Neutral,CABHUT,256,40,60,64,None,1,0,1,0,0,None,None,None,0,0
11=Neutral,CABHUT,256,65,79,64,None,1,0,1,0,0,None,None,None,0,0

[Tags]
01000001=0,Storm 1,01000000
01000003=2,Storm2 1,01000002

[TeamTypes]

[Terrain]
45068=TREE10
46059=TREE08
46077=TREE11
49060=TIBTRE01
50067=TREE09
52054=TREE04
53074=TIBTRE03
54042=TREE05
54052=TIBTRE02
54062=TREE17
54072=TREE07
57043=TIBTRE03
59062=TREE15
59080=TREE10
60056=TREE08
60075=TREE09
62046=TREE07
64066=TREE13
65074=TREE19
65077=TIBTRE02
66040=TREE06
66048=TIBTRE01
66071=TREE12
67062=TREE10
68056=TREE05
69080=TREE18
71042=TIBTRE02
71057=TIBTRE03
72066=TIBTRE01
75048=TREE16
75076=TREE05
76048=TREE17
77052=TREE07
78059=TREE10
78072=TREE04
79066=TREE11

[Triggers]
01000000=Neutral,<none>,Storm,0,1,1,1,0
01000002=Neutral,<none>,Storm2,0,1,1,1,0

[Waypoints]
0=96062
1=63023
2=37044
3=31071
4=64098
20=84063
21=62034
22=47047
23=40073
24=65086



[Digest]
1=wl9yP0/vXZgqAzZhjnpv5/v7P5s=

